02-14 14:04:33.447     0     0 I MSM-CPP cpp_init_hardware: 1133 CPP HW Version: 0x40030003
02-14 14:04:33.447     0     0 E MSM-CPP cpp_init_hardware: 1151 stream_cnt:0
02-14 14:04:33.458     0     0 I msm_cci_init: 1443: hw_version = 0x10020005
02-14 14:04:33.458     0     0 E         : ===> msm_camera_power_up out
02-14 14:04:33.458     0     0 E msm_sensor_match_id: read id: 0x487b expected id 0x487b:
02-14 14:04:33.458     0     0 I         : => msm_sensor_power_up out
02-14 14:04:33.458     0     0 E         : xyycam --- CFG_POWER_UP end
02-14 14:04:33.546     0     0 E         : msm_csid_irq CSID2_IRQ_STATUS_ADDR = 0x800
02-14 14:04:34.558     0     0 I         : [Esd]0x8040 = 0xFF, 0x8041 = 0xAA
02-14 14:04:34.677  2209  2987 I EyeProtectController: no face
02-14 14:04:35.106     0     0 W audit   : audit_lost=55 audit_rate_limit=5 audit_backlog_limit=64
02-14 14:04:35.106     0     0 E audit   : rate limit exceeded
02-14 14:04:35.226     0     0 E msm_isp_do_tasklet: VFE1 open cnt = 0, irq 80000000/0
02-14 14:04:35.246     0     0 E         : xyycam --- CFG_POWER_DOWN start
02-14 14:04:35.246     0     0 I         : => msm_sensor_power_down entry
02-14 14:04:35.246     0     0 E         : ===> msm_camera_power_down entry
02-14 14:04:35.257     0     0 E         : ===> msm_camera_power_down out
02-14 14:04:35.257     0     0 I         : => msm_sensor_power_down out
02-14 14:04:35.257     0     0 E         : xyycam --- CFG_POWER_DOWN end
02-14 14:04:35.266     0     0 I MSM-CPP cpp_release_hardware: 1214 cpp hw release done
02-14 14:04:35.280     0     0 I msm_pm_qos_update_request: update request -1
02-14 14:04:35.280     0     0 I msm_pm_qos_add_request: add request
02-14 14:04:36.119  1425  2617 I chatty  : uid=1000(system) android.fg expire 6 lines
02-14 14:04:36.125  1425  1425 I chatty  : uid=1000 system_server expire 22 lines
02-14 14:04:36.311  1425  1574 I chatty  : uid=1000(system) PackageManager expire 53 lines
02-14 14:04:36.558     0     0 I         : [Esd]0x8040 = 0xFF, 0x8041 = 0xAA
02-14 14:04:37.488  1425  5852 I chatty  : uid=1000(system) Binder:1425_F expire 1 line
--------- beginning of crash
02-14 14:04:46.461  9477  9477 E AndroidRuntime: FATAL EXCEPTION: main
02-14 14:04:46.461  9477  9477 E AndroidRuntime: Process: com.github.uiautomator, PID: 9477
02-14 14:04:46.461  9477  9477 E AndroidRuntime: java.lang.RuntimeException: Unable to start activity ComponentInfo{com.github.uiautomator/com.github.uiautomator.ToastActivity}: android.view.WindowManager$BadTokenException: Unable to add window android.view.ViewRootImpl$W@f445018 -- permission denied for window type 2038
02-14 14:04:46.461  9477  9477 E AndroidRuntime: 	at android.app.ActivityThread.performLaunchActivity(ActivityThread.java:3271)
02-14 14:04:46.461  9477  9477 E AndroidRuntime: 	at android.app.ActivityThread.handleLaunchActivity(ActivityThread.java:3410)
02-14 14:04:46.461  9477  9477 E AndroidRuntime: 	at android.app.servertransaction.LaunchActivityItem.execute(LaunchActivityItem.java:83)
02-14 14:04:46.461  9477  9477 E AndroidRuntime: 	at android.app.servertransaction.TransactionExecutor.executeCallbacks(TransactionExecutor.java:135)
02-14 14:04:46.461  9477  9477 E AndroidRuntime: 	at android.app.servertransaction.TransactionExecutor.execute(TransactionExecutor.java:95)
02-14 14:04:46.461  9477  9477 E AndroidRuntime: 	at android.app.ActivityThread$H.handleMessage(ActivityThread.java:2017)
02-14 14:04:46.461  9477  9477 E AndroidRuntime: 	at android.os.Handler.dispatchMessage(Handler.java:107)
02-14 14:04:46.461  9477  9477 E AndroidRuntime: 	at android.os.Looper.loop(Looper.java:214)
02-14 14:04:46.461  9477  9477 E AndroidRuntime: 	at android.app.ActivityThread.main(ActivityThread.java:7397)
02-14 14:04:46.461  9477  9477 E AndroidRuntime: 	at java.lang.reflect.Method.invoke(Native Method)
02-14 14:04:46.461  9477  9477 E AndroidRuntime: 	at com.android.internal.os.RuntimeInit$MethodAndArgsCaller.run(RuntimeInit.java:492)
02-14 14:04:46.461  9477  9477 E AndroidRuntime: 	at com.android.internal.os.ZygoteInit.main(ZygoteInit.java:935)
02-14 14:04:46.461  9477  9477 E AndroidRuntime: Caused by: android.view.WindowManager$BadTokenException: Unable to add window android.view.ViewRootImpl$W@f445018 -- permission denied for window type 2038
02-14 14:04:46.461  9477  9477 E AndroidRuntime: 	at android.view.ViewRootImpl.setView(ViewRootImpl.java:956)
02-14 14:04:46.461  9477  9477 E AndroidRuntime: 	at android.view.WindowManagerGlobal.addView(WindowManagerGlobal.java:387)
02-14 14:04:46.461  9477  9477 E AndroidRuntime: 	at android.view.WindowManagerImpl.addView(WindowManagerImpl.java:96)
02-14 14:04:46.461  9477  9477 E AndroidRuntime: 	at com.github.uiautomator.FloatView.show(FloatView.java:109)
02-14 14:04:46.461  9477  9477 E AndroidRuntime: 	at com.github.uiautomator.ToastActivity.onCreate(ToastActivity.java:30)
02-14 14:04:46.461  9477  9477 E AndroidRuntime: 	at android.app.Activity.performCreate(Activity.java:7832)
02-14 14:04:46.461  9477  9477 E AndroidRuntime: 	at android.app.Activity.performCreate(Activity.java:7821)
02-14 14:04:46.461  9477  9477 E AndroidRuntime: 	at android.app.Instrumentation.callActivityOnCreate(Instrumentation.java:1307)
02-14 14:04:46.461  9477  9477 E AndroidRuntime: 	at androidx.test.runner.MonitoringInstrumentation.callActivityOnCreate(MonitoringInstrumentation.java:711)
02-14 14:04:46.461  9477  9477 E AndroidRuntime: 	at android.app.ActivityThread.performLaunchActivity(ActivityThread.java:3246)
02-14 14:04:46.461  9477  9477 E AndroidRuntime: 	... 11 more
02-14 14:04:46.475  1425  9518 I chatty  : uid=1000 system_server expire 1 line
02-14 14:04:46.575  1425  2274 I chatty  : uid=1000(system) Binder:1425_6 expire 6 lines
02-14 14:04:49.607  1425  3102 I chatty  : uid=1000(system) LazyTaskWriterT expire 6 lines
02-14 14:05:00.007  2209  2209 I EyeProtectController: time tick
02-14 14:05:00.008  2209  2209 I EyeProtectController: screenWorkDurationInMillis = 31716
02-14 14:05:06.639     0     0 I chatty  : uid=0(root) logd identical 15 lines
02-14 14:05:08.638     0     0 I         : [Esd]0x8040 = 0xFF, 0x8041 = 0xAA
02-14 14:05:08.993     0     0 W healthd : battery l=100 v=4385 t=23.4 h=2 st=5 c=0 fc=7694000 cc=1 chg=u
02-14 14:05:10.641     0     0 I         : [Esd]0x8040 = 0xFF, 0x8041 = 0xAA
02-14 14:05:30.638     0     0 I chatty  : uid=0(root) logd identical 10 lines
02-14 14:05:31.914  1425  2429 I chatty  : uid=1000(system) Binder:1425_9 expire 5 lines
02-14 14:05:32.639     0     0 I         : [Esd]0x8040 = 0xFF, 0x8041 = 0xAA
02-14 14:05:33.152     0     0 W healthd : battery l=100 v=4385 t=23.5 h=2 st=5 c=-1 fc=7694000 cc=1 chg=u
02-14 14:05:34.638     0     0 I         : [Esd]0x8040 = 0xFF, 0x8041 = 0xAA
02-14 14:05:48.681  1425  1566 I chatty  : uid=1000(system) PowerManagerSer expire 12 lines
02-14 14:05:55.674  1425  1425 I chatty  : uid=1000 system_server expire 15 lines
02-14 14:05:52.639     0     0 I chatty  : uid=0(root) logd identical 9 lines
02-14 14:05:54.639     0     0 I         : [Esd]0x8040 = 0xFF, 0x8041 = 0xAA
02-14 14:05:56.194  1425  1556 I chatty  : uid=1000(system) batterystats-wo expire 5 lines
02-14 14:05:56.262  1425  1539 I chatty  : uid=1000(system) android.display expire 10 lines
02-14 14:05:56.435  1425  1538 I chatty  : uid=1000(system) android.io expire 9 lines
02-14 14:05:56.552     0     0 E         : gtp gtp_suspend end
02-14 14:05:56.552     0     0 I goodix-ts 3-005d: ESD off
02-14 14:05:56.559     0     0 I goodix-ts 3-005d: Enter sleep mode
02-14 14:05:56.628     0     0 E         : gtp gtp_suspend end
02-14 14:05:56.638  1425  1536 I chatty  : uid=1000(system) android.fg expire 10 lines
02-14 14:05:56.641     0     0 E hbtp    : hbtp->input_dev not ready!
02-14 14:05:56.793     0     0 I         : enter into es7210_mute, mute = 1
02-14 14:05:56.794     0     0 I event_handler: reclaimed all bufs
02-14 14:05:56.836  1425  1551 I chatty  : uid=1000(system) ActivityManager expire 13 lines
02-14 14:05:56.881  2209  2209 I EyeProtectController: screen off
02-14 14:06:00.773  2069  2069 V KeyguardStatusView: refresh statusview showing:true
02-14 14:06:09.005     0     0 W healthd : battery l=100 v=4385 t=23.6 h=2 st=5 c=0 fc=7694000 cc=1 chg=u
02-14 14:06:38.174     0     0 I chatty  : uid=0(root) logd identical 1 line
02-14 14:07:08.992     0     0 W healthd : battery l=100 v=4385 t=23.6 h=2 st=5 c=0 fc=7694000 cc=1 chg=u
02-14 14:07:41.905     0     0 I PMIC input: code=116, sts=0x1
02-14 14:07:41.911  1425  1752 I chatty  : uid=1000(system) InputReader expire 2 lines
02-14 14:07:41.969     0     0 E hbtp    : hbtp->input_dev not ready!
02-14 14:07:42.093  2209  2209 I EyeProtectController: screen on
02-14 14:07:42.111     0     0 I PMIC input: code=116, sts=0x0
02-14 14:07:42.118     0     0 E msm_adsp_init_mixer_ctl_pp_event_queue: kctl_prtd is not NULL at initialization.
02-14 14:07:42.118     0     0 I         : msm8952_quat_mi2s_tx_be_hw_params_fixup()
02-14 14:07:42.122     0     0 E         : send_afe_cal_type cal_block not found!!
02-14 14:07:42.132     0     0 I         : enter into es7210_mute, mute = 0
02-14 14:07:42.137     0     0 E q6asm_send_cal: cal_block is NULL or stale
02-14 14:07:42.298     0     0 E         : gtp gtp_resume start
02-14 14:07:42.298     0     0 I goodix-ts 3-005d: Try resume from sleep mode
02-14 14:07:42.338     0     0 I goodix-ts 3-005d: ESD on
02-14 14:07:42.339     0     0 E         : gtp gtp_resume end
02-14 14:07:42.360  1425  1566 I chatty  : uid=1000(system) PowerManagerSer expire 11 lines
02-14 14:07:42.387  1425  3152 I chatty  : uid=1000(system) Binder:1425_B expire 2 lines
02-14 14:07:43.919     0     0 E kgsl-3d0: |counter_delta| Abnormal value:0x37b2951 (0x3807d8f) from perf counter : 0x3b0
02-14 14:07:44.398     0     0 I         : [Esd]0x8040 = 0xFF, 0x8041 = 0xAA
02-14 14:07:45.234  1425  4907 I chatty  : uid=1000(system) Binder:1425_E expire 4 lines
02-14 14:07:45.774    14    14 E         : [14:07:45.767021] [0000003B2DF8ED09] [VosMC]  wlan: [E :SME] csr_check_sae_auth: 3799: negotiated auth type is 255
02-14 14:07:45.776    14    14 E         : [14:07:45.768787] [0000003B2DF97189] [VosMC]  wlan: [E :SME] csr_check_sae_auth: 3799: negotiated auth type is 255
02-14 14:05:31.912  3402  3873 D TelephonyManager: getCellLocation returning null because telephony is null
02-14 14:07:45.837  3402  3873 D TelephonyManager: getCellLocation returning null because telephony is null
02-14 14:07:45.839  1425  9519 I chatty  : uid=1000(system) Binder:1425_11 expire 2 lines
02-14 14:07:46.399     0     0 I         : [Esd]0x8040 = 0xFF, 0x8041 = 0xAA
02-14 14:08:00.008  2209  2209 I EyeProtectController: time tick
02-14 14:08:00.009  2209  2209 I EyeProtectController: screenWorkDurationInMillis = 17916
02-14 14:08:06.559     0     0 I chatty  : uid=0(root) logd identical 10 lines
02-14 14:08:08.559     0     0 I         : [Esd]0x8040 = 0xFF, 0x8041 = 0xAA
02-14 14:08:08.991     0     0 W healthd : battery l=100 v=4386 t=23.7 h=2 st=5 c=6 fc=7694000 cc=1 chg=u
02-14 14:08:10.559     0     0 I         : [Esd]0x8040 = 0xFF, 0x8041 = 0xAA
02-14 14:08:42.559     0     0 I chatty  : uid=0(root) logd identical 16 lines
02-14 14:08:44.559     0     0 I         : [Esd]0x8040 = 0xFF, 0x8041 = 0xAA
02-14 14:08:45.664     0     0 W healthd : battery l=100 v=4381 t=23.9 h=2 st=5 c=-61 fc=7694000 cc=1 chg=u
02-14 14:08:45.758    14    14 E         : [14:08:45.750674] [0000003B729E4316] [VosMC]  wlan: [E :SME] csr_check_sae_auth: 3799: negotiated auth type is 255
02-14 14:08:46.559     0     0 I         : [Esd]0x8040 = 0xFF, 0x8041 = 0xAA
02-14 14:08:48.558     0     0 I         : [Esd]0x8040 = 0xFF, 0x8041 = 0xAA
02-14 14:08:48.560     0     0 E QG-K    : qg_scale_soc: SOC scale: Start msoc=100 catch_up_soc=100 delta_soc=1
02-14 14:08:50.559     0     0 I         : [Esd]0x8040 = 0xFF, 0x8041 = 0xAA
02-14 14:08:52.559     0     0 I         : [Esd]0x8040 = 0xFF, 0x8041 = 0xAA
02-14 14:08:53.800     0     0 E         : gtp gtp_suspend end
02-14 14:08:53.800     0     0 I goodix-ts 3-005d: ESD off
02-14 14:08:53.807     0     0 I goodix-ts 3-005d: Enter sleep mode
02-14 14:08:53.868     0     0 E         : gtp gtp_suspend end
02-14 14:08:53.880     0     0 E hbtp    : hbtp->input_dev not ready!
02-14 14:08:54.029     0     0 I         : enter into es7210_mute, mute = 1
02-14 14:08:54.030     0     0 I event_handler: reclaimed all bufs
02-14 14:08:54.121  2209  2209 I EyeProtectController: screen off
02-14 14:08:58.029  2069  2069 V KeyguardStatusView: refresh statusview showing:true
02-14 14:09:09.005     0     0 W healthd : battery l=100 v=4384 t=23.9 h=2 st=5 c=0 fc=7694000 cc=1 chg=u
02-14 14:09:50.654     0     0 W healthd : battery l=100 v=4385 t=23.9 h=2 st=5 c=0 fc=7694000 cc=1 chg=u
02-14 14:10:08.992     0     0 W healthd : battery l=100 v=4385 t=23.9 h=2 st=5 c=0 fc=7694000 cc=1 chg=u
02-14 14:10:39.390     0     0 I PMIC input: code=116, sts=0x1
02-14 14:10:39.397  1425  1425 I chatty  : uid=1000 system_server expire 10 lines
02-14 14:10:39.403  1425  1566 I chatty  : uid=1000(system) PowerManagerSer expire 7 lines
02-14 14:10:39.422     0     0 E hbtp    : hbtp->input_dev not ready!
02-14 14:10:39.429     0     0 I PMIC input: code=116, sts=0x0
02-14 14:10:39.763     0     0 E         : gtp gtp_resume start
02-14 14:10:39.763     0     0 I goodix-ts 3-005d: Try resume from sleep mode
02-14 14:10:39.810     0     0 I goodix-ts 3-005d: ESD on
02-14 14:10:39.810     0     0 E         : gtp gtp_resume end
02-14 14:10:39.982  2209  2209 I EyeProtectController: screen on
02-14 14:10:40.003     0     0 E msm_adsp_init_mixer_ctl_pp_event_queue: kctl_prtd is not NULL at initialization.
02-14 14:10:40.003     0     0 I         : msm8952_quat_mi2s_tx_be_hw_params_fixup()
02-14 14:10:40.007     0     0 E         : send_afe_cal_type cal_block not found!!
02-14 14:10:40.021     0     0 I         : enter into es7210_mute, mute = 0
02-14 14:10:40.026     0     0 E q6asm_send_cal: cal_block is NULL or stale
02-14 14:10:41.838     0     0 I         : [Esd]0x8040 = 0xFF, 0x8041 = 0xAA
02-14 14:10:43.695    14    14 E         : [14:10:43.687424] [0000003BF9960B42] [VosMC]  wlan: [E :SME] csr_check_sae_auth: 3799: negotiated auth type is 255
02-14 14:10:43.696    14    14 E         : [14:10:43.688824] [0000003BF996743A] [VosMC]  wlan: [E :SME] csr_check_sae_auth: 3799: negotiated auth type is 255
02-14 14:08:45.795  3402  3873 D TelephonyManager: getCellLocation returning null because telephony is null
02-14 14:10:43.730  3402  3873 D TelephonyManager: getCellLocation returning null because telephony is null
02-14 14:10:43.839     0     0 I         : [Esd]0x8040 = 0xFF, 0x8041 = 0xAA
02-14 14:10:45.063     0     0 I msm_pm_qos_update_request: update request 100
02-14 14:10:45.068     0     0 I msm_pm_qos_add_request: add request
02-14 14:10:45.068     0     0 I msm_csid_init: CSID_VERSION = 0x30050001
02-14 14:10:45.071     0     0 E         : msm_csid_irq CSID2_IRQ_STATUS_ADDR = 0x800
02-14 14:10:45.076     0     0 I MSM-CPP cpp_init_hardware: 1133 CPP HW Version: 0x40030003
02-14 14:10:45.076     0     0 E MSM-CPP cpp_init_hardware: 1151 stream_cnt:0
02-14 14:10:45.079     0     0 E         : xyycam --- CFG_POWER_UP start
02-14 14:10:45.079     0     0 I         : => msm_sensor_power_up entry
02-14 14:10:45.079     0     0 E         : ===> msm_camera_power_up entry
02-14 14:10:45.091     0     0 I msm_cci_init: 1443: hw_version = 0x10020005
02-14 14:10:45.092     0     0 E         : ===> msm_camera_power_up out
02-14 14:10:45.092     0     0 E msm_sensor_match_id: read id: 0x487b expected id 0x487b:
02-14 14:10:45.092     0     0 I         : => msm_sensor_power_up out
02-14 14:10:45.092     0     0 E         : xyycam --- CFG_POWER_UP end
02-14 14:10:45.105     0     0 W audit   : audit_lost=58 audit_rate_limit=5 audit_backlog_limit=64
02-14 14:10:45.105     0     0 E audit   : rate limit exceeded
02-14 14:10:45.181     0     0 E         : msm_csid_irq CSID2_IRQ_STATUS_ADDR = 0x800
02-14 14:10:45.838     0     0 I         : [Esd]0x8040 = 0xFF, 0x8041 = 0xAA
02-14 14:10:45.909  2209  2987 I EyeProtectController: yaw = 2.2555585, pitch = 43.30137, roll = 15.659151
02-14 14:10:46.042  2209  2987 I EyeProtectController: no face
02-14 14:10:46.582     0     0 E         : xyycam --- CFG_POWER_DOWN start
02-14 14:10:46.582     0     0 I         : => msm_sensor_power_down entry
02-14 14:10:46.582     0     0 E         : ===> msm_camera_power_down entry
02-14 14:10:46.586     0     0 I MSM-CPP cpp_release_hardware: 1214 cpp hw release done
02-14 14:10:46.593     0     0 E         : ===> msm_camera_power_down out
02-14 14:10:46.593     0     0 I         : => msm_sensor_power_down out
02-14 14:10:46.593     0     0 E         : xyycam --- CFG_POWER_DOWN end
02-14 14:10:46.601     0     0 I msm_pm_qos_update_request: update request -1
02-14 14:10:46.601     0     0 I msm_pm_qos_add_request: add request
02-14 14:10:47.839     0     0 I         : [Esd]0x8040 = 0xFF, 0x8041 = 0xAA
02-14 14:10:49.839     0     0 I         : [Esd]0x8040 = 0xFF, 0x8041 = 0xAA
02-14 14:10:51.687     0     0 I msm_pm_qos_update_request: update request 100
02-14 14:10:51.702     0     0 I msm_pm_qos_add_request: add request
02-14 14:10:51.703     0     0 I msm_csid_init: CSID_VERSION = 0x30050001
02-14 14:10:51.704     0     0 E         : msm_csid_irq CSID2_IRQ_STATUS_ADDR = 0x800
02-14 14:10:51.704     0     0 I MSM-CPP cpp_init_hardware: 1133 CPP HW Version: 0x40030003
02-14 14:10:51.704     0     0 E MSM-CPP cpp_init_hardware: 1151 stream_cnt:0
02-14 14:10:51.712     0     0 E         : xyycam --- CFG_POWER_UP start
02-14 14:10:51.712     0     0 I         : => msm_sensor_power_up entry
02-14 14:10:51.712     0     0 E         : ===> msm_camera_power_up entry
02-14 14:10:51.759     0     0 I msm_cci_init: 1443: hw_version = 0x10020005
02-14 14:10:51.759     0     0 E         : ===> msm_camera_power_up out
02-14 14:10:51.759     0     0 E msm_sensor_match_id: read id: 0x487b expected id 0x487b:
02-14 14:10:51.760     0     0 I         : => msm_sensor_power_up out
02-14 14:10:51.760     0     0 E         : xyycam --- CFG_POWER_UP end
02-14 14:10:51.819     0     0 E         : msm_csid_irq CSID2_IRQ_STATUS_ADDR = 0x800
02-14 14:10:51.838     0     0 I         : [Esd]0x8040 = 0xFF, 0x8041 = 0xAA
02-14 14:10:52.635  2209  2987 I EyeProtectController: yaw = 12.117087, pitch = 48.416595, roll = -7.628207
02-14 14:10:52.791  2209  2987 I EyeProtectController: yaw = 8.546363, pitch = 45.67625, roll = -0.9961309
02-14 14:10:52.916  2209  2987 I EyeProtectController: yaw = 9.931376, pitch = 41.796867, roll = 3.9580238
02-14 14:10:53.042  2209  2987 I EyeProtectController: yaw = 11.684784, pitch = 51.01506, roll = 0.8847032
02-14 14:10:53.128  2209  2987 I EyeProtectController: no face
02-14 14:10:53.610     0     0 E msm_isp_do_tasklet: VFE1 open cnt = 0, irq 80000000/0
02-14 14:10:53.625     0     0 E         : xyycam --- CFG_POWER_DOWN start
02-14 14:10:53.625     0     0 I         : => msm_sensor_power_down entry
02-14 14:10:53.625     0     0 E         : ===> msm_camera_power_down entry
02-14 14:10:53.636     0     0 E         : ===> msm_camera_power_down out
02-14 14:10:53.636     0     0 I         : => msm_sensor_power_down out
02-14 14:10:53.636     0     0 E         : xyycam --- CFG_POWER_DOWN end
02-14 14:10:53.643     0     0 I MSM-CPP cpp_release_hardware: 1214 cpp hw release done
02-14 14:10:53.645     0     0 I msm_pm_qos_update_request: update request -1
02-14 14:10:53.645     0     0 I msm_pm_qos_add_request: add request
02-14 14:10:53.839     0     0 I         : [Esd]0x8040 = 0xFF, 0x8041 = 0xAA
02-14 14:10:55.736     0     0 W healthd : battery l=100 v=4384 t=23.9 h=2 st=5 c=0 fc=7694000 cc=1 chg=u
02-14 14:10:55.838     0     0 I         : [Esd]0x8040 = 0xFF, 0x8041 = 0xAA
02-14 14:10:56.210  1425  1536 I chatty  : uid=1000(system) android.fg expire 4 lines
02-14 14:10:57.840     0     0 I         : [Esd]0x8040 = 0xFF, 0x8041 = 0xAA
02-14 14:10:58.801     0     0 I msm_pm_qos_update_request: update request 100
02-14 14:10:58.806     0     0 I msm_pm_qos_add_request: add request
02-14 14:10:58.806     0     0 I msm_csid_init: CSID_VERSION = 0x30050001
02-14 14:10:58.806     0     0 E         : msm_csid_irq CSID2_IRQ_STATUS_ADDR = 0x800
02-14 14:10:58.814     0     0 I MSM-CPP cpp_init_hardware: 1133 CPP HW Version: 0x40030003
02-14 14:10:58.814     0     0 E MSM-CPP cpp_init_hardware: 1151 stream_cnt:0
02-14 14:10:58.885     0     0 E         : xyycam --- CFG_POWER_UP start
02-14 14:10:58.885     0     0 I         : => msm_sensor_power_up entry
02-14 14:10:58.885     0     0 E         : ===> msm_camera_power_up entry
02-14 14:10:58.904     0     0 I msm_cci_init: 1443: hw_version = 0x10020005
02-14 14:10:58.904     0     0 E         : ===> msm_camera_power_up out
02-14 14:10:58.905     0     0 E msm_sensor_match_id: read id: 0x487b expected id 0x487b:
02-14 14:10:58.908     0     0 I         : => msm_sensor_power_up out
02-14 14:10:58.908     0     0 E         : xyycam --- CFG_POWER_UP end
02-14 14:10:58.997     0     0 E         : msm_csid_irq CSID2_IRQ_STATUS_ADDR = 0x800
02-14 14:10:59.562  2209  2987 I EyeProtectController: yaw = -50.637268, pitch = 64.78627, roll = 47.095215
02-14 14:10:59.562  2209  2987 I EyeProtectController: toward not match
02-14 14:10:59.800     0     0 E         : xyycam --- CFG_POWER_DOWN start
02-14 14:10:59.800     0     0 I         : => msm_sensor_power_down entry
02-14 14:10:59.800     0     0 E         : ===> msm_camera_power_down entry
02-14 14:10:59.805     0     0 I MSM-CPP cpp_release_hardware: 1214 cpp hw release done
02-14 14:10:59.810     0     0 E         : ===> msm_camera_power_down out
02-14 14:10:59.810     0     0 I         : => msm_sensor_power_down out
02-14 14:10:59.810     0     0 E         : xyycam --- CFG_POWER_DOWN end
02-14 14:10:59.822     0     0 I msm_pm_qos_update_request: update request -1
02-14 14:10:59.822     0     0 I msm_pm_qos_add_request: add request
02-14 14:10:59.839     0     0 I         : [Esd]0x8040 = 0xFF, 0x8041 = 0xAA
02-14 14:11:00.009  2209  2209 I EyeProtectController: time tick
02-14 14:11:00.009  2209  2209 I EyeProtectController: screenWorkDurationInMillis = 20027
02-14 14:11:05.918     0     0 I chatty  : uid=0(root) logd identical 3 lines
02-14 14:11:07.919     0     0 I         : [Esd]0x8040 = 0xFF, 0x8041 = 0xAA
02-14 14:11:08.991     0     0 W healthd : battery l=100 v=4375 t=24.0 h=2 st=5 c=-31 fc=7694000 cc=1 chg=u
02-14 14:11:09.918     0     0 I         : [Esd]0x8040 = 0xFF, 0x8041 = 0xAA
02-14 14:11:25.919     0     0 I chatty  : uid=0(root) logd identical 8 lines
02-14 14:11:27.919     0     0 I         : [Esd]0x8040 = 0xFF, 0x8041 = 0xAA
02-14 14:11:28.581    14    14 E         : [14:11:28.573444] [0000003C2CF43EC5] [VosMC]  wlan: [E :PE ] limSendSmeCandidateFoundInd: 2977: posting candidate ind to SME
02-14 14:11:28.582    14    14 E         : [14:11:28.574617] [0000003C2CF496B4] [VosMC]  wlan: [E :SME] csr_check_sae_auth: 3799: negotiated auth type is 255
02-14 14:11:28.598    14    14 E         : [14:11:28.590689] [0000003C2CF94C31] [VosMC]  wlan: [E :SME] csr_check_sae_auth: 3799: negotiated auth type is 255
02-14 14:11:28.627    14    14 E         : [14:11:28.619615] [0000003C2D01C58F] [VosMC]  wlan: [E :PE ] limFTInit: Setting psavedsessionEntry= 0000000000000000 to NULL
02-14 14:11:28.627    14    14 E         : [14:11:28.619746] [0000003C2D01CF5E] [VosMC]  wlan: [E :PE ] limFTInit: Deleting session = 0000000000000000
02-14 14:11:28.648    14    14 E         : [14:11:28.640344] [0000003C2D07D83B] [VosMC]  wlan: [E :PE ] Switching channel to 36
02-14 14:11:28.675    14    14 E         : [14:11:28.667706] [0000003C2D0FDC64] [VosMC]  wlan: [E :PE ] limProcessSwitchChannelRsp: 4153: channelChangeReasonCode 2 status 0
02-14 14:11:28.678    14    14 E         : [14:11:28.670724] [0000003C2D10BEBC] [VosMC]  wlan: [E :PE ] Switching channel to 157
02-14 14:11:28.712    14    14 E         : [14:11:28.704525] [0000003C2D1AA5C4] [VosMC]  wlan: [E :PE ] limProcessSwitchChannelRsp: 4153: channelChangeReasonCode 2 status 0
02-14 14:11:28.810    14    14 E         : [14:11:28.803038] [0000003C2D378253] [VosMC]  wlan: [E :SME] csr_check_sae_auth: 3799: negotiated auth type is 255
02-14 14:11:28.813    14    14 E         : [14:11:28.805765] [0000003C2D384EC9] [VosMC]  wlan: [E :SME] csr_check_sae_auth: 3799: negotiated auth type is 255
02-14 14:11:28.898    14    14 E         : [14:11:28.890821] [0000003C2D5139F7] [VosMC]  wlan: [E :HDD] 00:0a:f5:02:20:28 connected to f4:92:bf:aa:6d:76
02-14 14:11:28.898    14    14 E         : [14:11:28.890943] [0000003C2D514328] [VosMC]  wlan: [E :HDD] hdd_SendUpdateBeaconIEsEvent: pCsrRoamInfo->nBeaconFrameLength = 0
02-14 14:11:28.911    14    14 E         : [14:11:28.903200] [0000003C2D54DA70] [VosMC]  wlan: [E :HDD] wlan(36) f4:92:bf:aa:6d:76 Standalone
02-14 14:11:28.925   904   904 E wificond: Failed to get NL80211_STA_INFO_TX_PACKETS
02-14 14:11:29.173  1425  1968 I chatty  : uid=1000(system) ConnectivitySer expire 6 lines
02-14 14:11:29.195    14    14 E         : [14:11:29.187580] [0000003C2DA82AE2] [VosMC]  wlan: [E :SME] csr_check_sae_auth: 3799: negotiated auth type is 255
02-14 14:11:29.919     0     0 I         : [Esd]0x8040 = 0xFF, 0x8041 = 0xAA
02-14 14:11:37.918     0     0 I chatty  : uid=0(root) logd identical 4 lines
02-14 14:11:39.930     0     0 I         : [Esd]0x8040 = 0xFF, 0x8041 = 0xAA
02-14 14:11:40.273  1425  2274 I chatty  : uid=1000(system) Binder:1425_6 expire 2 lines
02-14 14:11:40.441  7735  9989 E ActivityThread: Failed to find provider info for com.qti.smq.Feedback.provider
02-14 14:11:40.822     0     0 W audit   : audit_lost=59 audit_rate_limit=5 audit_backlog_limit=64
02-14 14:11:40.823     0     0 E audit   : rate limit exceeded
02-14 14:11:41.898     0     0 W audit   : audit_lost=63 audit_rate_limit=5 audit_backlog_limit=64
02-14 14:11:41.898     0     0 E audit   : rate limit exceeded
02-14 14:11:41.998     0     0 I         : [Esd]0x8040 = 0xFF, 0x8041 = 0xAA
02-14 14:11:42.919     0     0 I sdcardfs: removing com.github.uiautomator
02-14 14:11:42.922     0     0 I binder  : undelivered transaction 501020, process died.
02-14 14:11:42.922     0     0 I binder  : undelivered transaction 501011, process died.
02-14 14:11:43.037  1425  1574 I chatty  : uid=1000(system) PackageManager expire 31 lines
02-14 14:11:43.073  1425  5852 I chatty  : uid=1000(system) Binder:1425_F expire 1 line
02-14 14:11:43.109  1425  1425 I chatty  : uid=1000 system_server expire 14 lines
02-14 14:11:43.139  1425  1537 I chatty  : uid=1000(system) android.ui expire 6 lines
02-14 14:11:43.252     0     0 I binder  : undelivered transaction 501341, process died.
02-14 14:11:43.319  1425  2617 I chatty  : uid=1000(system) android.fg expire 4 lines
02-14 14:11:43.428  1425  1552 I chatty  : uid=1000(system) ActivityManager expire 4 lines
02-14 14:11:43.450  1425  1550 I chatty  : uid=1000(system) android.bg expire 4 lines
02-14 14:11:43.485    14    14 E         : [14:11:43.478114] [0000003C3E02D8EF] [VosMC]  wlan: [E :SME] csr_check_sae_auth: 3799: negotiated auth type is 255
02-14 14:11:43.486    14    14 E         : [14:11:43.478578] [0000003C3E02FBC7] [VosMC]  wlan: [E :SME] csr_check_sae_auth: 3799: negotiated auth type is 255
02-14 14:11:43.498    14    14 E         : [14:11:43.490676] [0000003C3E068735] [VosMC]  wlan: [E :SME] csr_check_sae_auth: 3799: negotiated auth type is 255
02-14 14:11:43.613  1425 10014 I chatty  : uid=1000(system) Binder:1425_12 expire 1 line
02-14 14:11:44.001     0     0 I         : [Esd]0x8040 = 0xFF, 0x8041 = 0xAA
02-14 14:11:44.322  1425  7836 I chatty  : uid=1000(system) Binder:1425_10 expire 9 lines
02-14 14:11:44.331 10073 10088 F libc    : FORTIFY: pthread_mutex_lock called on a destroyed mutex (0x77bdf79000)
02-14 14:11:44.331 10073 10088 F libc    : Fatal signal 6 (SIGABRT), code -1 (SI_QUEUE) in tid 10088 (Binder:10073_2), pid 10073 (main)
02-14 14:11:44.404  1425 10009 I chatty  : uid=1000 system_server expire 1 line
02-14 14:11:44.412     0     0 I binder  : release 10073:10088 transaction 506485 in, still active
02-14 14:11:44.412     0     0 I binder  : send failed reply for transaction 506485 to 1425:10009
02-14 14:11:44.446     0     0 I init    : Untracked pid 10092 exited with status 0
02-14 14:11:44.447     0     0 I init    : Untracked pid 10093 exited with status 1
02-14 14:11:45.999     0     0 I         : [Esd]0x8040 = 0xFF, 0x8041 = 0xAA
02-14 14:11:47.999     0     0 I chatty  : uid=0(root) logd identical 1 line
02-14 14:11:49.999     0     0 I         : [Esd]0x8040 = 0xFF, 0x8041 = 0xAA
02-14 14:11:50.078     0     0 E QG-K    : qg_scale_soc: SOC scale: Start msoc=100 catch_up_soc=100 delta_soc=1
02-14 14:11:51.998     0     0 I         : [Esd]0x8040 = 0xFF, 0x8041 = 0xAA
02-14 14:11:57.998     0     0 I chatty  : uid=0(root) logd identical 3 lines
02-14 14:11:58.494  1425  2420 I chatty  : uid=1000(system) Binder:1425_7 expire 2 lines
02-14 14:11:59.999     0     0 I         : [Esd]0x8040 = 0xFF, 0x8041 = 0xAA
02-14 14:12:00.011  2209  2209 I EyeProtectController: time tick
02-14 14:12:00.011  2209  2209 I EyeProtectController: screenWorkDurationInMillis = 80029
02-14 14:12:00.739     0     0 W healthd : battery l=100 v=4378 t=24.2 h=2 st=5 c=-28 fc=7694000 cc=1 chg=u
02-14 14:12:01.999     0     0 I         : [Esd]0x8040 = 0xFF, 0x8041 = 0xAA
02-14 14:12:05.999     0     0 I chatty  : uid=0(root) logd identical 2 lines
02-14 14:12:08.009     0     0 I         : [Esd]0x8040 = 0xFF, 0x8041 = 0xAA
02-14 14:12:08.991     0     0 W healthd : battery l=100 v=4380 t=24.3 h=2 st=5 c=-38 fc=7694000 cc=1 chg=u
02-14 14:12:10.079     0     0 I         : [Esd]0x8040 = 0xFF, 0x8041 = 0xAA
02-14 14:12:50.079     0     0 I chatty  : uid=0(root) logd identical 20 lines
02-14 14:12:52.079     0     0 I         : [Esd]0x8040 = 0xFF, 0x8041 = 0xAA
02-14 14:12:53.690     0     0 E QG-K    : qg_scale_soc: SOC scale: Start msoc=100 catch_up_soc=100 delta_soc=1
02-14 14:12:54.079     0     0 I         : [Esd]0x8040 = 0xFF, 0x8041 = 0xAA
02-14 14:12:56.079     0     0 I         : [Esd]0x8040 = 0xFF, 0x8041 = 0xAA
02-14 14:12:57.656     0     0 W audit   : audit_lost=68 audit_rate_limit=5 audit_backlog_limit=64
02-14 14:12:57.656     0     0 E audit   : rate limit exceeded
02-14 14:12:58.080     0     0 I         : [Esd]0x8040 = 0xFF, 0x8041 = 0xAA
02-14 14:12:59.271   480  2737 D vold    : Remounting 10114 as mode default
02-14 14:12:59.394  1425  1551 I chatty  : uid=1000(system) ActivityManager expire 5 lines
02-14 14:12:59.516  1425  2772 I chatty  : uid=1000(system) Binder:1425_A expire 1 line
02-14 14:12:59.993     0     0 W audit   : audit_lost=69 audit_rate_limit=5 audit_backlog_limit=64
02-14 14:12:59.993     0     0 E audit   : rate limit exceeded
02-14 14:13:00.003  2209  2209 I EyeProtectController: time tick
02-14 14:13:00.003  2209  2209 I EyeProtectController: screenWorkDurationInMillis = 140021
02-14 14:13:00.078     0     0 I         : [Esd]0x8040 = 0xFF, 0x8041 = 0xAA
02-14 14:13:00.118  1425  2237 I chatty  : uid=1000(system) Binder:1425_5 expire 1 line
02-14 14:13:00.214  1425  1425 I chatty  : uid=1000 system_server expire 6 lines
02-14 14:13:00.417  1425  2068 I chatty  : uid=1000(system) Binder:1425_4 expire 1 line
02-14 14:13:02.080     0     0 I         : [Esd]0x8040 = 0xFF, 0x8041 = 0xAA
02-14 14:13:02.182     0     0 I binder  : 1425:1425 transaction failed 29189/-22, size 84-0 line 3136
02-14 14:13:03.144     0     0 W audit   : audit_lost=70 audit_rate_limit=5 audit_backlog_limit=64
02-14 14:13:03.144     0     0 E audit   : rate limit exceeded
02-14 14:13:03.468    14    14 E         : [14:13:03.460606] [0000003C998B37FA] [VosMC]  wlan: [E :SME] csr_check_sae_auth: 3799: negotiated auth type is 255
02-14 14:13:03.469    14    14 E         : [14:13:03.461483] [0000003C998B79B2] [VosMC]  wlan: [E :SME] csr_check_sae_auth: 3799: negotiated auth type is 255
02-14 14:11:43.611  3402  3873 D TelephonyManager: getCellLocation returning null because telephony is null
02-14 14:13:03.509  3402  3873 D TelephonyManager: getCellLocation returning null because telephony is null
02-14 14:13:03.511  1425  1455 I chatty  : uid=1000(system) Binder:1425_1 expire 1 line
02-14 14:13:04.078     0     0 I         : [Esd]0x8040 = 0xFF, 0x8041 = 0xAA
02-14 14:13:04.734    14    14 E         : [14:13:04.726564] [0000003C9AFE1AC1] [VosMC]  wlan: [E :PE ] limSendSmeCandidateFoundInd: 2977: posting candidate ind to SME
02-14 14:13:04.735    14    14 E         : [14:13:04.727880] [0000003C9AFE7D78] [VosMC]  wlan: [E :SME] csr_check_sae_auth: 3799: negotiated auth type is 255
02-14 14:13:04.751    14    14 E         : [14:13:04.743284] [0000003C9B0300BB] [VosMC]  wlan: [E :SME] csr_check_sae_auth: 3799: negotiated auth type is 255
02-14 14:13:04.777    14    14 E         : [14:13:04.769968] [0000003C9B0AD1FC] [VosMC]  wlan: [E :PE ] limFTInit: Setting psavedsessionEntry= 0000000000000000 to NULL
02-14 14:13:04.777    14    14 E         : [14:13:04.770140] [0000003C9B0ADEE4] [VosMC]  wlan: [E :PE ] limFTInit: Deleting session = 0000000000000000
02-14 14:13:04.798    14    14 E         : [14:13:04.790471] [0000003C9B10D3BD] [VosMC]  wlan: [E :PE ] Switching channel to 157
02-14 14:13:04.827    14    14 E         : [14:13:04.819832] [0000003C9B196DD3] [VosMC]  wlan: [E :PE ] limProcessSwitchChannelRsp: 4153: channelChangeReasonCode 2 status 0
02-14 14:13:04.831    14    14 E         : [14:13:04.823654] [0000003C9B1A8C7B] [VosMC]  wlan: [E :PE ] Switching channel to 36
02-14 14:13:04.854  1425 10257 I chatty  : uid=1000(system) Binder:1425_13 expire 1 line
02-14 14:13:04.864    14    14 E         : [14:13:04.857066] [0000003C9B24565F] [VosMC]  wlan: [E :PE ] limProcessSwitchChannelRsp: 4153: channelChangeReasonCode 2 status 0
02-14 14:13:04.968    14    14 E         : [14:13:04.960395] [0000003C9B429C2F] [VosMC]  wlan: [E :SME] csr_check_sae_auth: 3799: negotiated auth type is 255
02-14 14:13:04.971    14    14 E         : [14:13:04.963815] [0000003C9B439C85] [VosMC]  wlan: [E :SME] csr_check_sae_auth: 3799: negotiated auth type is 255
02-14 14:13:05.062    14    14 E         : [14:13:05.054751] [0000003C9B5E40C7] [VosMC]  wlan: [E :HDD] 00:0a:f5:02:20:28 connected to f4:92:bf:a8:da:f6
02-14 14:13:05.062    14    14 E         : [14:13:05.054865] [0000003C9B5E4953] [VosMC]  wlan: [E :HDD] hdd_SendUpdateBeaconIEsEvent: pCsrRoamInfo->nBeaconFrameLength = 0
02-14 14:13:05.073    14    14 E         : [14:13:05.065253] [0000003C9B615470] [VosMC]  wlan: [E :HDD] wlan(157) f4:92:bf:a8:da:f6 Standalone
02-14 14:13:05.746     0     0 W healthd : battery l=100 v=4371 t=24.5 h=2 st=5 c=-104 fc=7694000 cc=1 chg=u
02-14 14:13:06.078     0     0 I         : [Esd]0x8040 = 0xFF, 0x8041 = 0xAA
02-14 14:13:06.756   904   904 E wificond: Failed to get NL80211_STA_INFO_TX_PACKETS
02-14 14:13:08.089     0     0 I         : [Esd]0x8040 = 0xFF, 0x8041 = 0xAA
02-14 14:13:08.992     0     0 W healthd : battery l=100 v=4374 t=24.5 h=2 st=5 c=-96 fc=7694000 cc=1 chg=u
02-14 14:13:09.145    14    14 E         : [14:13:09.137361] [0000003CA00A5488] [VosMC]  wlan: [E :PE ] limProcessDeauthFrame: 148: Received Deauth frame for Addr: 00:0a:f5:02:20:28 (mlm state = eLIM_MLM_LINK_ESTABLISHED_STATE, sme state = 12 systemrole  = 3) with reason code 2 from f4:92:bf:a8:da:f6
02-14 14:13:09.148    14    14 E         : [14:13:09.140436] [0000003CA00B3B24] [VosMC]  wlan: [E :SME] csrRoamOffloadScan: 17846: RSO command 2 lastSentCmd 2, RSO is out of sync in HOST-FWR
02-14 14:13:09.171    14    14 E         : [14:13:09.163226] [0000003CA011E883] [VosMC]  wlan: [E :SME] csr_check_sae_auth: 3799: negotiated auth type is 255
02-14 14:13:09.183    14    14 E         : [14:13:09.175827] [0000003CA0159982] [VosMC]  wlan: [E :PE ] limFTCleanup: Setting psavedsessionEntry= 0000000000000000 to NULL
02-14 14:13:09.193    14    14 E         : [14:13:09.186128] [0000003CA0189E21] [VosMC]  wlan: [E :PE ] limFTCleanup: Setting pftSessionEntry= 0000000000000000 to NULL
02-14 14:13:09.230    14    14 E         : [14:13:09.222221] [0000003CA0233103] [VosMC]  wlan: [E :HDD] wlan: disconnected
02-14 14:13:09.230    14    14 E         : [14:13:09.222343] [0000003CA0233A28] [VosMC]  wlan: [E :HDD] wlan(0) 00:00:00:00:00:00 Standalone
02-14 14:13:09.312     0     0 D logd    : logdr: UID=1000 GID=1000 PID=10328 n tail=127 logMask=19 pid=0 start=0ns timeout=0ns
02-14 14:13:09.522     0     0 D logd    : logdr: UID=1000 GID=1000 PID=10331 n tail=127 logMask=19 pid=0 start=0ns timeout=0ns
02-14 14:13:10.158     0     0 I         : [Esd]0x8040 = 0xFF, 0x8041 = 0xAA
02-14 14:13:12.160     0     0 I         : [Esd]0x8040 = 0xFF, 0x8041 = 0xAA
02-14 14:13:13.442   904   904 W wificond: Scan is not started. Ignore abort request
02-14 14:13:13.542    14    14 E         : [14:13:13.534498] [0000003CA5128DCE] [wpa_s]  wlan: [E :HDD] wlan_hdd_cfg80211_set_ie Set UNKNOWN IE 3B
02-14 14:13:13.546    14    14 E         : [14:13:13.539083] [0000003CA513E5B6] [wpa_s]  wlan: [E :SME] csr_check_sae_auth: 3799: negotiated auth type is 255
02-14 14:13:13.554    14    14 E         : [14:13:13.546789] [0000003CA516279F] [VosMC]  wlan: [E :SME] csr_check_sae_auth: 3799: negotiated auth type is 255
02-14 14:13:13.595    14    14 E         : [14:13:13.587543] [0000003CA522182A] [VosMC]  wlan: [E :PE ] limProcessSwitchChannelRsp: 4153: channelChangeReasonCode 1 status 0
02-14 14:13:13.644    14    14 E         : [14:13:13.636510] [0000003CA53070AC] [VosMC]  wlan: [E :PE ] __limProcessDelBAReq: 1817: ADDBA parameters validation failed
02-14 14:13:13.644    14    14 E         : [14:13:13.637075] [0000003CA5309B0B] [VosMC]  wlan: [E :PE ] __limProcessDelBAReq: 1817: ADDBA parameters validation failed
02-14 14:13:13.719    14    14 E         : [14:13:13.711932] [0000003CA546894A] [VosMC]  wlan: [E :HDD] 00:0a:f5:02:20:28 connected to f4:92:bf:aa:6d:76
02-14 14:13:13.723    14    14 E         : [14:13:13.715784] [0000003CA547AA5C] [VosMC]  wlan: [E :HDD] wlan(36) f4:92:bf:aa:6d:76 Standalone
02-14 14:13:14.159     0     0 I         : [Esd]0x8040 = 0xFF, 0x8041 = 0xAA
02-14 14:13:16.159     0     0 I         : [Esd]0x8040 = 0xFF, 0x8041 = 0xAA
02-14 14:13:17.768    14    14 E         : [14:13:17.760817] [0000003CA9E8BBB7] [VosMC]  wlan: [E :PE ] limProcessDeauthFrame: 148: Received Deauth frame for Addr: 00:0a:f5:02:20:28 (mlm state = eLIM_MLM_LINK_ESTABLISHED_STATE, sme state = 12 systemrole  = 3) with reason code 2 from f4:92:bf:aa:6d:76
02-14 14:13:17.771    14    14 E         : [14:13:17.763604] [0000003CA9E98CB5] [VosMC]  wlan: [E :SME] csrRoamOffloadScan: 17846: RSO command 2 lastSentCmd 2, RSO is out of sync in HOST-FWR
02-14 14:13:17.795    14    14 E         : [14:13:17.786880] [0000003CA9F05E99] [VosMC]  wlan: [E :SME] csr_check_sae_auth: 3799: negotiated auth type is 255
02-14 14:13:17.832    14    14 E         : [14:13:17.824491] [0000003CA9FB6345] [VosMC]  wlan: [E :HDD] wlan: disconnected
02-14 14:13:17.832    14    14 E         : [14:13:17.824579] [0000003CA9FB69DC] [VosMC]  wlan: [E :HDD] wlan(0) 00:00:00:00:00:00 Standalone
02-14 14:13:17.902     0     0 D logd    : logdr: UID=1000 GID=1000 PID=10349 n tail=127 logMask=19 pid=0 start=0ns timeout=0ns
02-14 14:13:18.159     0     0 I         : [Esd]0x8040 = 0xFF, 0x8041 = 0xAA
02-14 14:13:30.159     0     0 I chatty  : uid=0(root) logd identical 6 lines
02-14 14:13:32.159     0     0 I         : [Esd]0x8040 = 0xFF, 0x8041 = 0xAA
02-14 14:13:33.634   904   904 W wificond: Scan is not started. Ignore abort request
02-14 14:13:33.798    14    14 E         : [14:13:33.790224] [0000003CBC40D93F] [wpa_s]  wlan: [E :HDD] wlan_hdd_cfg80211_set_ie Set UNKNOWN IE 3B
02-14 14:13:33.799    14    14 E         : [14:13:33.791872] [0000003CBC4154DE] [wpa_s]  wlan: [E :SME] csr_check_sae_auth: 3799: negotiated auth type is 255
02-14 14:13:33.809    14    14 E         : [14:13:33.801871] [0000003CBC4442C3] [VosMC]  wlan: [E :SME] csr_check_sae_auth: 3799: negotiated auth type is 255
02-14 14:13:33.851    14    14 E         : [14:13:33.843649] [0000003CBC508024] [VosMC]  wlan: [E :PE ] limProcessSwitchChannelRsp: 4153: channelChangeReasonCode 1 status 0
02-14 14:13:33.968    14    14 E         : [14:13:33.961053] [0000003CBC72E56D] [VosMC]  wlan: [E :HDD] 00:0a:f5:02:20:28 connected to f4:92:bf:a8:da:f6
02-14 14:13:33.973    14    14 E         : [14:13:33.965876] [0000003CBC744F48] [VosMC]  wlan: [E :HDD] wlan(157) f4:92:bf:a8:da:f6 Standalone
02-14 14:13:34.000    14    14 E         : [14:13:33.992413] [0000003CBC7C1563] [VosMC]  wlan: [E :SME] csr_check_sae_auth: 3799: negotiated auth type is 255
02-14 14:13:34.000    14    14 E         : [14:13:33.992646] [0000003CBC7C26D6] [VosMC]  wlan: [E :SME] csr_check_sae_auth: 3799: negotiated auth type is 255
02-14 14:13:34.019  1425  1965 I chatty  : uid=1000(system) ClientModeImpl expire 1 line
02-14 14:13:34.037    14    14 E         : [14:13:34.029655] [0000003CBC86FE84] [wpa_s]  wlan: [E :HDD] __wlan_hdd_cfg80211_firmware_roaming: 6601: attr bss id failed
02-14 14:13:34.159     0     0 I         : [Esd]0x8040 = 0xFF, 0x8041 = 0xAA
02-14 14:13:34.180  1425  1968 D ConnectivityService: NetworkAgentInfo [WIFI () - 101] EVENT_NETWORK_INFO_CHANGED, going from CONNECTING to CONNECTING
02-14 14:13:34.318  1425  1968 E ConnectivityService: Exception in addRoute for non-gateway: java.lang.IllegalStateException: android.os.ServiceSpecificException: Machine is not on the network (code 64)
02-14 14:13:34.319  1425  1968 E ConnectivityService: Exception in addRoute for gateway: java.lang.IllegalStateException: android.os.ServiceSpecificException: Machine is not on the network (code 64)
02-14 14:13:34.375  1425  1968 D ConnectivityService: Setting DNS servers for network 101 to [/10.64.10.1]
02-14 14:13:34.376  1425  1968 D DnsManager: setDnsConfigurationForNetwork(101, [10.64.10.1], [], 1800, 25, 8, 64, 0, 0, , [])
02-14 14:13:34.377  1425  1968 E DnsManager: Error setting DNS configuration: android.os.ServiceSpecificException: Machine is not on the network (code 64)
02-14 14:13:34.431  1425  1968 D ConnectivityService: NetworkAgentInfo [WIFI () - 101] EVENT_NETWORK_INFO_CHANGED, going from CONNECTING to CONNECTED
02-14 14:13:34.435  1425  1968 W DnsManager: updatePrivateDns(101, PrivateDnsConfig{true:/[]})
02-14 14:13:34.435  1425  1968 D ConnectivityService: Setting DNS servers for network 101 to [/10.64.10.1]
02-14 14:13:34.436  1425  1968 D DnsManager: setDnsConfigurationForNetwork(101, [10.64.10.1], [], 1800, 25, 8, 64, 0, 0, , [10.64.10.1])
02-14 14:13:34.438  1425  1968 D ConnectivityService: Adding iface wlan0 to network 101
02-14 14:13:34.458  1425  1968 D ConnectivityService: Setting DNS servers for network 101 to [/10.64.10.1]
02-14 14:13:34.459  1425  1968 D DnsManager: setDnsConfigurationForNetwork(101, [10.64.10.1], [], 1800, 25, 8, 64, 0, 0, , [10.64.10.1])
02-14 14:13:34.576   572  1180 E NetlinkEvent: NetlinkEvent::FindParam(): Parameter 'INTERFACE' not found
02-14 14:13:34.576   572  1180 E NetlinkEvent: NetlinkEvent::FindParam(): Parameter 'STATE' not found
02-14 14:13:34.576   572  1180 E NetlinkEvent: NetlinkEvent::FindParam(): Parameter 'TIME_NS' not found
02-14 14:13:34.576   572  1180 E NetlinkEvent: NetlinkEvent::FindParam(): Parameter 'UID' not found
02-14 14:13:34.584  1425  1968 D ConnectivityService: Switching to new default network: NetworkAgentInfo{ ni{[type: WIFI[], state: CONNECTED/CONNECTED, reason: (unspecified), extra: (none), failover: false, available: true, roaming: false]}  network{101}  nethandle{437197393933}  lp{{InterfaceName: wlan0 LinkAddresses: [ fe80::20a:f5ff:fe02:2028/64,10.64.40.215/24 ] DnsAddresses: [ /10.64.10.1 ] Domains: null MTU: 0 TcpBufferSizes: 524288,1048576,2097152,262144,524288,1048576 Routes: [ fe80::/64 -> :: wlan0,10.64.40.0/24 -> 0.0.0.0 wlan0,0.0.0.0/0 -> 10.64.40.254 wlan0 ]}}  nc{[ Transports: WIFI Capabilities: NOT_METERED&INTERNET&NOT_RESTRICTED&TRUSTED&NOT_VPN&NOT_ROAMING&FOREGROUND&NOT_CONGESTED&NOT_SUSPENDED LinkUpBandwidth>=1048576Kbps LinkDnBandwidth>=1048576Kbps Specifier: <WifiNetworkAgentSpecifier [WifiConfiguration=, SSID="SEEVISION_5G", BSSID=f4:92:bf:a8:da:f6, mOriginalRequestorUid=-1, mOriginalRequestorPackageName=]> SignalStrength: -72 SSID: "SEEVISION_5G"]}  Score{18}  everValidated{false}  lastValidated{false}  created{true} lingering{false} explicitlySelected{false} acceptUnvalidated{false} everCaptivePortalDetected{false} lastCaptivePortalDetected{false} captivePortalValidationPending{false} partialConnectivity{false} acceptPartialConnectivity{false} clat{mBaseIface: null, mIface: null, mState: IDLE} }
02-14 14:13:34.613  1425  1538 I DropBoxManagerService: add tag=system_server_strictmode isTagEnabled=true flags=0x2
02-14 14:13:34.634  1425  1538 I chatty  : uid=1000(system) android.io identical 2 lines
02-14 14:13:34.641  1425  1538 I DropBoxManagerService: add tag=system_server_strictmode isTagEnabled=true flags=0x2
02-14 14:13:34.705  1425  1968 D ConnectivityService: Sending CONNECTED broadcast for type 1 NetworkAgentInfo [WIFI () - 101] isDefaultNetwork=true
02-14 14:13:34.883  1425  1968 D ConnectivityService: NetworkAgentInfo [WIFI () - 101] validation passed
02-14 14:13:34.891  1425  1968 D ConnectivityService: Setting DNS servers for network 101 to [/10.64.10.1]
02-14 14:13:34.892  1425  1968 D DnsManager: setDnsConfigurationForNetwork(101, [10.64.10.1], [], 1800, 25, 8, 64, 0, 0, , [10.64.10.1])
02-14 14:13:37.239  1425  1551 W BroadcastQueue: Permission Denial: receiving Intent { act=android.net.wifi.RSSI_CHANGED flg=0x4000010 (has extras) } to ProcessRecord{21ef6d6 2421:.qtidataservices/1001} (pid=2421, uid=1001) requires android.permission.ACCESS_WIFI_STATE due to sender android (uid 1000)
02-14 14:13:50.240     0     0 I chatty  : uid=0(root) logd identical 8 lines
02-14 14:13:52.239     0     0 I         : [Esd]0x8040 = 0xFF, 0x8041 = 0xAA
02-14 14:13:53.369    14    14 E         : [14:13:53.361863] [0000003CD2A6BA45] [VosMC]  wlan: [E :SME] csr_check_sae_auth: 3799: negotiated auth type is 255
02-14 14:13:54.238     0     0 I         : [Esd]0x8040 = 0xFF, 0x8041 = 0xAA
02-14 14:13:56.239     0     0 I         : [Esd]0x8040 = 0xFF, 0x8041 = 0xAA
02-14 14:13:57.303     0     0 E QG-K    : qg_scale_soc: SOC scale: Start msoc=100 catch_up_soc=100 delta_soc=1
02-14 14:13:58.239     0     0 I         : [Esd]0x8040 = 0xFF, 0x8041 = 0xAA
02-14 14:14:00.005  2209  2209 I EyeProtectController: time tick
02-14 14:14:00.005  2209  2209 I EyeProtectController: screenWorkDurationInMillis = 200023
02-14 14:14:02.239     0     0 I chatty  : uid=0(root) logd identical 2 lines
02-14 14:14:02.609  1425  1566 V DisplayPowerController: Brightness [10] reason changing to: 'manual [ dim ]', previous reason: 'manual'.
02-14 14:14:04.238     0     0 I         : [Esd]0x8040 = 0xFF, 0x8041 = 0xAA
02-14 14:14:04.350     0     0 I binder  : 698:698 transaction failed 29189/-22, size 92-0 line 3136
02-14 14:14:04.684     0     0 I binder  : 698:698 transaction failed 29189/-22, size 92-0 line 3136
02-14 14:14:05.671     0     0 I init    : Untracked pid 10476 received signal 1
02-14 14:14:06.238     0     0 I         : [Esd]0x8040 = 0xFF, 0x8041 = 0xAA
02-14 14:14:08.238     0     0 I         : [Esd]0x8040 = 0xFF, 0x8041 = 0xAA
02-14 14:14:08.477  1425 10014 I ActivityTaskManager: START u0 {flg=0x10000000 cmp=com.netease.open.pocoservice/.TestActivity} from uid 2000
02-14 14:14:08.497  1425  7836 I ActivityTaskManager: The Process com.netease.open.pocoservice Already Exists in BG. So sending its PID: 10238
02-14 14:14:08.497  1425  1425 V SettingsProvider: Notifying for 0: content://settings/secure/reminder_exp_learning_time_elapsed
02-14 14:14:08.780  1425  7836 I ActivityTaskManager: moveTaskToBack: TaskRecord{3b5d5b2 #14 A=com.netease.open.pocoservice U=0 StackId=11 sz=1}
02-14 14:14:08.853  1425  1425 W ActivityManager: Unable to start service Intent { act=android.service.appprediction.AppPredictionService cmp=android.service.appprediction/.AppPredictionService } U=0: not found
02-14 14:14:08.853  1425  1425 W RemoteAppPredictionService: could not bind to Intent { act=android.service.appprediction.AppPredictionService cmp=android.service.appprediction/.AppPredictionService } using flags 67108865
02-14 14:14:08.993     0     0 W healthd : battery l=100 v=4349 t=24.8 h=2 st=5 c=-363 fc=7694000 cc=1 chg=u
02-14 14:14:09.035     0     0 W audit   : audit_lost=71 audit_rate_limit=5 audit_backlog_limit=64
02-14 14:14:09.035     0     0 E audit   : rate limit exceeded
02-14 14:14:09.290  1425  1566 V DisplayPowerController: Brightness [102] reason changing to: 'manual', previous reason: 'manual [ dim ]'.
02-14 14:14:09.316  1425 10014 I ActivityManager: Force stopping com.netease.open.pocoservice appid=10114 user=0: start instr
02-14 14:14:09.318  1425 10014 I ActivityManager: Killing 10238:com.netease.open.pocoservice/u0a114 (adj 0): stop com.netease.open.pocoservice
02-14 14:14:09.320  1425 10014 W ActivityTaskManager: Force removing ActivityRecord{d6ee87f u0 com.netease.open.pocoservice/.TestActivity t14 f}: app died, no saved state
02-14 14:14:09.330  1425 10014 W ActivityManager: Crash of app com.netease.open.pocoservice running instrumentation ComponentInfo{com.netease.open.pocoservice/androidx.test.runner.AndroidJUnitRunner}
02-14 14:14:09.331  1425 10014 I ActivityManager: Force stopping com.netease.open.pocoservice appid=10114 user=0: finished inst
02-14 14:14:09.331  1425  1551 W ActivityManager: Error shutting down UiAutomationConnection
