02-14 14:26:25.076  1425  1425 W ActivityManager: Unable to start service Intent { act=android.service.appprediction.AppPredictionService cmp=android.service.appprediction/.AppPredictionService } U=0: not found
02-14 14:26:25.076  1425  1425 W RemoteAppPredictionService: could not bind to Intent { act=android.service.appprediction.AppPredictionService cmp=android.service.appprediction/.AppPredictionService } using flags 67108865
02-14 14:26:25.255  1425  1539 I ActivityManager: Killing 12227:com.android.settings/1000 (adj 905): remove task
02-14 14:26:25.262  1425  3102 E TaskPersister: File error accessing recents directory (directory doesn't exist?).
02-14 14:26:25.471  1425  2772 I WindowManager: WIN DEATH: Window{499f419 u0 com.android.settings/com.android.settings.Settings}
02-14 14:26:25.493  1425  1539 W ActivityManager: setHasOverlayUi called on unknown pid: 12227
02-14 14:26:25.838     0     0 I chatty  : uid=0(root) logd identical 8 lines
02-14 14:26:26.425  1425  1551 W BroadcastQueue: Permission Denial: receiving Intent { act=android.net.wifi.RSSI_CHANGED flg=0x4000010 (has extras) } to ProcessRecord{21ef6d6 2421:.qtidataservices/1001} (pid=2421, uid=1001) requires android.permission.ACCESS_WIFI_STATE due to sender android (uid 1000)
02-14 14:26:27.840     0     0 I         : [Esd]0x8040 = 0xFF, 0x8041 = 0xAA
02-14 14:26:28.495  1425  3102 E TaskPersister: File error accessing recents directory (directory doesn't exist?).
02-14 14:26:29.604     0     0 W audit   : audit_lost=94 audit_rate_limit=5 audit_backlog_limit=64
02-14 14:26:29.604     0     0 E audit   : rate limit exceeded
02-14 14:26:29.853  1425  1537 D AutofillManagerService: onBackKeyPressed()
02-14 14:26:30.994  1425  1551 W BroadcastQueue: Skipping deliver [background] BroadcastRecord{1927767 u-1 android.net.conn.CONNECTIVITY_CHANGE} to ReceiverList{c686914 12353 (unknown name)/2000/u-1 remote:44bc281}: process gone or crashing
02-14 14:26:31.003  1425 12293 I ActivityTaskManager: START u0 {act=android.intent.action.MAIN cat=[android.intent.category.LAUNCHER] flg=0x10200000 cmp=com.android.calendar/com.android.youdao.calendar.AllInOneActivity} from uid 2000
02-14 14:26:31.021  1425  1425 V SettingsProvider: Notifying for 0: content://settings/system/accelerometer_rotation
02-14 14:26:31.025  1425  1425 V SettingsProvider: Notifying for 0: content://settings/secure/reminder_exp_learning_time_elapsed
02-14 14:26:31.055  1425  1425 V SettingsProvider: Notifying for 0: content://settings/system/accelerometer_rotation
02-14 14:26:31.062  1425  2772 I ActivityTaskManager: Config changes=20000480 {1.0 ?mcc?mnc [zh_CN] ldltr sw800dp w800dp h1256dp 240dpi xlrg port finger -keyb/v/h -nav/h winConfig={ mBounds=Rect(0, 0 - 1200, 1920) mAppBounds=Rect(0, 0 - 1200, 1920) mWindowingMode=fullscreen mDisplayWindowingMode=fullscreen mActivityType=undefined mAlwaysOnTop=undefined mRotation=ROTATION_0} s.115}
02-14 14:26:31.082  1425  2772 I ActivityTaskManager: Override config changes=20000480 {1.0 ?mcc?mnc [zh_CN] ldltr sw800dp w800dp h1256dp 240dpi xlrg port finger -keyb/v/h -nav/h winConfig={ mBounds=Rect(0, 0 - 1200, 1920) mAppBounds=Rect(0, 0 - 1200, 1920) mWindowingMode=fullscreen mDisplayWindowingMode=fullscreen mActivityType=undefined mAlwaysOnTop=undefined mRotation=ROTATION_0} s.115} for displayId=0
02-14 14:26:17.018  3402  3873 D TelephonyManager: getCellLocation returning null because telephony is null
02-14 14:26:29.839     0     0 I         : [Esd]0x8040 = 0xFF, 0x8041 = 0xAA
02-14 14:26:31.129  2069  2069 W CarrierConfigManager: Error getting config for subId -1 ICarrierConfigLoader is null
02-14 14:26:31.186  1425  1552 I ActivityManager: Start proc 12373:com.android.calendar/u0a58 for activity {com.android.calendar/com.android.youdao.calendar.AllInOneActivity}
02-14 14:26:31.203     0     0 I binder  : send failed reply for transaction 689038 to 698:698
02-14 14:26:31.245  1425  1456 I ActivityTaskManager: Config changes=20000480 {1.0 ?mcc?mnc [zh_CN] ldltr sw800dp w1280dp h776dp 240dpi xlrg land finger -keyb/v/h -nav/h winConfig={ mBounds=Rect(0, 0 - 1920, 1200) mAppBounds=Rect(0, 0 - 1920, 1200) mWindowingMode=fullscreen mDisplayWindowingMode=fullscreen mActivityType=undefined mAlwaysOnTop=undefined mRotation=ROTATION_90} s.150}
02-14 14:26:31.273  1425  1456 I ActivityTaskManager: Override config changes=20000480 {1.0 ?mcc?mnc [zh_CN] ldltr sw800dp w1280dp h776dp 240dpi xlrg land finger -keyb/v/h -nav/h winConfig={ mBounds=Rect(0, 0 - 1920, 1200) mAppBounds=Rect(0, 0 - 1920, 1200) mWindowingMode=fullscreen mDisplayWindowingMode=fullscreen mActivityType=undefined mAlwaysOnTop=undefined mRotation=ROTATION_90} s.150} for displayId=0
02-14 14:26:31.500  1425 12293 I ActivityTaskManager: START u0 {act=android.content.pm.action.REQUEST_PERMISSIONS pkg=com.android.permissioncontroller cmp=com.android.permissioncontroller/com.android.packageinstaller.permission.ui.GrantPermissionsActivity (has extras)} from uid 10058
02-14 14:26:31.512  1425  1551 W BroadcastQueue: Background execution not allowed: receiving Intent { act=com.android.calendar.subscribe flg=0x10 } to com.android.calendar/com.android.youdao.calendar.subscribealerts.base.SubscribeReceiver
02-14 14:26:31.575  1425  1455 I ActivityTaskManager: The Process com.android.permissioncontroller Already Exists in BG. So sending its PID: 2080
02-14 14:26:31.655     0     0 W audit   : audit_lost=95 audit_rate_limit=5 audit_backlog_limit=64
02-14 14:26:31.655     0     0 E audit   : rate limit exceeded
02-14 14:26:31.828  1425  1540 I WindowManager: Screen frozen for +803ms due to Window{72ad004 u0 com.android.calendar/com.android.youdao.calendar.AllInOneActivity}
02-14 14:26:31.839     0     0 I         : [Esd]0x8040 = 0xFF, 0x8041 = 0xAA
02-14 14:26:32.189     0     0 I init    : Untracked pid 10481 received signal 1
02-14 14:26:32.190     0     0 I binder  : 698:698 transaction failed 29189/-22, size 92-0 line 3136
02-14 14:26:32.912  1425  1455 I ActivityTaskManager: START u0 {act=android.intent.action.VIEW cmp=com.android.calendar/com.android.youdao.calendar.events.ui.EditEventActivity (has extras)} from uid 10058
02-14 14:26:32.931  1425  1455 I ActivityTaskManager: The Process com.android.calendar Already Exists in BG. So sending its PID: 12373
02-14 14:26:33.190     0     0 I init    : Untracked pid 12399 received signal 1
02-14 14:26:33.838     0     0 I         : [Esd]0x8040 = 0xFF, 0x8041 = 0xAA
02-14 14:26:34.632  1425  3102 E TaskPersister: File error accessing recents directory (directory doesn't exist?).
02-14 14:26:31.577  2069  2069 W CarrierConfigManager: Error getting config for subId -1 ICarrierConfigLoader is null
02-14 14:26:50.583  3402  3873 D TelephonyManager: getCellLocation returning null because telephony is null
02-14 14:26:50.948  1425  1551 W BroadcastQueue: Permission Denial: receiving Intent { act=android.net.wifi.RSSI_CHANGED flg=0x4000010 (has extras) } to ProcessRecord{21ef6d6 2421:.qtidataservices/1001} (pid=2421, uid=1001) requires android.permission.ACCESS_WIFI_STATE due to sender android (uid 1000)
02-14 14:26:54.024  1425  1551 W BroadcastQueue: Permission Denial: receiving Intent { act=android.net.wifi.RSSI_CHANGED flg=0x4000010 (has extras) } to ProcessRecord{21ef6d6 2421:.qtidataservices/1001} (pid=2421, uid=1001) requires android.permission.ACCESS_WIFI_STATE due to sender android (uid 1000)
02-14 14:27:00.006  2209  2209 I EyeProtectController: time tick
02-14 14:27:05.919     0     0 I chatty  : uid=0(root) logd identical 16 lines
02-14 14:27:07.919     0     0 I         : [Esd]0x8040 = 0xFF, 0x8041 = 0xAA
02-14 14:27:08.993     0     0 W healthd : battery l=100 v=4378 t=25.6 h=2 st=5 c=-18 fc=7694000 cc=1 chg=u
02-14 14:27:09.918     0     0 I         : [Esd]0x8040 = 0xFF, 0x8041 = 0xAA
02-14 14:27:10.191     0     0 E QG-K    : qg_scale_soc: SOC scale: Start msoc=100 catch_up_soc=100 delta_soc=1
02-14 14:27:10.931     0     0 W healthd : battery l=100 v=4378 t=25.5 h=2 st=5 c=-37 fc=7694000 cc=1 chg=u
02-14 14:27:11.918     0     0 I         : [Esd]0x8040 = 0xFF, 0x8041 = 0xAA
02-14 14:27:23.918     0     0 I chatty  : uid=0(root) logd identical 6 lines
02-14 14:27:25.334  1425  1536 D AutofillManagerService: Close system dialogs
02-14 14:27:25.920     0     0 I         : [Esd]0x8040 = 0xFF, 0x8041 = 0xAA
02-14 14:27:26.088  1425  1538 I DropBoxManagerService: add tag=system_app_strictmode isTagEnabled=true flags=0x2
02-14 14:27:26.091  1425  1425 W ActivityManager: Unable to start service Intent { act=android.service.appprediction.AppPredictionService cmp=android.service.appprediction/.AppPredictionService } U=0: not found
02-14 14:27:26.091  1425  1425 W RemoteAppPredictionService: could not bind to Intent { act=android.service.appprediction.AppPredictionService cmp=android.service.appprediction/.AppPredictionService } using flags 67108865
02-14 14:27:26.099  1425  1425 V SettingsProvider: Notifying for 0: content://settings/secure/reminder_exp_learning_time_elapsed
02-14 14:27:26.907  1425  1539 I ActivityManager: Killing 12373:com.android.calendar/u0a58 (adj 905): remove task
02-14 14:27:26.910  1425  3102 E TaskPersister: File error accessing recents directory (directory doesn't exist?).
02-14 14:27:27.075  1425  1455 I WindowManager: WIN DEATH: Window{7a96ee2 u0 com.android.calendar/com.android.youdao.calendar.events.ui.EditEventActivity}
02-14 14:27:27.078  1425  2429 I WindowManager: WIN DEATH: Window{72ad004 u0 com.android.calendar/com.android.youdao.calendar.AllInOneActivity}
02-14 14:27:27.081     0     0 I binder  : undelivered TRANSACTION_COMPLETE
02-14 14:27:27.081     0     0 I binder  : undelivered transaction 709653, process died.
02-14 14:27:27.098  1425  1539 W ActivityManager: setHasOverlayUi called on unknown pid: 12373
02-14 14:27:27.918     0     0 I         : [Esd]0x8040 = 0xFF, 0x8041 = 0xAA
02-14 14:27:29.919     0     0 I chatty  : uid=0(root) logd identical 1 line
02-14 14:27:30.634  1425  3102 E TaskPersister: File error accessing recents directory (directory doesn't exist?).
02-14 14:27:31.045  1425  1537 D AutofillManagerService: onBackKeyPressed()
02-14 14:27:31.918     0     0 I         : [Esd]0x8040 = 0xFF, 0x8041 = 0xAA
02-14 14:27:32.168  1425  1551 W BroadcastQueue: Skipping deliver [background] BroadcastRecord{ec39bdd u-1 android.net.conn.CONNECTIVITY_CHANGE} to ReceiverList{cb4e352 12583 (unknown name)/2000/u-1 remote:6f45887}: process gone or crashing
02-14 14:27:32.177  1425 10257 I ActivityTaskManager: START u0 {act=android.intent.action.MAIN cat=[android.intent.category.LAUNCHER] flg=0x10200000 cmp=com.android.calendar/com.android.youdao.calendar.AllInOneActivity} from uid 2000
02-14 14:27:32.193  1425  1425 V SettingsProvider: Notifying for 0: content://settings/system/accelerometer_rotation
02-14 14:27:32.194  1425  1425 V SettingsProvider: Notifying for 0: content://settings/secure/reminder_exp_learning_time_elapsed
02-14 14:27:32.244  1425 10257 I ActivityTaskManager: Config changes=20000480 {1.0 ?mcc?mnc [zh_CN] ldltr sw800dp w800dp h1256dp 240dpi xlrg port finger -keyb/v/h -nav/h winConfig={ mBounds=Rect(0, 0 - 1200, 1920) mAppBounds=Rect(0, 0 - 1200, 1920) mWindowingMode=fullscreen mDisplayWindowingMode=fullscreen mActivityType=undefined mAlwaysOnTop=undefined mRotation=ROTATION_0} s.186}
02-14 14:27:32.270  1425 10257 I ActivityTaskManager: Override config changes=20000480 {1.0 ?mcc?mnc [zh_CN] ldltr sw800dp w800dp h1256dp 240dpi xlrg port finger -keyb/v/h -nav/h winConfig={ mBounds=Rect(0, 0 - 1200, 1920) mAppBounds=Rect(0, 0 - 1200, 1920) mWindowingMode=fullscreen mDisplayWindowingMode=fullscreen mActivityType=undefined mAlwaysOnTop=undefined mRotation=ROTATION_0} s.186} for displayId=0
02-14 14:27:32.284  1425  1425 V SettingsProvider: Notifying for 0: content://settings/system/accelerometer_rotation
02-14 14:27:32.289  2069  2069 W CarrierConfigManager: Error getting config for subId -1 ICarrierConfigLoader is null
02-14 14:27:32.358  1425  1552 I ActivityManager: Start proc 12603:com.android.calendar/u0a58 for activity {com.android.calendar/com.android.youdao.calendar.AllInOneActivity}
02-14 14:27:32.413  1425  1456 I ActivityTaskManager: Config changes=20000480 {1.0 ?mcc?mnc [zh_CN] ldltr sw800dp w1280dp h776dp 240dpi xlrg land finger -keyb/v/h -nav/h winConfig={ mBounds=Rect(0, 0 - 1920, 1200) mAppBounds=Rect(0, 0 - 1920, 1200) mWindowingMode=fullscreen mDisplayWindowingMode=fullscreen mActivityType=undefined mAlwaysOnTop=undefined mRotation=ROTATION_90} s.221}
02-14 14:27:32.452  1425  1456 I ActivityTaskManager: Override config changes=20000480 {1.0 ?mcc?mnc [zh_CN] ldltr sw800dp w1280dp h776dp 240dpi xlrg land finger -keyb/v/h -nav/h winConfig={ mBounds=Rect(0, 0 - 1920, 1200) mAppBounds=Rect(0, 0 - 1920, 1200) mWindowingMode=fullscreen mDisplayWindowingMode=fullscreen mActivityType=undefined mAlwaysOnTop=undefined mRotation=ROTATION_90} s.221} for displayId=0
02-14 14:27:32.464  1425  1456 W ActivityManager: Slow operation: 58ms so far, now at attachApplicationLocked: after mServices.attachApplicationLocked
02-14 14:27:32.645  1425  2427 I ActivityTaskManager: START u0 {act=android.content.pm.action.REQUEST_PERMISSIONS pkg=com.android.permissioncontroller cmp=com.android.permissioncontroller/com.android.packageinstaller.permission.ui.GrantPermissionsActivity (has extras)} from uid 10058
02-14 14:27:32.668  1425  1551 W BroadcastQueue: Background execution not allowed: receiving Intent { act=com.android.calendar.subscribe flg=0x10 } to com.android.calendar/com.android.youdao.calendar.subscribealerts.base.SubscribeReceiver
02-14 14:27:32.722  1425  2427 I ActivityTaskManager: The Process com.android.permissioncontroller Already Exists in BG. So sending its PID: 2080
02-14 14:27:32.808     0     0 W audit   : audit_lost=103 audit_rate_limit=5 audit_backlog_limit=64
02-14 14:27:32.808     0     0 E audit   : rate limit exceeded
02-14 14:27:32.857     0     0 I binder  : 698:698 transaction failed 29189/-22, size 92-0 line 3136
02-14 14:27:32.877  1425  1538 I DropBoxManagerService: add tag=system_app_strictmode isTagEnabled=true flags=0x2
02-14 14:27:32.960  1425  2420 I WindowManager: Screen frozen for +763ms due to Window{283780d u0 com.android.calendar/com.android.youdao.calendar.AllInOneActivity}
02-14 14:27:33.837     0     0 I init    : Untracked pid 12436 received signal 1
02-14 14:27:33.918     0     0 I         : [Esd]0x8040 = 0xFF, 0x8041 = 0xAA
02-14 14:27:34.015  1425  1456 I ActivityTaskManager: START u0 {act=android.intent.action.VIEW cmp=com.android.calendar/com.android.youdao.calendar.events.ui.EditEventActivity (has extras)} from uid 10058
02-14 14:27:34.031  1425  2427 I ActivityTaskManager: The Process com.android.calendar Already Exists in BG. So sending its PID: 12603
02-14 14:27:35.278     0     0 E kgsl-3d0: |counter_delta| Abnormal value:0x6320c30 (0x6324036) from perf counter : 0x3b0
02-14 14:27:35.809  1425  3102 E TaskPersister: File error accessing recents directory (directory doesn't exist?).
02-14 14:27:35.919     0     0 I         : [Esd]0x8040 = 0xFF, 0x8041 = 0xAA
02-14 14:27:55.919     0     0 I chatty  : uid=0(root) logd identical 10 lines
02-14 14:27:57.553  1425  1536 D AutofillManagerService: Close system dialogs
02-14 14:27:57.928     0     0 I         : [Esd]0x8040 = 0xFF, 0x8041 = 0xAA
02-14 14:27:58.220  1425  1425 W ActivityManager: Unable to start service Intent { act=android.service.appprediction.AppPredictionService cmp=android.service.appprediction/.AppPredictionService } U=0: not found
02-14 14:27:58.220  1425  1425 W RemoteAppPredictionService: could not bind to Intent { act=android.service.appprediction.AppPredictionService cmp=android.service.appprediction/.AppPredictionService } using flags 67108865
02-14 14:27:58.229  1425  1425 V SettingsProvider: Notifying for 0: content://settings/secure/reminder_exp_learning_time_elapsed
02-14 14:27:58.318     0     0 E kgsl-3d0: |counter_delta| Abnormal value:0xe55f1b5 (0xe71e4a7) from perf counter : 0x3b0
02-14 14:27:58.844  1425  1539 I ActivityManager: Killing 12603:com.android.calendar/u0a58 (adj 905): remove task
02-14 14:27:58.846  1425  3102 E TaskPersister: File error accessing recents directory (directory doesn't exist?).
02-14 14:27:59.060  1425  2420 I WindowManager: WIN DEATH: Window{878501 u0 com.android.calendar/com.android.youdao.calendar.events.ui.EditEventActivity}
02-14 14:27:59.063  1425 12208 I WindowManager: WIN DEATH: Window{283780d u0 com.android.calendar/com.android.youdao.calendar.AllInOneActivity}
02-14 14:27:59.081  1425  1539 W ActivityManager: setHasOverlayUi called on unknown pid: 12603
02-14 14:27:59.998     0     0 I         : [Esd]0x8040 = 0xFF, 0x8041 = 0xAA
02-14 14:28:00.002  2209  2209 I EyeProtectController: time tick
02-14 14:28:01.998     0     0 I         : [Esd]0x8040 = 0xFF, 0x8041 = 0xAA
02-14 14:28:02.236     0     0 W audit   : audit_lost=111 audit_rate_limit=5 audit_backlog_limit=64
02-14 14:28:02.236     0     0 E audit   : rate limit exceeded
02-14 14:28:02.467  1425  1537 D AutofillManagerService: onBackKeyPressed()
02-14 14:28:02.635  1425  3102 E TaskPersister: File error accessing recents directory (directory doesn't exist?).
02-14 14:28:03.577  1425  1551 W BroadcastQueue: Skipping deliver [background] BroadcastRecord{94d13ec u-1 android.net.conn.CONNECTIVITY_CHANGE} to ReceiverList{66b93b5 12789 (unknown name)/2000/u-1 remote:2afd83e}: process gone or crashing
02-14 14:28:03.586  1425  9519 I ActivityTaskManager: START u0 {act=android.intent.action.MAIN cat=[android.intent.category.LAUNCHER] flg=0x10200000 cmp=com.android.calendar/com.android.youdao.calendar.AllInOneActivity} from uid 2000
02-14 14:28:03.605  1425  1425 V SettingsProvider: Notifying for 0: content://settings/system/accelerometer_rotation
02-14 14:28:03.606  1425  1425 V SettingsProvider: Notifying for 0: content://settings/secure/reminder_exp_learning_time_elapsed
02-14 14:28:03.619  1425  1425 V SettingsProvider: Notifying for 0: content://settings/system/accelerometer_rotation
02-14 14:28:03.661  1425  1552 I ActivityManager: Start proc 12809:com.android.calendar/u0a58 for activity {com.android.calendar/com.android.youdao.calendar.AllInOneActivity}
02-14 14:28:03.898  1425 12208 I ActivityTaskManager: START u0 {act=android.content.pm.action.REQUEST_PERMISSIONS pkg=com.android.permissioncontroller cmp=com.android.permissioncontroller/com.android.packageinstaller.permission.ui.GrantPermissionsActivity (has extras)} from uid 10058
02-14 14:28:03.912  1425  1551 W BroadcastQueue: Background execution not allowed: receiving Intent { act=com.android.calendar.subscribe flg=0x10 } to com.android.calendar/com.android.youdao.calendar.subscribealerts.base.SubscribeReceiver
02-14 14:28:03.970  1425 12208 I ActivityTaskManager: The Process com.android.permissioncontroller Already Exists in BG. So sending its PID: 2080
02-14 14:28:03.998     0     0 I         : [Esd]0x8040 = 0xFF, 0x8041 = 0xAA
02-14 14:28:04.059     0     0 W audit   : audit_lost=112 audit_rate_limit=5 audit_backlog_limit=64
02-14 14:28:04.059     0     0 E audit   : rate limit exceeded
02-14 14:28:05.210  1425 12730 I ActivityTaskManager: START u0 {act=android.intent.action.VIEW cmp=com.android.calendar/com.android.youdao.calendar.events.ui.EditEventActivity (has extras)} from uid 10058
02-14 14:28:05.226  1425 12730 I ActivityTaskManager: The Process com.android.calendar Already Exists in BG. So sending its PID: 12809
02-14 14:28:05.998     0     0 I         : [Esd]0x8040 = 0xFF, 0x8041 = 0xAA
02-14 14:28:07.229  1425  3102 E TaskPersister: File error accessing recents directory (directory doesn't exist?).
02-14 14:28:07.848  1425  1538 I DropBoxManagerService: add tag=system_app_strictmode isTagEnabled=true flags=0x2
02-14 14:28:07.998     0     0 I         : [Esd]0x8040 = 0xFF, 0x8041 = 0xAA
02-14 14:28:08.993     0     0 W healthd : battery l=100 v=4374 t=25.7 h=2 st=5 c=-60 fc=7694000 cc=1 chg=u
02-14 14:28:09.999     0     0 I         : [Esd]0x8040 = 0xFF, 0x8041 = 0xAA
02-14 14:28:10.128  1425  1425 V SettingsProvider: Notifying for 0: content://settings/global/zen_mode_config_etag
02-14 14:28:10.336  1425  1425 D PandaDoNotDisturbHelper: currentTime:1644820090335, endTime:-86400000, current-end:1644906490335
02-14 14:28:10.587    14    14 E         : [14:28:10.579544] [00000040A7A8B85C] [VosMC]  wlan: [E :SME] csr_check_sae_auth: 3799: negotiated auth type is 255
02-14 14:28:10.588    14    14 E         : [14:28:10.580630] [00000040A7A909CF] [VosMC]  wlan: [E :SME] csr_check_sae_auth: 3799: negotiated auth type is 255
02-14 14:27:32.726  2069  2069 W CarrierConfigManager: Error getting config for subId -1 ICarrierConfigLoader is null
02-14 14:28:10.637  3402  3873 D TelephonyManager: getCellLocation returning null because telephony is null
02-14 14:28:11.235  1425  3102 E TaskPersister: File error accessing recents directory (directory doesn't exist?).
02-14 14:28:11.999     0     0 I         : [Esd]0x8040 = 0xFF, 0x8041 = 0xAA
02-14 14:28:13.789     0     0 E QG-K    : qg_scale_soc: SOC scale: Start msoc=100 catch_up_soc=100 delta_soc=1
02-14 14:28:14.000     0     0 I         : [Esd]0x8040 = 0xFF, 0x8041 = 0xAA
02-14 14:28:15.172  1425  1538 I DropBoxManagerService: add tag=system_app_strictmode isTagEnabled=true flags=0x2
02-14 14:28:15.907     0     0 W healthd : battery l=100 v=4379 t=25.7 h=2 st=5 c=-2 fc=7694000 cc=1 chg=u
02-14 14:28:15.999     0     0 I         : [Esd]0x8040 = 0xFF, 0x8041 = 0xAA
02-14 14:28:23.999     0     0 I chatty  : uid=0(root) logd identical 4 lines
02-14 14:28:25.952  1425  1551 W BroadcastQueue: Permission Denial: receiving Intent { act=android.net.wifi.RSSI_CHANGED flg=0x4000010 (has extras) } to ProcessRecord{21ef6d6 2421:.qtidataservices/1001} (pid=2421, uid=1001) requires android.permission.ACCESS_WIFI_STATE due to sender android (uid 1000)
02-14 14:28:26.000     0     0 I         : [Esd]0x8040 = 0xFF, 0x8041 = 0xAA
02-14 14:28:26.652  1425  9519 I ActivityTaskManager: START u0 {cmp=com.android.calendar/com.android.youdao.calendar.agenda.AllEventListActivity} from uid 10058
02-14 14:28:26.671  1425  4006 I ActivityTaskManager: The Process com.android.calendar Already Exists in BG. So sending its PID: 12809
02-14 14:28:27.250    14    14 E         : [14:28:27.242504] [00000040BABA7235] [VosMC]  wlan: [E :PE ] limSendSmeCandidateFoundInd: 2977: posting candidate ind to SME
02-14 14:28:27.250    14    14 E         : [14:28:27.243046] [00000040BABA9AE9] [VosMC]  wlan: [E :SME] csr_check_sae_auth: 3799: negotiated auth type is 255
02-14 14:28:27.263    14    14 E         : [14:28:27.256057] [00000040BABE6AC7] [VosMC]  wlan: [E :SME] csr_check_sae_auth: 3799: negotiated auth type is 255
02-14 14:28:27.294    14    14 E         : [14:28:27.286325] [00000040BAC748D5] [VosMC]  wlan: [E :PE ] limFTInit: Setting psavedsessionEntry= 0000000000000000 to NULL
02-14 14:28:27.294    14    14 E         : [14:28:27.286399] [00000040BAC74E5A] [VosMC]  wlan: [E :PE ] limFTInit: Deleting session = 0000000000000000
02-14 14:28:27.313    14    14 E         : [14:28:27.305311] [00000040BACCD8C7] [VosMC]  wlan: [E :PE ] Switching channel to 157
02-14 14:28:27.341    14    14 E         : [14:28:27.333748] [00000040BAD52D90] [VosMC]  wlan: [E :PE ] limProcessSwitchChannelRsp: 4153: channelChangeReasonCode 2 status 0
02-14 14:28:27.353    14    14 E         : [14:28:27.345429] [00000040BAD899A2] [VosMC]  wlan: [E :PE ] Switching channel to 36
02-14 14:28:27.379    14    14 E         : [14:28:27.371379] [00000040BAE033E4] [VosMC]  wlan: [E :PE ] limProcessSwitchChannelRsp: 4153: channelChangeReasonCode 2 status 0
02-14 14:28:27.477    14    14 E         : [14:28:27.469926] [00000040BAFD12F1] [VosMC]  wlan: [E :SME] csr_check_sae_auth: 3799: negotiated auth type is 255
02-14 14:28:27.481    14    14 E         : [14:28:27.473468] [00000040BAFE1C93] [VosMC]  wlan: [E :SME] csr_check_sae_auth: 3799: negotiated auth type is 255
02-14 14:28:27.570    14    14 E         : [14:28:27.562882] [00000040BB184E93] [VosMC]  wlan: [E :HDD] 00:0a:f5:02:20:28 connected to f4:92:bf:a8:da:f6
02-14 14:28:27.570    14    14 E         : [14:28:27.562989] [00000040BB18569C] [VosMC]  wlan: [E :HDD] hdd_SendUpdateBeaconIEsEvent: pCsrRoamInfo->nBeaconFrameLength = 0
02-14 14:28:27.581    14    14 E         : [14:28:27.573361] [00000040BB1B6080] [VosMC]  wlan: [E :HDD] wlan(157) f4:92:bf:a8:da:f6 Standalone
02-14 14:28:27.624  1425  1968 E ConnectivityService: BUG: NetworkAgentInfo{ ni{[type: WIFI[], state: CONNECTED/CONNECTED, reason: (unspecified), extra: (none), failover: false, available: true, roaming: false]}  network{101}  nethandle{437197393933}  lp{{InterfaceName: wlan0 LinkAddresses: [ fe80::20a:f5ff:fe02:2028/64,10.64.40.215/24 ] DnsAddresses: [ /10.64.10.1 ] Domains: null MTU: 0 TcpBufferSizes: 524288,1048576,2097152,262144,524288,1048576 Routes: [ fe80::/64 -> :: wlan0,10.64.40.0/24 -> 0.0.0.0 wlan0,0.0.0.0/0 -> 10.64.40.254 wlan0 ]}}  nc{[ Transports: WIFI Capabilities: NOT_METERED&INTERNET&NOT_RESTRICTED&TRUSTED&NOT_VPN&VALIDATED&NOT_ROAMING&FOREGROUND&NOT_CONGESTED&NOT_SUSPENDED LinkUpBandwidth>=1048576Kbps LinkDnBandwidth>=1048576Kbps Specifier: <WifiNetworkAgentSpecifier [WifiConfiguration=, SSID="SEEVISION_5G", BSSID=f4:92:bf:aa:6d:76, mOriginalRequestorUid=-1, mOriginalRequestorPackageName=]> SignalStrength: -82 SSID: "SEEVISION_5G"]}  Score{51}  everValidated{true}  lastValidated{true}  created{true} lingering{false} explicitlySelected{false} acceptUnvalidated{false} everCaptivePortalDetected{false} lastCaptivePortalDetected{false} captivePortalValidationPending{false} partialConnectivity{false} acceptPartialConnectivity{false} clat{mBaseIface: null, mIface: null, mState: IDLE} } lost immutable capabilities:specifier changed: WifiNetworkAgentSpecifier [WifiConfiguration=, SSID="SEEVISION_5G", BSSID=f4:92:bf:aa:6d:76, mOriginalRequestorUid=-1, mOriginalRequestorPackageName=] -> WifiNetworkAgentSpecifier [WifiConfiguration=, SSID="SEEVISION_5G", BSSID=f4:92:bf:a8:da:f6, mOriginalRequestorUid=-1, mOriginalRequestorPackageName=]
02-14 14:28:27.629  1425  1551 I DropBoxManagerService: add tag=system_server_wtf isTagEnabled=true flags=0x2
02-14 14:28:27.630    14    14 E         : [14:28:27.622865] [00000040BB29E155] [VosMC]  wlan: [E :SME] csr_check_sae_auth: 3799: negotiated auth type is 255
02-14 14:28:27.998     0     0 I         : [Esd]0x8040 = 0xFF, 0x8041 = 0xAA
02-14 14:28:29.016  1425  1551 W BroadcastQueue: Permission Denial: receiving Intent { act=android.net.wifi.RSSI_CHANGED flg=0x4000010 (has extras) } to ProcessRecord{21ef6d6 2421:.qtidataservices/1001} (pid=2421, uid=1001) requires android.permission.ACCESS_WIFI_STATE due to sender android (uid 1000)
02-14 14:28:30.276  1425  3102 E TaskPersister: File error accessing recents directory (directory doesn't exist?).
02-14 14:28:31.785  1425  2274 I ActivityTaskManager: START u0 {cmp=com.android.calendar/com.android.youdao.calendar.agenda.AllEventListActivity} from uid 10058
02-14 14:28:31.804  1425 12730 I ActivityTaskManager: The Process com.android.calendar Already Exists in BG. So sending its PID: 12809
02-14 14:28:35.394  1425  3102 E TaskPersister: File error accessing recents directory (directory doesn't exist?).
02-14 14:29:00.008  2209  2209 I EyeProtectController: time tick
02-14 14:29:06.079     0     0 I chatty  : uid=0(root) logd identical 19 lines
02-14 14:29:08.078     0     0 I         : [Esd]0x8040 = 0xFF, 0x8041 = 0xAA
02-14 14:29:08.991     0     0 W healthd : battery l=100 v=4380 t=25.9 h=2 st=5 c=-4 fc=7694000 cc=1 chg=u
02-14 14:29:10.079     0     0 I         : [Esd]0x8040 = 0xFF, 0x8041 = 0xAA
02-14 14:29:18.079     0     0 I chatty  : uid=0(root) logd identical 4 lines
02-14 14:29:20.079     0     0 I         : [Esd]0x8040 = 0xFF, 0x8041 = 0xAA
02-14 14:29:20.952     0     0 W healthd : battery l=100 v=4378 t=25.8 h=2 st=5 c=0 fc=7694000 cc=1 chg=u
02-14 14:29:22.079     0     0 I         : [Esd]0x8040 = 0xFF, 0x8041 = 0xAA
02-14 14:29:26.475  1425  1566 V DisplayPowerController: Brightness [10] reason changing to: 'manual [ dim ]', previous reason: 'manual'.
02-14 14:29:32.079     0     0 I chatty  : uid=0(root) logd identical 5 lines
02-14 14:29:33.473  1425  1566 I PowerManagerService: Going to sleep due to timeout (uid 1000)...
02-14 14:29:33.474  1425  1425 W UsageStatsService: Event reported without a package name, eventType:16
02-14 14:29:33.536  1425  1425 V SettingsProvider: Notifying for 0: content://settings/secure/reminder_exp_learning_time_elapsed
02-14 14:29:33.547  1425  1566 V DisplayPowerController: Brightness [102] reason changing to: 'manual', previous reason: 'manual [ dim ]'.
02-14 14:29:33.976  1425  1566 I DisplayPowerController: Blocking screen off
02-14 14:29:33.976  1425  1566 I DisplayPowerController: Unblocked screen off after 0 ms
02-14 14:29:33.997  1425  1566 D ActivityTaskManager: Top Process State changed to PROCESS_STATE_TOP_SLEEPING
02-14 14:29:34.002  1425  1556 E KernelCpuSpeedReader: Failed to read cpu-freq: /sys/devices/system/cpu/cpu0/cpufreq/stats/time_in_state: open failed: ENOENT (No such file or directory)
02-14 14:29:34.060  1425  1566 V DisplayPowerController: Brightness [0] reason changing to: 'screen_off', previous reason: 'manual'.
02-14 14:29:34.065  1425  1539 I DisplayManagerService: Display device changed state: "", OFF
02-14 14:29:34.365     0     0 I         : [Esd]0x8040 = 0xFF, 0x8041 = 0xAA
02-14 14:29:34.365     0     0 E         : gtp gtp_suspend end
02-14 14:29:34.365     0     0 I goodix-ts 3-005d: ESD off
02-14 14:29:34.372     0     0 I goodix-ts 3-005d: Enter sleep mode
02-14 14:29:34.438     0     0 E         : gtp gtp_suspend end
02-14 14:29:34.441  1425  1566 I DreamManagerService: Entering dreamland.
02-14 14:29:34.442  1425  1566 I PowerManagerService: Dozing...
02-14 14:29:34.442  1425  1536 I DreamController: Starting dream: name=ComponentInfo{com.android.systemui/com.android.systemui.doze.DozeService}, isTest=false, canDoze=true, userId=0
02-14 14:29:34.447     0     0 E hbtp    : hbtp->input_dev not ready!
02-14 14:29:34.467  1425  1536 D AutofillManagerService: Close system dialogs
02-14 14:29:34.502  1425  1425 V SettingsProvider: Notifying for 0: content://settings/secure/reminder_exp_learning_time_elapsed
02-14 14:29:34.506  1425  1425 V SettingsProvider: Notifying for 0: content://settings/secure/reminder_exp_learning_time_elapsed
02-14 14:29:34.587     0     0 I         : enter into es7210_mute, mute = 1
02-14 14:29:34.587     0     0 I event_handler: reclaimed all bufs
02-14 14:29:34.640  1425  1425 E AppOps  : Operation not started: uid=1000 pkg=android op=RECORD_AUDIO
02-14 14:29:34.643  1425  1551 I DropBoxManagerService: add tag=system_server_wtf isTagEnabled=true flags=0x2
02-14 14:29:34.687  1425  1425 W Looper  : Slow dispatch took 124ms main h=android.app.ActivityThread$H c=android.app.-$$Lambda$LoadedApk$ReceiverDispatcher$Args$_BumDX2UKsnxLVrE6UJsJZkotuA@9851021 m=0
02-14 14:29:34.698  2209  2209 I EyeProtectController: screen off
02-14 14:29:38.549  1425  1539 W UsageStatsService: Event reported without a package name, eventType:17
02-14 14:29:38.594  2069  2069 V KeyguardStatusView: refresh statusview showing:true
02-14 14:30:08.993     0     0 W healthd : battery l=100 v=4378 t=25.8 h=2 st=5 c=0 fc=7694000 cc=1 chg=u
02-14 14:30:25.941     0     0 W healthd : battery l=100 v=4381 t=25.7 h=2 st=5 c=0 fc=7694000 cc=1 chg=u
02-14 14:31:08.993     0     0 I chatty  : uid=0(root) logd identical 1 line
02-14 14:31:09.557  1425  1455 W ActivityManager: Unable to start service Intent { cmp=com.github.uiautomator/.Service } U=0: not found
02-14 14:31:30.985     0     0 W healthd : battery l=100 v=4381 t=25.7 h=2 st=5 c=0 fc=7694000 cc=1 chg=u
02-14 14:31:53.301  1425 12730 I PowerManagerService: Waking up from Dozing (uid=1000, reason=WAKE_REASON_WAKE_KEY, details=android.policy:KEY)...
02-14 14:31:53.301  1425  1425 W UsageStatsService: Event reported without a package name, eventType:15
02-14 14:31:53.302  1425  1566 I DisplayPowerController: Blocking screen on until initial contents have been drawn.
02-14 14:31:53.337  1425  1556 E KernelCpuSpeedReader: Failed to read cpu-freq: /sys/devices/system/cpu/cpu0/cpufreq/stats/time_in_state: open failed: ENOENT (No such file or directory)
02-14 14:31:53.353  1425  1566 V DisplayPowerController: Brightness [102] reason changing to: 'manual', previous reason: 'screen_off'.
02-14 14:31:53.362  1425  1539 I DisplayManagerService: Display device changed state: "", ON
02-14 14:31:53.368     0     0 E hbtp    : hbtp->input_dev not ready!
02-14 14:31:53.383  1425  1566 I DisplayPowerController: Unblocked screen on after 81 ms
02-14 14:31:53.396  1425  1425 V SettingsProvider: Notifying for 0: content://settings/secure/reminder_exp_learning_time_elapsed
02-14 14:31:53.458  1425  1551 W BroadcastQueue: Permission Denial: receiving Intent { act=android.net.wifi.RSSI_CHANGED flg=0x4000010 (has extras) } to ProcessRecord{21ef6d6 2421:.qtidataservices/1001} (pid=2421, uid=1001) requires android.permission.ACCESS_WIFI_STATE due to sender android (uid 1000)
02-14 14:31:53.499  2209  2209 I EyeProtectController: screen on
02-14 14:31:53.524     0     0 E msm_adsp_init_mixer_ctl_pp_event_queue: kctl_prtd is not NULL at initialization.
02-14 14:31:53.524     0     0 I         : msm8952_quat_mi2s_tx_be_hw_params_fixup()
02-14 14:31:53.528     0     0 E         : send_afe_cal_type cal_block not found!!
02-14 14:31:53.540     0     0 I         : enter into es7210_mute, mute = 0
02-14 14:31:53.545     0     0 E q6asm_send_cal: cal_block is NULL or stale
02-14 14:31:53.695     0     0 E         : gtp gtp_resume start
02-14 14:31:53.695     0     0 I goodix-ts 3-005d: Try resume from sleep mode
02-14 14:31:53.739     0     0 I goodix-ts 3-005d: ESD on
02-14 14:31:53.739     0     0 E         : gtp gtp_resume end
02-14 14:31:53.757  1425  1566 W PowerManagerService: Screen on took 460 ms
02-14 14:31:53.759  1425  1566 I DreamManagerService: Gently waking up from dream.
02-14 14:31:53.763  1425  1536 I DreamManagerService: Performing gentle wake from dream.
02-14 14:31:53.783  1425  1455 I DreamManagerService: Leaving dreamland.
02-14 14:31:53.784  1425  1536 I DreamManagerService: Performing gentle wake from dream.
02-14 14:31:53.784  1425  1536 I DreamController: Stopping dream: name=ComponentInfo{com.android.systemui/com.android.systemui.doze.DozeService}, isTest=false, canDoze=true, userId=0
02-14 14:31:53.803  1425  1425 V SettingsProvider: Notifying for 0: content://settings/secure/reminder_exp_learning_time_elapsed
02-14 14:31:54.565  1425  5852 D ActivityTaskManager: Top Process State changed to PROCESS_STATE_TOP
02-14 14:31:54.614  1425  1539 W UsageStatsService: Event reported without a package name, eventType:18
02-14 14:31:54.616  1425  1425 V SettingsProvider: Notifying for 0: content://settings/secure/reminder_exp_learning_time_elapsed
02-14 14:31:54.632  1425  1551 W BroadcastQueue: Background execution not allowed: receiving Intent { act=android.intent.action.USER_PRESENT flg=0x24200010 } to emdoor.digit.tester/.icon.IconBootReceiver
02-14 14:31:55.759     0     0 I         : [Esd]0x8040 = 0xFF, 0x8041 = 0xAA
02-14 14:31:56.257  1425  1537 D AutofillManagerService: onBackKeyPressed()
02-14 14:31:56.362  1425  1425 W ActivityManager: Unable to start service Intent { act=android.service.appprediction.AppPredictionService cmp=android.service.appprediction/.AppPredictionService } U=0: not found
02-14 14:31:56.362  1425  1425 W RemoteAppPredictionService: could not bind to Intent { act=android.service.appprediction.AppPredictionService cmp=android.service.appprediction/.AppPredictionService } using flags 67108865
02-14 14:31:56.578  1425  1538 I DropBoxManagerService: add tag=system_server_strictmode isTagEnabled=true flags=0x2
02-14 14:31:57.123    14    14 E         : [14:31:57.116109] [00000041AAE8DAA1] [VosMC]  wlan: [E :SME] csr_check_sae_auth: 3799: negotiated auth type is 255
02-14 14:31:57.124    14    14 E         : [14:31:57.116917] [00000041AAE91740] [VosMC]  wlan: [E :SME] csr_check_sae_auth: 3799: negotiated auth type is 255
02-14 14:31:57.163  3402  3873 D TelephonyManager: getCellLocation returning null because telephony is null
02-14 14:31:57.165  1425 12208 E WifiService: Permission violation - getScanResults not allowed for uid=10068, packageName=com.sohu.inputmethod.sogou, reason=java.lang.SecurityException: UID 10068 has no location permission
02-14 14:31:57.559  1425  1551 W BroadcastQueue: Skipping deliver [background] BroadcastRecord{33be1b5 u-1 android.net.conn.CONNECTIVITY_CHANGE} to ReceiverList{642704a 13052 (unknown name)/2000/u-1 remote:8ae449f}: process gone or crashing
02-14 14:31:57.568  1425 12208 I ActivityTaskManager: START u0 {act=android.intent.action.MAIN cat=[android.intent.category.LAUNCHER] flg=0x10200000 cmp=com.android.calendar/com.android.youdao.calendar.AllInOneActivity} from uid 2000
02-14 14:31:57.592  1425  1425 V SettingsProvider: Notifying for 0: content://settings/system/accelerometer_rotation
02-14 14:31:57.596  1425  1425 V SettingsProvider: Notifying for 0: content://settings/secure/reminder_exp_learning_time_elapsed
02-14 14:31:57.622  1425 12208 I ActivityTaskManager: The Process com.android.calendar Already Exists in BG. So sending its PID: 12809
02-14 14:31:57.628  1425 12208 I ActivityTaskManager: Config changes=20000480 {1.0 ?mcc?mnc [zh_CN] ldltr sw800dp w800dp h1256dp 240dpi xlrg port finger -keyb/v/h -nav/h winConfig={ mBounds=Rect(0, 0 - 1200, 1920) mAppBounds=Rect(0, 0 - 1200, 1920) mWindowingMode=fullscreen mDisplayWindowingMode=fullscreen mActivityType=undefined mAlwaysOnTop=undefined mRotation=ROTATION_0} s.257}
02-14 14:31:57.655  1425 12208 I ActivityTaskManager: Override config changes=20000480 {1.0 ?mcc?mnc [zh_CN] ldltr sw800dp w800dp h1256dp 240dpi xlrg port finger -keyb/v/h -nav/h winConfig={ mBounds=Rect(0, 0 - 1200, 1920) mAppBounds=Rect(0, 0 - 1200, 1920) mWindowingMode=fullscreen mDisplayWindowingMode=fullscreen mActivityType=undefined mAlwaysOnTop=undefined mRotation=ROTATION_0} s.257} for displayId=0
02-14 14:31:57.661  1425 12208 I ActivityTaskManager: Config changes=20000480 {1.0 ?mcc?mnc [zh_CN] ldltr sw800dp w1280dp h776dp 240dpi xlrg land finger -keyb/v/h -nav/h winConfig={ mBounds=Rect(0, 0 - 1920, 1200) mAppBounds=Rect(0, 0 - 1920, 1200) mWindowingMode=fullscreen mDisplayWindowingMode=fullscreen mActivityType=undefined mAlwaysOnTop=undefined mRotation=ROTATION_90} s.293}
02-14 14:31:57.687  1425 12208 I ActivityTaskManager: Override config changes=20000480 {1.0 ?mcc?mnc [zh_CN] ldltr sw800dp w1280dp h776dp 240dpi xlrg land finger -keyb/v/h -nav/h winConfig={ mBounds=Rect(0, 0 - 1920, 1200) mAppBounds=Rect(0, 0 - 1920, 1200) mWindowingMode=fullscreen mDisplayWindowingMode=fullscreen mActivityType=undefined mAlwaysOnTop=undefined mRotation=ROTATION_90} s.293} for displayId=0
02-14 14:31:57.701  1425  1425 V SettingsProvider: Notifying for 0: content://settings/system/accelerometer_rotation
02-14 14:31:57.758     0     0 I         : [Esd]0x8040 = 0xFF, 0x8041 = 0xAA
02-14 14:31:57.792  1425  5852 I ActivityTaskManager: START u0 {act=android.content.pm.action.REQUEST_PERMISSIONS pkg=com.android.permissioncontroller cmp=com.android.permissioncontroller/com.android.packageinstaller.permission.ui.GrantPermissionsActivity (has extras)} from uid 10058
02-14 14:31:57.854  1425  2429 I WindowManager: Screen frozen for +257ms due to AppWindowToken{43f4716 token=Token{295e431 ActivityRecord{f7ca8d8 u0 com.android.calendar/com.android.youdao.calendar.AllInOneActivity t20}}}
02-14 14:31:57.862  1425  2429 I ActivityTaskManager: The Process com.android.permissioncontroller Already Exists in BG. So sending its PID: 2080
02-14 14:31:58.085  1425  1538 I DropBoxManagerService: add tag=system_app_strictmode isTagEnabled=true flags=0x2
02-14 14:31:58.102  1425  1538 I chatty  : uid=1000(system) android.io identical 1 line
02-14 14:31:58.110  1425  1538 I DropBoxManagerService: add tag=system_app_strictmode isTagEnabled=true flags=0x2
02-14 14:31:58.478     0     0 I binder  : 698:698 transaction failed 29189/-22, size 92-0 line 3136
02-14 14:31:59.014  1425  4006 I ActivityTaskManager: START u0 {act=android.intent.action.VIEW cmp=com.android.calendar/com.android.youdao.calendar.events.ui.EditEventActivity (has extras)} from uid 10058
02-14 14:31:59.034  1425  4006 I ActivityTaskManager: The Process com.android.calendar Already Exists in BG. So sending its PID: 12809
02-14 14:31:59.470     0     0 I init    : Untracked pid 12655 received signal 1
02-14 14:31:59.758     0     0 I         : [Esd]0x8040 = 0xFF, 0x8041 = 0xAA
02-14 14:32:00.004  2209  2209 I EyeProtectController: time tick
02-14 14:32:01.032  1425  3102 E TaskPersister: File error accessing recents directory (directory doesn't exist?).
02-14 14:32:05.092  1425  3102 E TaskPersister: File error accessing recents directory (directory doesn't exist?).
02-14 14:32:05.759     0     0 I chatty  : uid=0(root) logd identical 3 lines
02-14 14:32:07.759     0     0 I         : [Esd]0x8040 = 0xFF, 0x8041 = 0xAA
02-14 14:32:08.988     0     0 W healthd : battery l=100 v=4380 t=25.7 h=2 st=5 c=-23 fc=7694000 cc=1 chg=u
02-14 14:32:09.141  1425  1538 I DropBoxManagerService: add tag=system_app_strictmode isTagEnabled=true flags=0x2
02-14 14:32:09.759     0     0 I         : [Esd]0x8040 = 0xFF, 0x8041 = 0xAA
02-14 14:32:29.477  1425  1537 D AutofillManagerService: onBackKeyPressed()
02-14 14:32:29.618  1425  1425 W ActivityManager: Unable to start service Intent { act=android.service.appprediction.AppPredictionService cmp=android.service.appprediction/.AppPredictionService } U=0: not found
02-14 14:32:29.618  1425  1425 W RemoteAppPredictionService: could not bind to Intent { act=android.service.appprediction.AppPredictionService cmp=android.service.appprediction/.AppPredictionService } using flags 67108865
02-14 14:32:30.729  1425  1551 W BroadcastQueue: Skipping deliver [background] BroadcastRecord{49ab7dd u-1 android.net.conn.CONNECTIVITY_CHANGE} to ReceiverList{bd3cf52 13223 (unknown name)/2000/u-1 remote:d971487}: process gone or crashing
02-14 14:32:30.739  1425  2429 I ActivityTaskManager: START u0 {act=android.intent.action.MAIN cat=[android.intent.category.LAUNCHER] flg=0x10200000 cmp=com.android.calendar/com.android.youdao.calendar.AllInOneActivity} from uid 2000
02-14 14:32:30.761  1425  1425 V SettingsProvider: Notifying for 0: content://settings/system/accelerometer_rotation
02-14 14:32:30.762  1425  1425 V SettingsProvider: Notifying for 0: content://settings/secure/reminder_exp_learning_time_elapsed
02-14 14:32:30.763  1425  2429 I ActivityTaskManager: The Process com.android.calendar Already Exists in BG. So sending its PID: 12809
02-14 14:32:30.782  1425  1425 V SettingsProvider: Notifying for 0: content://settings/system/accelerometer_rotation
02-14 14:32:30.842  1425  4006 I ActivityTaskManager: START u0 {act=android.content.pm.action.REQUEST_PERMISSIONS pkg=com.android.permissioncontroller cmp=com.android.permissioncontroller/com.android.packageinstaller.permission.ui.GrantPermissionsActivity (has extras)} from uid 10058
02-14 14:32:30.900  1425  4006 I ActivityTaskManager: The Process com.android.permissioncontroller Already Exists in BG. So sending its PID: 2080
02-14 14:32:32.082  1425  5852 I ActivityTaskManager: START u0 {act=android.intent.action.VIEW cmp=com.android.calendar/com.android.youdao.calendar.events.ui.EditEventActivity (has extras)} from uid 10058
02-14 14:32:32.098  1425  4006 I ActivityTaskManager: The Process com.android.calendar Already Exists in BG. So sending its PID: 12809
02-14 14:32:33.759     0     0 I chatty  : uid=0(root) logd identical 12 lines
02-14 14:32:34.233  1425  3102 E TaskPersister: File error accessing recents directory (directory doesn't exist?).
02-14 14:32:35.759     0     0 I         : [Esd]0x8040 = 0xFF, 0x8041 = 0xAA
02-14 14:32:35.974     0     0 W healthd : battery l=100 v=4378 t=25.7 h=2 st=5 c=0 fc=7694000 cc=1 chg=u
02-14 14:32:36.242  1425  1551 W BroadcastQueue: Permission Denial: receiving Intent { act=android.net.wifi.RSSI_CHANGED flg=0x4000010 (has extras) } to ProcessRecord{21ef6d6 2421:.qtidataservices/1001} (pid=2421, uid=1001) requires android.permission.ACCESS_WIFI_STATE due to sender android (uid 1000)
02-14 14:32:37.758     0     0 I         : [Esd]0x8040 = 0xFF, 0x8041 = 0xAA
02-14 14:32:38.095  1425  3102 E TaskPersister: File error accessing recents directory (directory doesn't exist?).
02-14 14:32:39.298  1425  1551 W BroadcastQueue: Permission Denial: receiving Intent { act=android.net.wifi.RSSI_CHANGED flg=0x4000010 (has extras) } to ProcessRecord{21ef6d6 2421:.qtidataservices/1001} (pid=2421, uid=1001) requires android.permission.ACCESS_WIFI_STATE due to sender android (uid 1000)
02-14 14:32:42.186  1425  1538 I DropBoxManagerService: add tag=system_app_strictmode isTagEnabled=true flags=0x2
02-14 14:32:57.759     0     0 I chatty  : uid=0(root) logd identical 10 lines
02-14 14:32:59.758     0     0 I         : [Esd]0x8040 = 0xFF, 0x8041 = 0xAA
02-14 14:33:00.007  2209  2209 I EyeProtectController: time tick
02-14 14:33:00.087     0     0 E QG-K    : qg_scale_soc: SOC scale: Start msoc=100 catch_up_soc=100 delta_soc=1
02-14 14:33:01.759     0     0 I         : [Esd]0x8040 = 0xFF, 0x8041 = 0xAA
02-14 14:33:05.759     0     0 I chatty  : uid=0(root) logd identical 2 lines
02-14 14:33:06.876  1425  1551 W BroadcastQueue: Permission Denial: receiving Intent { act=android.net.wifi.RSSI_CHANGED flg=0x4000010 (has extras) } to ProcessRecord{21ef6d6 2421:.qtidataservices/1001} (pid=2421, uid=1001) requires android.permission.ACCESS_WIFI_STATE due to sender android (uid 1000)
02-14 14:33:07.760     0     0 I         : [Esd]0x8040 = 0xFF, 0x8041 = 0xAA
02-14 14:33:08.995     0     0 W healthd : battery l=100 v=4379 t=25.9 h=2 st=5 c=0 fc=7694000 cc=1 chg=u
02-14 14:33:09.759     0     0 I         : [Esd]0x8040 = 0xFF, 0x8041 = 0xAA
02-14 14:33:13.441  3402  3873 D TelephonyManager: getCellLocation returning null because telephony is null
02-14 14:33:13.442  1425  1455 E WifiService: Permission violation - getScanResults not allowed for uid=10068, packageName=com.sohu.inputmethod.sogou, reason=java.lang.SecurityException: UID 10068 has no location permission
02-14 14:33:25.225  1425  1551 W BroadcastQueue: Permission Denial: receiving Intent { act=android.net.wifi.RSSI_CHANGED flg=0x4000010 (has extras) } to ProcessRecord{21ef6d6 2421:.qtidataservices/1001} (pid=2421, uid=1001) requires android.permission.ACCESS_WIFI_STATE due to sender android (uid 1000)
02-14 14:33:27.663  1425  1566 V DisplayPowerController: Brightness [10] reason changing to: 'manual [ dim ]', previous reason: 'manual'.
02-14 14:33:31.758     0     0 I chatty  : uid=0(root) logd identical 11 lines
02-14 14:33:33.759     0     0 I         : [Esd]0x8040 = 0xFF, 0x8041 = 0xAA
02-14 14:33:34.661  1425  1566 I PowerManagerService: Going to sleep due to timeout (uid 1000)...
02-14 14:33:34.663  1425  1425 W UsageStatsService: Event reported without a package name, eventType:16
02-14 14:33:34.716  1425  1425 V SettingsProvider: Notifying for 0: content://settings/secure/reminder_exp_learning_time_elapsed
02-14 14:33:34.733  1425  1566 V DisplayPowerController: Brightness [102] reason changing to: 'manual', previous reason: 'manual [ dim ]'.
02-14 14:33:35.161  1425  1566 I DisplayPowerController: Blocking screen off
02-14 14:33:35.162  1425  1566 I DisplayPowerController: Unblocked screen off after 1 ms
02-14 14:33:35.170  1425  1566 D ActivityTaskManager: Top Process State changed to PROCESS_STATE_TOP_SLEEPING
02-14 14:33:35.183  1425  1556 E KernelCpuSpeedReader: Failed to read cpu-freq: /sys/devices/system/cpu/cpu0/cpufreq/stats/time_in_state: open failed: ENOENT (No such file or directory)
02-14 14:33:35.223  1425  1566 V DisplayPowerController: Brightness [0] reason changing to: 'screen_off', previous reason: 'manual'.
02-14 14:33:35.530     0     0 E         : gtp gtp_suspend end
02-14 14:33:35.530     0     0 I goodix-ts 3-005d: ESD off
02-14 14:33:35.538     0     0 I goodix-ts 3-005d: Enter sleep mode
02-14 14:33:35.608     0     0 E         : gtp gtp_suspend end
02-14 14:33:35.619  1425  1566 I DreamManagerService: Entering dreamland.
02-14 14:33:35.620  1425  1566 I PowerManagerService: Dozing...
02-14 14:33:35.624     0     0 E hbtp    : hbtp->input_dev not ready!
02-14 14:33:35.633  1425  1538 I DropBoxManagerService: add tag=system_app_strictmode isTagEnabled=true flags=0x2
02-14 14:33:35.634  1425  1536 I DreamController: Starting dream: name=ComponentInfo{com.android.systemui/com.android.systemui.doze.DozeService}, isTest=false, canDoze=true, userId=0
02-14 14:33:35.645  1425  1539 I DisplayManagerService: Display device changed state: "", OFF
02-14 14:33:35.670  1425  1536 D AutofillManagerService: Close system dialogs
02-14 14:33:35.677  1425  1538 I DropBoxManagerService: add tag=system_app_strictmode isTagEnabled=true flags=0x2
02-14 14:33:35.695  1425  1538 I DropBoxManagerService: add tag=system_app_strictmode isTagEnabled=true flags=0x2
02-14 14:33:35.714  1425  1425 V SettingsProvider: Notifying for 0: content://settings/secure/reminder_exp_learning_time_elapsed
02-14 14:33:35.719  1425  1425 V SettingsProvider: Notifying for 0: content://settings/secure/reminder_exp_learning_time_elapsed
02-14 14:33:35.818     0     0 I         : enter into es7210_mute, mute = 1
02-14 14:33:35.818     0     0 I event_handler: reclaimed all bufs
02-14 14:33:35.866  1425  1425 E AppOps  : Operation not started: uid=1000 pkg=android op=RECORD_AUDIO
02-14 14:33:35.868  1425  1551 I DropBoxManagerService: add tag=system_server_wtf isTagEnabled=true flags=0x2
02-14 14:33:35.887  2209  2209 I EyeProtectController: screen off
