--------- beginning of kernel
01-04 07:38:50.611     0     0 E [RMNET:HI] rmnet_config_notify_cb(): Kernel is trying to unregister ipsec_test
01-04 07:38:50.660     0     0 I android_work: sent uevent USB_STATE=CONNECTED
01-04 07:38:50.696     0     0 I configfs-gadget gadget: high-speed config #1: b
01-04 07:38:50.696     0     0 I diag    : USB channel diag connected
01-04 07:38:50.697     0     0 E         : dwc3-msm.c Avail curr from USB = 500
01-04 07:38:50.697     0     0 I android_work: sent uevent USB_STATE=CONFIGURED
01-04 07:38:50.705     0     0 E [RMNET:HI] rmnet_config_notify_cb(): Kernel is trying to unregister ipsec_test
01-04 07:38:50.708     0     0 W healthd : battery l=100 v=4260 t=24.2 h=2 st=2 c=-1106 fc=7694000 cc=1 chg=u
01-04 07:38:50.712     0     0 I sps     : BAM 0x0000000007104000 (va:0x0000000000000000) enabled: ver:0x27, number of pipes:8
01-04 07:38:50.718     0     0 I MSM-CPP cpp_release_hardware: 1214 cpp hw release done
01-04 07:38:50.725     0     0 I alloc_contig_range: [fedf8, fee00) PFNs busy
01-04 07:38:50.727     0     0 E qti_ctrl_queue_notify: rmnet ctrl file handler 0000000000000000 is not open
01-04 07:38:50.728     0     0 E qti_ctrl_queue_notify: rmnet ctrl file handler 0000000000000000 is not open
01-04 07:38:50.744     0     0 I msm_pm_qos_update_request: update request -1
01-04 07:38:50.744     0     0 I msm_pm_qos_add_request: add request
01-04 07:38:50.745     0     0 I msm_pm_qos_update_request: update request 100
01-04 07:38:50.745     0     0 I msm_pm_qos_add_request: add request
01-04 07:38:50.746     0     0 E         : xyycam --- CFG_POWER_DOWN start
01-04 07:38:50.746     0     0 I         : => msm_sensor_power_down entry
01-04 07:38:50.746     0     0 E         : ===> msm_camera_power_down entry
01-04 07:38:50.749     0     0 I coresight-tmc 6028000.tmc: TMC-ETR enabled
01-04 07:38:50.749     0     0 I coresight-replicator-qcom 6026000.replicator: REPLICATOR enabled
01-04 07:38:50.749     0     0 I coresight-tmc 6027000.tmc: TMC-ETF enabled
01-04 07:38:50.749     0     0 I coresight-funnel 6021000.funnel: FUNNEL inport 7 enabled
01-04 07:38:50.750     0     0 I coresight-stm 6002000.stm: STM tracing enabled
01-04 07:38:50.752     0     0 I msm_csid_init: CSID_VERSION = 0x30050001
01-04 07:38:50.752     0     0 E         : msm_csid_irq CSID2_IRQ_STATUS_ADDR = 0x800
01-04 07:38:50.762     0     0 E         : xyycam --- CFG_POWER_UP start
01-04 07:38:50.762     0     0 I         : => msm_sensor_power_up entry
01-04 07:38:50.762     0     0 E         : ===> msm_camera_power_up entry
01-04 07:38:50.772     0     0 W healthd : battery l=100 v=4260 t=23.9 h=2 st=2 c=-1106 fc=7694000 cc=1 chg=u
01-04 07:38:50.776     0     0 I MSM-CPP cpp_init_hardware: 1133 CPP HW Version: 0x40030003
01-04 07:38:50.776     0     0 E MSM-CPP cpp_init_hardware: 1151 stream_cnt:0
01-04 07:38:50.781     0     0 I msm_cci_init: 1443: hw_version = 0x10020005
01-04 07:38:50.781     0     0 E         : ===> msm_camera_power_up out
01-04 07:38:50.781     0     0 E         : ===> msm_camera_power_down out
01-04 07:38:50.781     0     0 I         : => msm_sensor_power_down out
01-04 07:38:50.781     0     0 E         : xyycam --- CFG_POWER_DOWN end
01-04 07:38:50.791     0     0 E smd_pkt_open: DATA2 open failed -19
01-04 07:38:50.798     0     0 E msm_sensor_match_id: read id: 0x487b expected id 0x487b:
01-04 07:38:50.801     0     0 I         : => msm_sensor_power_up out
01-04 07:38:50.801     0     0 E         : xyycam --- CFG_POWER_UP end
01-04 07:38:50.815     0     0 W healthd : battery l=100 v=4291 t=23.9 h=2 st=2 c=-678 fc=7694000 cc=1 chg=u
01-04 07:38:50.858     0     0 E         : xyycam --- CFG_POWER_DOWN start
01-04 07:38:50.858     0     0 I         : => msm_sensor_power_down entry
01-04 07:38:50.858     0     0 E         : ===> msm_camera_power_down entry
01-04 07:38:50.868     0     0 I MSM-CPP cpp_release_hardware: 1214 cpp hw release done
01-04 07:38:50.870     0     0 E         : ===> msm_camera_power_down out
01-04 07:38:50.870     0     0 I         : => msm_sensor_power_down out
01-04 07:38:50.870     0     0 E         : xyycam --- CFG_POWER_DOWN end
01-04 07:38:50.877     0     0 E         : gtp gtp_resume start
01-04 07:38:50.888     0     0 I         : init.class_main (831) used greatest stack depth: 10800 bytes left
01-04 07:38:50.893     0     0 I msm_pm_qos_update_request: update request -1
01-04 07:38:50.893     0     0 I msm_pm_qos_add_request: add request
01-04 07:38:50.992     0     0 I         : [Esd]0x8040 = 0xFF, 0x8041 = 0xAA
01-04 07:38:51.328     0     0 I pil-q6v5-mss 4080000.qcom,mss: modem: Brought out of reset
01-04 07:38:51.368     0     0 E         : msm_qti_pp_get_rms_value_control, back not active to query rms be_idx:3
01-04 07:38:51.400     0     0 I pil-q6v5-mss 4080000.qcom,mss: modem: Power/Clock ready interrupt received
01-04 07:38:51.400     0     0 I pil-q6v5-mss 4080000.qcom,mss: Subsystem error monitoring/handling services are up
01-04 07:38:51.402     0     0 I         : IPA received MPSS AFTER_POWERUP
01-04 07:38:51.402     0     0 I         : IPA AFTER_POWERUP handling is complete
01-04 07:38:51.427     0     0 E msm_voice_sound_focus_get: Error getting Sound Focus Params, err=-22
01-04 07:38:51.428     0     0 E msm_voice_source_tracking_get: Error getting Source Tracking Params, err=-22
01-04 07:38:51.435     0     0 E msm_audio_get_copp_idx_from_port_id: Invalid FE, exiting
01-04 07:38:51.443     0     0 E msm_audio_sound_focus_get: Could not get copp idx for port_id=16385
01-04 07:38:51.449     0     0 E msm_audio_get_copp_idx_from_port_id: Invalid FE, exiting
01-04 07:38:51.455     0     0 E msm_audio_source_tracking_get: Could not get copp idx for port_id=16385
01-04 07:38:51.463     0     0 E msm_voice_sound_focus_get: Error getting Sound Focus Params, err=-22
01-04 07:38:51.470     0     0 E msm_voice_source_tracking_get: Error getting Source Tracking Params, err=-22
01-04 07:38:51.471     0     0 E ipc_router_log_msg: Modem QMI Readiness RX cmd:0x2 ADDR:0x0
01-04 07:38:51.476     0     0 I sysmon-qmi: sysmon_clnt_svc_arrive: Connection established between QMI handle and modem's SSCTL service
01-04 07:38:51.477     0     0 E rmt_storage: INFO:rmt_storage_open_cb: Processing: Open Request (req_h 0x1) for /boot/modem_fs1!
01-04 07:38:51.478     0     0 E rmt_storage: INFO:rmt_storage_open_cb: Processing: Open Request (req_h 0x2) for /boot/modem_fs2!
01-04 07:38:51.481     0     0 E rmt_storage: INFO:rmt_storage_open_cb: Processing: Open Request (req_h 0x3) for /boot/modem_fsg!
01-04 07:38:51.485     0     0 E rmt_storage: INFO:rmt_storage_open_cb: Processing: Open Request (req_h 0x4) for /boot/modem_fsc!
01-04 07:38:51.490     0     0 E rmt_storage: INFO:rmt_storage_alloc_buff_cb: Received req_size: 0! avail: 1572864
01-04 07:38:51.492     0     0 E rmt_storage: INFO:rmt_storage_rw_iovec_cb: Read iovec request (req_h 0x6 wr_count 0) received for /boot/modem_fs1
01-04 07:38:51.492     0     0 E rmt_storage: INFO:rmt_storage_client_thread: Calling Read [offset=512, size=512, req_h 0x6, wr_count 0] for /boot/modem_fs1!
01-04 07:38:51.493     0     0 E rmt_storage: INFO:rmt_storage_client_thread: Done Read (bytes = 512, req_h 0x6, wr_count 0) for /boot/modem_fs1!
--------- beginning of radio
01-04 07:38:51.529  1175  1175 D RILD    : **RIL Daemon Started**
01-04 07:38:51.529  1175  1175 D RILD    : **RILd param count=3**
01-04 07:38:51.530  1175  1175 D RILD    : RIL_Init argc = 3 clientId = 2
01-04 07:38:51.531  1175  1175 E RILD    : deviceInfoServiceModule dlopen failed ERROR:dlopen failed: library "/vendor/lib64/deviceInfoServiceModule.so" not found
01-04 07:38:51.531  1175  1175 E RILQ    : log to /data/vendor/radio/ril_log for QCRIL logging is not enabled
01-04 07:38:51.540  1144  1144 D RILD    : **RIL Daemon Started**
01-04 07:38:51.540  1144  1144 D RILD    : **RILd param count=1**
01-04 07:38:51.541  1144  1144 D RILD    : RIL_Init argc = 3 clientId = 0
01-04 07:38:51.541  1144  1144 E RILD    : deviceInfoServiceModule dlopen failed ERROR:dlopen failed: library "/vendor/lib64/deviceInfoServiceModule.so" not found
01-04 07:38:51.542  1144  1144 E RILQ    : log to /data/vendor/radio/ril_log for QCRIL logging is not enabled
01-04 07:38:51.563     0     0 E msm_audio_get_copp_idx_from_port_id: Invalid FE, exiting
01-04 07:38:51.573     0     0 E msm_audio_sound_focus_get: Could not get copp idx for port_id=4101
01-04 07:38:51.580     0     0 E msm_audio_get_copp_idx_from_port_id: Invalid FE, exiting
01-04 07:38:51.587     0     0 E msm_audio_source_tracking_get: Could not get copp idx for port_id=4101
01-04 07:38:51.591     0     0 I apr_tal : Modem Is Up
01-04 07:38:51.595     0     0 E scm_call failed: func id 0x42000c16, ret: -1, syscall returns: 0x0, 0x0, 0x0
01-04 07:38:51.599     0     0 E msm_voice_sound_focus_get: Error getting Sound Focus Params, err=-22
01-04 07:38:51.600   573   573 D TelephonyManager: No /proc/cmdline exception=java.io.FileNotFoundException: /proc/cmdline: open failed: EACCES (Permission denied)
01-04 07:38:51.600   573   573 D TelephonyManager: /proc/cmdline=
01-04 07:38:51.600     0     0 E msm_voice_source_tracking_get: Error getting Source Tracking Params, err=-22
01-04 07:38:51.601     0     0 E msm_audio_get_copp_idx_from_port_id: Invalid FE, exiting
01-04 07:38:51.601     0     0 E msm_audio_sound_focus_get: Could not get copp idx for port_id=4149
01-04 07:38:51.602     0     0 E msm_audio_get_copp_idx_from_port_id: Invalid FE, exiting
01-04 07:38:51.602     0     0 E msm_audio_source_tracking_get: Could not get copp idx for port_id=4149
01-04 07:38:51.603     0     0 E msm_audio_get_copp_idx_from_port_id: Invalid FE, exiting
01-04 07:38:51.603     0     0 E msm_audio_sound_focus_get: Could not get copp idx for port_id=36865
01-04 07:38:51.604     0     0 E msm_audio_get_copp_idx_from_port_id: Invalid FE, exiting
01-04 07:38:51.604     0     0 E msm_audio_source_tracking_get: Could not get copp idx for port_id=36865
01-04 07:38:51.608     0     0 I core_get_license_status: cmdrsp_license_result.result = 0x15 for module 0x131ff
01-04 07:38:51.620     0     0 I         : Sending QMI_IPA_INIT_MODEM_DRIVER_REQ_V01
01-04 07:38:51.620     0     0 E ipa-wan handle_indication_req: 135 not send indication
01-04 07:38:51.625     0     0 E ipa_uc_wdi_event_log_info_handler: 304 WDI feature missing 0x1
01-04 07:38:51.625     0     0 E ipa_uc_ntn_event_log_info_handler: 36 NTN feature missing 0x1
01-04 07:38:51.625     0     0 E ipa_uc_response_hdlr: 462 IPA uC loaded
01-04 07:38:51.625     0     0 I         : QMI_IPA_INIT_MODEM_DRIVER_REQ_V01 response received
01-04 07:38:51.670     0     0 E msm_adsp_stream_callback_get: ASM Stream PP event queue is not initialized.
01-04 07:38:51.671     0     0 E         : msm_qti_pp_get_rms_value_control, back not active to query rms be_idx:3
01-04 07:38:51.674     0     0 E msm_adsp_stream_callback_get: ASM Stream PP event queue is not initialized.
01-04 07:38:51.675     0     0 E         : msm_pcm_volume_ctl_get substream not found
01-04 07:38:51.675     0     0 E msm_adsp_stream_callback_get: ASM Stream PP event queue is not initialized.
01-04 07:38:51.685     0     0 I chatty  : uid=0(root) logd identical 2 lines
01-04 07:38:51.688     0     0 E msm_adsp_stream_callback_get: ASM Stream PP event queue is not initialized.
01-04 07:38:51.688     0     0 E         : msm_pcm_volume_ctl_get substream or runtime not found
01-04 07:38:51.690     0     0 E msm_voice_sound_focus_get: Error getting Sound Focus Params, err=-22
01-04 07:38:51.690     0     0 E msm_voice_source_tracking_get: Error getting Source Tracking Params, err=-22
01-04 07:38:51.690     0     0 E msm_audio_get_copp_idx_from_port_id: Invalid FE, exiting
01-04 07:38:51.690     0     0 E msm_audio_sound_focus_get: Could not get copp idx for port_id=16385
01-04 07:38:51.690     0     0 E msm_audio_get_copp_idx_from_port_id: Invalid FE, exiting
01-04 07:38:51.690     0     0 E msm_audio_source_tracking_get: Could not get copp idx for port_id=16385
01-04 07:38:51.691     0     0 E msm_voice_sound_focus_get: Error getting Sound Focus Params, err=-22
01-04 07:38:51.691     0     0 E msm_voice_source_tracking_get: Error getting Source Tracking Params, err=-22
01-04 07:38:51.691     0     0 E msm_audio_get_copp_idx_from_port_id: Invalid FE, exiting
01-04 07:38:51.691     0     0 E msm_audio_sound_focus_get: Could not get copp idx for port_id=4101
01-04 07:38:51.691     0     0 E msm_audio_get_copp_idx_from_port_id: Invalid FE, exiting
01-04 07:38:51.691     0     0 E msm_audio_source_tracking_get: Could not get copp idx for port_id=4101
01-04 07:38:51.692     0     0 E msm_voice_sound_focus_get: Error getting Sound Focus Params, err=-22
01-04 07:38:51.692     0     0 E msm_voice_source_tracking_get: Error getting Source Tracking Params, err=-22
01-04 07:38:51.692     0     0 E msm_adsp_stream_callback_get: ASM Stream PP event queue is not initialized.
01-04 07:38:51.692     0     0 E msm_audio_get_copp_idx_from_port_id: Invalid FE, exiting
01-04 07:38:51.692     0     0 E msm_audio_sound_focus_get: Could not get copp idx for port_id=4149
01-04 07:38:51.692     0     0 E msm_audio_get_copp_idx_from_port_id: Invalid FE, exiting
01-04 07:38:51.692     0     0 E msm_audio_source_tracking_get: Could not get copp idx for port_id=4149
01-04 07:38:51.693     0     0 E msm_audio_get_copp_idx_from_port_id: Invalid FE, exiting
01-04 07:38:51.693     0     0 E msm_audio_sound_focus_get: Could not get copp idx for port_id=36865
01-04 07:38:51.693     0     0 E msm_audio_get_copp_idx_from_port_id: Invalid FE, exiting
01-04 07:38:51.693     0     0 E msm_audio_source_tracking_get: Could not get copp idx for port_id=36865
01-04 07:38:51.694     0     0 I core_get_license_status: cmdrsp_license_result.result = 0x15 for module 0x131ff
01-04 07:38:51.705     0     0 E         : msm_pcm_volume_ctl_get substream not found
01-04 07:38:51.705     0     0 E msm_adsp_stream_callback_get: ASM Stream PP event queue is not initialized.
01-04 07:38:51.717     0     0 I chatty  : uid=0(root) logd identical 5 lines
01-04 07:38:51.719     0     0 E msm_adsp_stream_callback_get: ASM Stream PP event queue is not initialized.
01-04 07:38:51.719     0     0 E         : msm_pcm_volume_ctl_get substream not found
01-04 07:38:51.719     0     0 E msm_adsp_stream_callback_get: ASM Stream PP event queue is not initialized.
01-04 07:38:51.724     0     0 I chatty  : uid=0(root) logd identical 2 lines
01-04 07:38:51.727     0     0 E msm_adsp_stream_callback_get: ASM Stream PP event queue is not initialized.
01-04 07:38:51.730     0     0 E         : msm_pcm_volume_ctl_get substream not found
01-04 07:38:51.732     0     0 E         : msm_pcm_volume_ctl_get substream or runtime not found
01-04 07:38:51.733     0     0 E msm_adsp_stream_callback_get: ASM Stream PP event queue is not initialized.
01-04 07:38:51.733     0     0 E         : msm_pcm_volume_ctl_get substream or runtime not found
01-04 07:38:51.735     0     0 E msm_adsp_stream_callback_get: ASM Stream PP event queue is not initialized.
01-04 07:38:51.740     0     0 I chatty  : uid=0(root) logd identical 2 lines
01-04 07:38:51.745     0     0 E msm_adsp_stream_callback_get: ASM Stream PP event queue is not initialized.
01-04 07:38:51.747     0     0 E         : msm_pcm_volume_ctl_get substream not found
01-04 07:38:51.748     0     0 E msm_adsp_stream_callback_get: ASM Stream PP event queue is not initialized.
01-04 07:38:51.769     0     0 I chatty  : uid=0(root) logd identical 4 lines
01-04 07:38:51.774     0     0 E msm_adsp_stream_callback_get: ASM Stream PP event queue is not initialized.
01-04 07:38:51.777     0     0 E         : msm_pcm_volume_ctl_get substream not found
01-04 07:38:51.779     0     0 E         : msm_pcm_volume_ctl_get substream or runtime not found
01-04 07:38:51.782     0     0 E msm_adsp_stream_callback_get: ASM Stream PP event queue is not initialized.
01-04 07:38:51.785     0     0 I chatty  : uid=0(root) logd identical 1 line
01-04 07:38:51.788     0     0 E msm_adsp_stream_callback_get: ASM Stream PP event queue is not initialized.
01-04 07:38:51.798     0     0 E smd_pkt_open: DATA2 open failed -19
01-04 07:38:51.893     0     0 E wcdcal_hwdep_ioctl_shared: codec didn't set this 0!!
01-04 07:38:51.894     0     0 E wcdcal_hwdep_ioctl_shared: codec didn't set this 3!!
01-04 07:38:51.894     0     0 E wcdcal_hwdep_ioctl_shared: codec didn't set this 4!!
01-04 07:38:51.894     0     0 E wcdcal_hwdep_ioctl_shared: codec didn't set this 5!!
01-04 07:38:51.913     0     0 I wcnss   : wcnss_wlan triggered by userspace
01-04 07:38:51.916     0     0 I wcnss   : wcnss_pm_qos_add_request: add request
01-04 07:38:51.916     0     0 I wcnss   : wcnss_pm_qos_update_request: update request 100
01-04 07:38:51.917     0     0 E wcnss   : wcnss_trigger_config: couldn't get snoc_wcnss
01-04 07:38:51.923     0     0 I wcnss   : wcnss_notif_cb: notification event: 2 : SUBSYS_BEFORE_POWERUP
01-04 07:38:52.007     0     0 I subsys-pil-tz a21b000.qcom,pronto: wcnss: loading from 0x000000008e700000 to 0x000000008ed57000
01-04 07:38:52.007     0     0 I wcnss   : wcnss_notif_cb: notification event: 6 : SUBSYS_PROXY_VOTE
01-04 07:38:52.009     0     0 I wcnss   : IRIS Reg: 04000004
01-04 07:38:52.218     0     0 I subsys-pil-tz a21b000.qcom,pronto: wcnss: Brought out of reset
01-04 07:38:52.248  1144  1144 W RILC    : RIL_onUnsolicitedResponse called before RIL_register
01-04 07:38:52.251  1144  1144 E RILQ    : (0/1144): RIL[0][rild(1144,1144)] qcril_qmi_lte_direct_disc_pack_msg_tag: Message id and type doesnt co-exist. Cannot encode the tag
01-04 07:38:52.286     0     0 I batched_hyp_assign: Failed to assign memory protection, ret = -5
01-04 07:38:52.286     0     0 E memshare: hyp_assign_phys failed size=5242880 err=-5
01-04 07:38:52.293     0     0 E scm_call failed: func id 0x42000c16, ret: -1, syscall returns: 0x0, 0x0, 0x0
01-04 07:38:52.297     0     0 I batched_hyp_assign: Failed to assign memory protection, ret = -5
01-04 07:38:52.298     0     0 E memshare: hyp_assign_phys failed size=2097152 err=-5
01-04 07:38:52.307     0     0 E diag    : In diag_send_feature_mask_update, control channel is not open, p: 0, 0000000000000000
01-04 07:38:52.307     0     0 E diag    : In diag_send_peripheral_buffering_mode, buffering flag not set for 0
01-04 07:38:52.309     0     0 E diag    : In diag_send_peripheral_buffering_mode, buffering flag not set for 0
01-04 07:38:52.337  1144  1273 W RILC    : RIL_onUnsolicitedResponse called before RIL_register
01-04 07:38:52.337  1144  1273 W RILC    : RIL_onUnsolicitedResponse called before RIL_register
01-04 07:38:52.346  1144  1144 W RILC    : RIL_onUnsolicitedResponse called before RIL_register
01-04 07:38:52.347  1144  1144 E RILQ    : (0/1144): RIL[0][rild(1144,1144)] qcril_qmi_lte_direct_disc_pack_msg_tag: encoding the MsgHeader
01-04 07:38:52.366  1144  1144 D RILD    : RIL_Init rilInit completed
01-04 07:38:52.366  1144  1144 I RILC    : SIM_COUNT: 1
01-04 07:38:52.366  1144  1144 E RILC    : RIL_register: RIL version 15
01-04 07:38:52.366  1144  1144 I RILC    : s_registerCalled flag set, 1
01-04 07:38:52.374  1144  1385 D RIL_SAP : sap_register_service status=0
01-04 07:38:52.419  1144  1144 I RILC    : RILHIDL called registerService
01-04 07:38:52.419  1144  1144 D RILD    : RIL_Init RIL_register completed
01-04 07:38:52.419  1144  1144 D RILD    : RIL_register_socket completed
01-04 07:38:52.452  1144  1273 E RILQ    : (0/1144): RIL[0][(1144,1273)] get_ecc_property_name: ecc list name : ril.ecclist.
01-04 07:38:52.457     0     0 E ip_local_port_range: prefer different parity for start/end values.
01-04 07:38:52.457  1144  1273 I chatty  : uid=1001(radio) DispatcherModul identical 1 line
01-04 07:38:52.463  1144  1273 E RILQ    : (0/1144): RIL[0][(1144,1273)] get_ecc_property_name: ecc list name : ril.ecclist.
01-04 07:38:52.694     0     0 I subsys-pil-tz a21b000.qcom,pronto: wcnss: Power/Clock ready interrupt received
01-04 07:38:52.694     0     0 I wcnss   : wcnss_notif_cb: notification event: 7 : SUBSYS_PROXY_UNVOTE
01-04 07:38:52.707     0     0 I subsys-pil-tz a21b000.qcom,pronto: Subsystem error monitoring/handling services are up
01-04 07:38:52.711     0     0 I wcnss   : wcnss_notif_cb: notification event: 3 : SUBSYS_AFTER_POWERUP
01-04 07:38:52.711     0     0 I wcnss   : wcnss_pm_qos_update_request: update request -1
01-04 07:38:52.711     0     0 I wcnss   : wcnss_pm_qos_remove_request: remove request
01-04 07:38:52.713     0     0 E diag    : In diag_send_feature_mask_update, control channel is not open, p: 2, 0000000000000000
01-04 07:38:52.713     0     0 E diag    : In diag_send_peripheral_buffering_mode, buffering flag not set for 2
01-04 07:38:52.868     0     0 I wcnss   : wcnss_wlan_ctrl_probe: SMD ctrl channel up
01-04 07:38:52.868     0     0 I wcnss   : version 01050102
01-04 07:38:52.868     0     0 I wcnss   : schedule dnld work for pronto
01-04 07:38:52.868     0     0 I wcnss   : NV download
01-04 07:38:52.869     0     0 I wcnss   : build version CNSS-PR-4-0-3-0000314
01-04 07:38:52.869     0     0 E diag    : In diag_send_peripheral_buffering_mode, buffering flag not set for 2
01-04 07:38:52.886     0     0 I wcnss   : NV bin size: 31719, total_fragments: 11
01-04 07:38:52.886     0     0 E wcnss   : no space available for smd frame
01-04 07:38:52.911     0     0 I chatty  : uid=0(root) logd identical 1 line
01-04 07:38:52.941     0     0 E wcnss   : no space available for smd frame
01-04 07:38:52.956     0     0 I init    : processing action (ro.vendor.ril.mbn_copy_completed=1) from (/vendor/etc/init/hw/init.qcom.rc:823)
01-04 07:38:52.971     0     0 E wcnss   : no space available for smd frame
01-04 07:38:52.984     0     0 I init    : Service 'qcom-sh' (pid 960) exited with status 0
01-04 07:38:52.992     0     0 I         : [Esd]0x8040 = 0xFF, 0x8041 = 0xAA
01-04 07:38:53.098  1175  1175 W RILC    : RIL_onUnsolicitedResponse called before RIL_register
01-04 07:38:53.098  1175  1175 E RILQ    : (1/1175): RIL[1][rild(1175,1175)] qcril_qmi_lte_direct_disc_pack_msg_tag: Message id and type doesnt co-exist. Cannot encode the tag
01-04 07:38:53.163  1175  1266 W RILC    : RIL_onUnsolicitedResponse called before RIL_register
01-04 07:38:53.163  1175  1266 W RILC    : RIL_onUnsolicitedResponse called before RIL_register
01-04 07:38:53.175     0     0 E init    : Unable to set property 'ro.vendor.ril.svlte1x' to 'false' from uid:1001 gid:1001 pid:1175: Read-only property was already set
01-04 07:38:53.176     0     0 E init    : Unable to set property 'ro.vendor.ril.svdo' to 'false' from uid:1001 gid:1001 pid:1175: Read-only property was already set
01-04 07:38:53.184     0     0 E qpnp_adc_tm_channel_measure: not a valid ADC_TM channel
01-04 07:38:53.184     0     0 E wcnss   : wcnss_setup_vbat_monitoring: tm setup failed: -22
01-04 07:38:53.202  1175  1175 W RILC    : RIL_onUnsolicitedResponse called before RIL_register
01-04 07:38:53.202  1175  1175 E RILQ    : (1/1175): RIL[1][rild(1175,1175)] qcril_qmi_lte_direct_disc_pack_msg_tag: encoding the MsgHeader
01-04 07:38:53.207  1175  1175 D RILD    : RIL_Init rilInit completed
01-04 07:38:53.207  1175  1175 I RILC    : SIM_COUNT: 1
01-04 07:38:53.207  1175  1175 E RILC    : RIL_register: RIL version 15
01-04 07:38:53.207  1175  1175 I RILC    : s_registerCalled flag set, 1
01-04 07:38:53.225  1175  1487 D RIL_SAP : sap_register_service status=0
01-04 07:38:53.263  1175  1175 I RILC    : RILHIDL called registerService
01-04 07:38:53.263  1175  1175 D RILD    : RIL_Init RIL_register completed
01-04 07:38:53.263  1175  1175 D RILD    : RIL_register_socket completed
01-04 07:38:53.297  1144  1273 E RILQ    : (0/1144): RIL[0][(1144,1273)] get_ecc_property_name: ecc list name : ril.ecclist.
01-04 07:38:53.309  1175  1266 E RILQ    : (1/1175): RIL[1][(1175,1266)] get_ecc_property_name: ecc list name : ril.ecclist1.
01-04 07:38:53.471     0     0 E ipa-wan handle_ingress_format: 1286 get AGG size 8192 count 10
01-04 07:38:53.472     0     0 E ipa_assign_policy_v2: 3226 get close-by 8192
01-04 07:38:53.477     0     0 E ipa_assign_policy_v2: 3227 set rx_buff_sz 7680
01-04 07:38:53.483     0     0 E ipa_assign_policy_v2: 3248 set aggr_limit 6
01-04 07:38:53.512     0     0 E ipa-wan ipa_wwan_ioctl: 1573 dev(rmnet_data0) register to IPA
01-04 07:38:53.774     0     0 E ipa-wan ipa_wwan_ioctl: 1573 dev(rmnet_data1) register to IPA
01-04 07:38:53.819     0     0 D apexd   : Found bundled key in package /system/apex/com.android.apex.cts.shim.apex
01-04 07:38:53.819     0     0 D apexd   : Found bundled key in package /system/apex/com.google.android.conscrypt.apex
01-04 07:38:53.820     0     0 D apexd   : Found bundled key in package /system/apex/com.google.android.media.apex
01-04 07:38:53.820     0     0 D apexd   : Found bundled key in package /system/apex/com.google.android.media.swcodec.apex
01-04 07:38:53.821     0     0 D apexd   : Found bundled key in package /system/apex/com.google.android.resolv.apex
01-04 07:38:53.821     0     0 D apexd   : Found bundled key in package /system/apex/com.android.runtime.debug.apex
01-04 07:38:53.822     0     0 D apexd   : Found bundled key in package /system/apex/com.google.android.tzdata.apex
01-04 07:38:53.822     0     0 D apexd   : Found bundled key in package /system/apex/com.android.runtime.debug.apex
01-04 07:38:53.823     0     0 D apexd   : Found bundled key in package /system/apex/com.google.android.resolv.apex
01-04 07:38:53.824     0     0 D apexd   : Found bundled key in package /system/apex/com.android.apex.cts.shim.apex
01-04 07:38:54.058     0     0 E ipa-wan ipa_wwan_ioctl: 1573 dev(rmnet_data2) register to IPA
01-04 07:38:54.248     0     0 E ipa-wan ipa_wwan_ioctl: 1573 dev(rmnet_data3) register to IPA
01-04 07:38:54.475     0     0 E ipa-wan ipa_wwan_ioctl: 1573 dev(rmnet_data4) register to IPA
01-04 07:38:54.678     0     0 E ipa-wan ipa_wwan_ioctl: 1573 dev(rmnet_data5) register to IPA
01-04 07:38:54.884     0     0 E ipa-wan ipa_wwan_ioctl: 1573 dev(rmnet_data6) register to IPA
01-04 07:38:54.992     0     0 I         : [Esd]0x8040 = 0xFF, 0x8041 = 0xAA
01-04 07:38:55.035     0     0 W healthd : battery l=100 v=4331 t=23.8 h=2 st=2 c=-343 fc=7694000 cc=1 chg=u
01-04 07:38:55.126     0     0 E ipa-wan ipa_wwan_ioctl: 1573 dev(rmnet_data7) register to IPA
01-04 07:38:56.992     0     0 I         : [Esd]0x8040 = 0xFF, 0x8041 = 0xAA
01-04 07:38:57.858     0     0 I init    : Received control message 'start' for 'idmap2d' from pid: 1425 (system_server)
01-04 07:38:58.553     0     0 W healthd : battery l=100 v=4338 t=23.8 h=2 st=2 c=-329 fc=7694000 cc=1 chg=u
01-04 07:38:58.562     0     0 W healthd : battery l=100 v=4338 t=23.7 h=2 st=2 c=-329 fc=7694000 cc=1 chg=u
01-04 07:38:53.314  1175  1266 I chatty  : uid=1001(radio) DispatcherModul identical 1 line
01-04 07:38:53.318  1175  1266 E RILQ    : (1/1175): RIL[1][(1175,1266)] get_ecc_property_name: ecc list name : ril.ecclist1.
01-04 07:38:58.992     0     0 I         : [Esd]0x8040 = 0xFF, 0x8041 = 0xAA
01-04 07:38:59.108   574   574 D TelephonyManager: No /proc/cmdline exception=java.io.FileNotFoundException: /proc/cmdline: open failed: EACCES (Permission denied)
01-04 07:38:59.108   574   574 D TelephonyManager: /proc/cmdline=
01-04 07:38:59.131     0     0 I init    : processing action (sys.sysctl.extra_free_kbytes=*) from (/init.rc:821)
01-04 07:39:00.886     0     0 E         : wrong parameter
01-04 07:39:00.992     0     0 I         : [Esd]0x8040 = 0xFF, 0x8041 = 0xAA
01-04 07:39:01.392     0     0 I wcnss   : cal data collection completed
01-04 07:39:01.395     0     0 I init    : Service 'wcnss-service' (pid 834) exited with status 0
01-04 07:39:02.992     0     0 I         : [Esd]0x8040 = 0xFF, 0x8041 = 0xAA
01-04 07:39:04.992     0     0 I         : [Esd]0x8040 = 0xFF, 0x8041 = 0xAA
01-04 07:39:06.227     0     0 E         : ch_notify on a closed smd_pkt_dev id:2
01-04 07:39:06.992     0     0 I         : [Esd]0x8040 = 0xFF, 0x8041 = 0xAA
01-04 07:39:08.542     0     0 I init    : Received control message 'stop' for 'idmap2d' from pid: 1425 (system_server)
01-04 07:39:08.542     0     0 I init    : Sending signal 9 to service 'idmap2d' (pid 856) process group...
01-04 07:39:08.553     0     0 I libprocessgroup: Successfully killed process cgroup uid 1000 pid 856 in 10ms
01-04 07:39:08.556     0     0 I init    : Service 'idmap2d' (pid 856) received signal 9
01-04 07:39:08.992     0     0 I         : [Esd]0x8040 = 0xFF, 0x8041 = 0xAA
01-04 07:39:10.993     0     0 I         : [Esd]0x8040 = 0xFF, 0x8041 = 0xAA
01-04 07:39:11.551     0     0 I gfx_mem_acc_corner: disabling
01-04 07:39:11.551     0     0 I apc_mem_acc_corner: disabling
01-04 07:39:11.551     0     0 I dbu3    : disabling
01-04 07:39:11.551     0     0 I vdd_vreg: disabling
01-04 07:39:11.551     0     0 I lcdb_ldo: disabling
01-04 07:39:12.992     0     0 I         : [Esd]0x8040 = 0xFF, 0x8041 = 0xAA
01-04 07:39:13.625  1425  1425 E TelephonyManager: IMSI error: Subscriber Info is null
01-04 07:39:13.965     0     0 I         : msm8952_quat_mi2s_tx_be_hw_params_fixup()
01-04 07:39:13.974     0     0 I         : acc_open
01-04 07:39:13.974     0     0 I         : acc_release
01-04 07:39:13.982     0     0 I         : enter into es7210_mute, mute = 0
01-04 07:39:14.061     0     0 I         : enter into pcm_pop_work_events
01-04 07:39:14.061     0     0 I         : enter into es7210_unmute
01-04 07:39:14.992     0     0 I         : [Esd]0x8040 = 0xFF, 0x8041 = 0xAA
01-04 07:39:15.356     0     0 I wlan    : loading driver v3.0.11.85.9
01-04 07:39:15.360     0     0 I ueventd : firmware: loading 'wlan/prima/WCNSS_qcom_cfg.ini' for '/devices/platform/soc/a000000.qcom,wcnss-wlan/firmware/wlan!prima!WCNSS_qcom_cfg.ini'
01-04 07:39:15.362     0     0 I ueventd : loading /devices/platform/soc/a000000.qcom,wcnss-wlan/firmware/wlan!prima!WCNSS_qcom_cfg.ini took 1ms
01-04 07:39:15.369     0     0 I ueventd : firmware: loading 'wlan/prima/WCNSS_qcom_wlan_nv.bin' for '/devices/platform/soc/a000000.qcom,wcnss-wlan/firmware/wlan!prima!WCNSS_qcom_wlan_nv.bin'
01-04 07:39:15.369     0     0 I ueventd : loading /devices/platform/soc/a000000.qcom,wcnss-wlan/firmware/wlan!prima!WCNSS_qcom_wlan_nv.bin took 1ms
01-04 07:39:15.391     0     0 I wcnss   : wcnss_get_serial_number: Device serial number: 3800074250
01-04 07:39:15.544     0     0 I wlan    : WCNSS WLAN version 1.5.1.2
01-04 07:39:15.544     0     0 I wlan    : WCNSS software version CNSS-PR-4-0-3-0000314
01-04 07:39:15.544     0     0 I wlan    : WCNSS hardware version WCN v2.0 RadioPhy vIris_TSMC_4.0 with 48MHz XO
01-04 07:39:15.546     0     0 I hdd_get_feature_caps_cb: Firmware feature capabilities received
01-04 07:39:15.546     0     0 I         : DefaultCountry is 00
01-04 07:39:15.547     0     0 I country : 00 and initiator 0
01-04 07:39:15.595     0     0 I wlan_logging_sock_activate_svc: Initalizing FEConsoleLog = 1 NumBuff = 32
01-04 07:39:15.595     0     0 I wlan_logging_sock_activate_svc: Initalizing Pkt stats pkt_stats_buff = 16
01-04 07:39:15.596     0     0 I wlan    : driver loaded
01-04 07:39:15.605     0     0 I init    : Received control message 'interface_start' for 'android.hardware.wifi.supplicant@1.0::ISupplicant/default' from pid: 472 (/system/bin/hwservicemanager)
01-04 07:39:15.606     0     0 I init    : starting service 'wpa_supplicant'...
01-04 07:39:15.611     0     0 I init    : Created socket '/dev/socket/vendor_wpa_wlan0', mode 660, user 1010, group 1010
01-04 07:39:15.912     0     0 I IPv6    : ADDRCONF(NETDEV_UP): wlan0: link is not ready
01-04 07:39:15.939     7     7 E         : [07:39:15.929092] [00000000377C5006] [wific]  wlan: [E :HDD] wlan_hdd_get_classAstats: Unable to retrieve Class A statistics
01-04 07:39:15.939     7     7 E         : [07:39:15.929171] [00000000377C55F4] [wific]  wlan: [E :HDD] wlan_hdd_get_classAstats: Unable to retrieve Class A statistics
01-04 07:39:15.965     7     7 E         : [07:39:15.955013] [000000003783E818] [wpa_s]  wlan: [E :HDD] wlan_hdd_get_classAstats: Unable to retrieve Class A statistics
01-04 07:39:15.965     7     7 E         : [07:39:15.955147] [000000003783F230] [wpa_s]  wlan: [E :HDD] wlan_hdd_get_classAstats: Unable to retrieve Class A statistics
01-04 07:39:15.978     7     7 E         : [07:39:15.967766] [000000003787A492] [wpa_s]  wlan: [E :HDD] wlan_hdd_get_classAstats: Unable to retrieve Class A statistics
01-04 07:39:15.989     7     7 E         : [07:39:15.978812] [00000000378AE10D] [wpa_s]  wlan: [E :HDD] wlan_hdd_get_classAstats: Unable to retrieve Class A statistics
01-04 07:39:16.003     7     7 E         : [07:39:15.992917] [00000000378F02EE] [wpa_s]  wlan: [E :HDD] wlan_hdd_get_classAstats: Unable to retrieve Class A statistics
01-04 07:39:16.133     7     7 E         : [07:39:16.122768] [0000000037B50DC2] [wpa_s]  wlan: [E :HDD] __wlan_hdd_cfg80211_wifi_configuration_set: 7850: Not in Connected state!
01-04 07:39:16.233     0     0 E         : wrong parameter
01-04 07:39:17.002     0     0 I         : [Esd]0x8040 = 0xFF, 0x8041 = 0xAA
01-04 07:39:17.306     0     0 E dwc3 7000000.dwc3: ep5in: 0000000000000000 request already in queue
01-04 07:39:17.363  1425  2068 D TelephonyRegistry: listen oscl: mHasNotifySubscriptionInfoChangedOccurred==false no callback
01-04 07:39:17.461     0     0 I msm_vidc: info: Opening video instance: 0000000000000000, 1
01-04 07:39:17.467     0     0 I subsys-restart: __subsystem_get(): Changing subsys fw_name to venus
01-04 07:39:17.478     0     0 I ueventd : firmware: loading 'venus.mdt' for '/devices/platform/soc/1de0000.qcom,venus/firmware/venus.mdt'
01-04 07:39:17.482     0     0 I ueventd : loading /devices/platform/soc/1de0000.qcom,venus/firmware/venus.mdt took 2ms
01-04 07:39:17.501     0     0 I subsys-pil-tz 1de0000.qcom,venus: venus: loading from 0x000000008f000000 to 0x000000008f500000
01-04 07:39:17.523     0     0 I ueventd : firmware: loading 'venus.b02' for '/devices/platform/soc/1de0000.qcom,venus/firmware/venus.b02'
01-04 07:39:17.527     0     0 I ueventd : firmware: loading 'venus.b03' for '/devices/platform/soc/1de0000.qcom,venus/firmware/venus.b03'
01-04 07:39:17.532     0     0 I ueventd : firmware: loading 'venus.b04' for '/devices/platform/soc/1de0000.qcom,venus/firmware/venus.b04'
01-04 07:39:17.532     0     0 I ueventd : loading /devices/platform/soc/1de0000.qcom,venus/firmware/venus.b03 took 5ms
01-04 07:39:17.561     0     0 I subsys-pil-tz 1de0000.qcom,venus: venus: Brought out of reset
01-04 07:39:17.596     0     0 I msm_vidc: info: Closed video instance: 0000000000000000
01-04 07:39:17.612     0     0 I msm_vidc: info: Opening video instance: 0000000000000000, 1
01-04 07:39:17.627     0     0 I msm_vidc: info: Closed video instance: 0000000000000000
01-04 07:39:17.650     0     0 I msm_vidc: info: Opening video instance: 0000000000000000, 1
01-04 07:39:17.660     0     0 I msm_vidc: info: Closed video instance: 0000000000000000
01-04 07:39:17.674     0     0 I msm_vidc: info: Opening video instance: 0000000000000000, 1
01-04 07:39:17.683     0     0 I msm_vidc: info: Closed video instance: 0000000000000000
01-04 07:39:17.694     0     0 I msm_vidc: info: Opening video instance: 0000000000000000, 1
01-04 07:39:17.704     0     0 I msm_vidc: info: Closed video instance: 0000000000000000
01-04 07:39:17.715     0     0 I msm_vidc: info: Opening video instance: 0000000000000000, 1
01-04 07:39:17.724     0     0 I msm_vidc: info: Closed video instance: 0000000000000000
01-04 07:39:17.766     0     0 I msm_vidc: info: Opening video instance: 0000000000000000, 1
01-04 07:39:17.780     0     0 I msm_vidc: info: Closed video instance: 0000000000000000
01-04 07:39:17.792     0     0 I msm_vidc: info: Opening video instance: 0000000000000000, 1
01-04 07:39:17.813     0     0 I msm_vidc: info: Closed video instance: 0000000000000000
01-04 07:39:17.853     0     0 I msm_vidc: info: Opening video instance: 0000000000000000, 1
01-04 07:39:17.869     0     0 I msm_vidc: info: Closed video instance: 0000000000000000
01-04 07:39:17.890     0     0 I msm_vidc: info: Opening video instance: 0000000000000000, 1
01-04 07:39:17.906  1425  1962 D TelephonyRegistry: listen oscl: mHasNotifySubscriptionInfoChangedOccurred==false no callback
01-04 07:39:17.912     0     0 I msm_vidc: info: Closed video instance: 0000000000000000
01-04 07:39:17.935     0     0 I msm_vidc: info: Opening video instance: 0000000000000000, 1
01-04 07:39:17.949     0     0 I msm_vidc: info: Closed video instance: 0000000000000000
01-04 07:39:17.968  1425  1425 D TelephonyRegistry: listen oscl: mHasNotifySubscriptionInfoChangedOccurred==false no callback
01-04 07:39:18.017  1425  1425 D TelephonyRegistry: listen oscl: mHasNotifySubscriptionInfoChangedOccurred==false no callback
01-04 07:39:18.020     0     0 I msm_vidc: info: Opening video instance: 0000000000000000, 1
01-04 07:39:18.052     0     0 I msm_vidc: info: Closed video instance: 0000000000000000
01-04 07:39:18.052  1425  1425 D TelephonyRegistry: systemRunning register for intents
01-04 07:39:18.083     0     0 I msm_vidc: info: Opening video instance: 0000000000000000, 1
01-04 07:39:18.105     0     0 I msm_vidc: info: Closed video instance: 0000000000000000
01-04 07:39:18.129     0     0 I msm_vidc: info: Opening video instance: 0000000000000000, 1
01-04 07:39:18.149     0     0 I msm_vidc: info: Closed video instance: 0000000000000000
01-04 07:39:18.173     0     0 I msm_vidc: info: Opening video instance: 0000000000000000, 1
01-04 07:39:18.190     0     0 I msm_vidc: info: Closed video instance: 0000000000000000
01-04 07:39:18.239     0     0 I msm_vidc: info: Opening video instance: 0000000000000000, 1
01-04 07:39:18.259     0     0 I msm_vidc: info: Closed video instance: 0000000000000000
01-04 07:39:18.291     0     0 I msm_vidc: info: Opening video instance: 0000000000000000, 0
01-04 07:39:18.310     0     0 I msm_vidc: info: Closed video instance: 0000000000000000
01-04 07:39:18.346     0     0 I msm_vidc: info: Opening video instance: 0000000000000000, 0
01-04 07:39:18.365     0     0 I msm_vidc: info: Closed video instance: 0000000000000000
01-04 07:39:18.406     0     0 I msm_vidc: info: Opening video instance: 0000000000000000, 0
01-04 07:39:18.425     0     0 I msm_vidc: info: Closed video instance: 0000000000000000
01-04 07:39:18.444     0     0 I msm_vidc: info: Opening video instance: 0000000000000000, 0
01-04 07:39:18.444  2069  2069 W CarrierConfigManager: Error getting config for subId -1 ICarrierConfigLoader is null
01-04 07:39:18.466  1425  2274 D TelephonyRegistry: listen oscl: mHasNotifySubscriptionInfoChangedOccurred==false no callback
01-04 07:39:18.466     0     0 I msm_vidc: info: Closed video instance: 0000000000000000
01-04 07:39:18.490     0     0 I msm_vidc: info: Opening video instance: 0000000000000000, 0
01-04 07:39:18.507     0     0 I msm_vidc: info: Closed video instance: 0000000000000000
01-04 07:39:19.072     0     0 I         : [Esd]0x8040 = 0xFF, 0x8041 = 0xAA
01-04 07:39:19.144     0     0 I init    : Received control message 'start' for 'idmap2d' from pid: 1425 (system_server)
01-04 07:39:19.145     0     0 I init    : starting service 'idmap2d'...
01-04 07:39:21.048     0     0 I init    : Service 'bootanim' (pid 1247) exited with status 0
01-04 07:39:21.072     0     0 I         : [Esd]0x8040 = 0xFF, 0x8041 = 0xAA
01-04 07:39:21.466     0     0 I init    : processing action (sys.boot_completed=1) from (/init.rc:812)
01-04 07:39:21.467     0     0 I init    : starting service 'exec 18 (/bin/rm -rf /data/per_boot)'...
01-04 07:39:21.475     0     0 I init    : SVC_EXEC service 'exec 18 (/bin/rm -rf /data/per_boot)' pid 2744 (uid 1000 gid 1000+0 context default) started; waiting...
01-04 07:39:21.518     0     0 I init    : Async property child exited with status 0
01-04 07:39:21.527     0     0 I init    : Service 'exec 18 (/bin/rm -rf /data/per_boot)' (pid 2744) exited with status 0 waiting took 0.053000 seconds
01-04 07:39:21.532     0     0 I init    : Setting per_boot key on /data/per_boot
01-04 07:39:21.532     0     0 I init    : Setting policy on /data/per_boot
01-04 07:39:21.532     0     0 I init    : Policy for /data/per_boot set to 8e39167448e04c1c modes 127/4
01-04 07:39:21.533     0     0 I init    : processing action (sys.boot_completed=1) from (/vendor/etc/init/hw/init.qcom.rc:495)
01-04 07:39:21.534     0     0 I         : Boot completed
01-04 07:39:22.038     0     0 W audit   : audit_lost=1 audit_rate_limit=5 audit_backlog_limit=64
01-04 07:39:22.038     0     0 E audit   : rate limit exceeded
01-04 07:39:22.637     0     0 I zram0   : detected capacity change from 0 to 2147483648
01-04 07:39:22.738     0     0 I         : Adding 2097148k swap on /dev/block/zram0.  Priority:32758 extents:1 across:2097148k SS
01-04 07:39:22.938     0     0 I big_min_freq_adjust: big min freq ajustment enabled
01-04 07:39:23.049     0     0 I         : sdcardfs version 2.0
01-04 07:39:23.049     0     0 I sdcardfs: dev_name -> /data/media
01-04 07:39:23.049     0     0 I sdcardfs: options -> fsuid=1023,fsgid=1023,multiuser,derive_gid,default_normal,unshared_obb,mask=6,userid=0,gid=1015
01-04 07:39:23.049     0     0 I sdcardfs: mnt -> 0000000000000000
01-04 07:39:23.049     0     0 I sdcardfs: mounted on top of /data/media type ext4
01-04 07:39:23.053     0     0 I         : Remount options were mask=23,gid=9997 for vfsmnt 0000000000000000.
01-04 07:39:23.053     0     0 I sdcardfs: options - debug:1
01-04 07:39:23.053     0     0 I sdcardfs: options - gid:9997
01-04 07:39:23.053     0     0 I sdcardfs: options - mask:23
01-04 07:39:23.054     0     0 I         : Remount options were mask=7,gid=9997 for vfsmnt 0000000000000000.
01-04 07:39:23.054     0     0 I sdcardfs: options - debug:1
01-04 07:39:23.054     0     0 I sdcardfs: options - gid:9997
01-04 07:39:23.054     0     0 I sdcardfs: options - mask:7
01-04 07:39:23.056     0     0 I         : Remount options were mask=7,gid=9997 for vfsmnt 0000000000000000.
01-04 07:39:23.056     0     0 I sdcardfs: options - debug:1
01-04 07:39:23.056     0     0 I sdcardfs: options - gid:9997
01-04 07:39:23.056     0     0 I sdcardfs: options - mask:7
01-04 07:39:23.072     0     0 I         : [Esd]0x8040 = 0xFF, 0x8041 = 0xAA
01-04 07:39:23.326     0     0 E         : ETR is in use, disable it to change the mem_size
01-04 07:39:24.261     0     0 W audit   : audit_lost=4 audit_rate_limit=5 audit_backlog_limit=64
01-04 07:39:24.261     0     0 E audit   : rate limit exceeded
01-04 07:39:24.296     0     0 I msm_pm_qos_update_request: update request 100
01-04 07:39:24.299     0     0 I msm_pm_qos_add_request: add request
01-04 07:39:24.299     0     0 I msm_csid_init: CSID_VERSION = 0x30050001
01-04 07:39:24.300     0     0 E         : msm_csid_irq CSID2_IRQ_STATUS_ADDR = 0x800
01-04 07:39:24.307     0     0 E         : xyycam --- CFG_POWER_UP start
01-04 07:39:24.309     0     0 I MSM-CPP cpp_init_hardware: 1133 CPP HW Version: 0x40030003
01-04 07:39:24.309     0     0 E MSM-CPP cpp_init_hardware: 1151 stream_cnt:0
01-04 07:39:24.315     0     0 I         : => msm_sensor_power_up entry
01-04 07:39:24.315     0     0 E         : ===> msm_camera_power_up entry
01-04 07:39:24.336     0     0 I msm_cci_init: 1443: hw_version = 0x10020005
01-04 07:39:24.336     0     0 E         : ===> msm_camera_power_up out
01-04 07:39:24.336     0     0 E msm_sensor_match_id: read id: 0x487b expected id 0x487b:
01-04 07:39:24.339     0     0 I         : => msm_sensor_power_up out
01-04 07:39:24.339     0     0 E         : xyycam --- CFG_POWER_UP end
01-04 07:39:24.603     0     0 E         : msm_csid_irq CSID2_IRQ_STATUS_ADDR = 0x800
01-04 07:39:24.685     0     0 E ispif_process_irq: PIX0 frame id: 0
01-04 07:39:24.731     0     0 E ispif_process_irq: PIX0 frame id: 1
01-04 07:39:24.776     0     0 E ispif_process_irq: PIX0 frame id: 2
01-04 07:39:24.822     0     0 E ispif_process_irq: PIX0 frame id: 3
01-04 07:39:24.867     0     0 E ispif_process_irq: PIX0 frame id: 4
01-04 07:39:25.072     0     0 I         : [Esd]0x8040 = 0xFF, 0x8041 = 0xAA
01-04 07:39:26.320     0     0 E msm_isp_do_tasklet: VFE1 open cnt = 0, irq 80000000/0
01-04 07:39:26.336     0     0 E         : xyycam --- CFG_POWER_DOWN start
01-04 07:39:26.336     0     0 I         : => msm_sensor_power_down entry
01-04 07:39:26.336     0     0 E         : ===> msm_camera_power_down entry
01-04 07:39:26.340     0     0 I MSM-CPP cpp_release_hardware: 1214 cpp hw release done
01-04 07:39:26.345     0     0 E         : ===> msm_camera_power_down out
01-04 07:39:26.345     0     0 I         : => msm_sensor_power_down out
01-04 07:39:26.345     0     0 E         : xyycam --- CFG_POWER_DOWN end
01-04 07:39:26.356     0     0 I msm_pm_qos_update_request: update request -1
01-04 07:39:26.356     0     0 I msm_pm_qos_add_request: add request
01-04 07:39:27.073     0     0 I         : [Esd]0x8040 = 0xFF, 0x8041 = 0xAA
01-04 07:39:29.072     0     0 I         : [Esd]0x8040 = 0xFF, 0x8041 = 0xAA
01-04 07:39:29.317     0     0 I init    : Received control message 'stop' for 'idmap2d' from pid: 1425 (system_server)
01-04 07:39:29.317     0     0 I init    : Sending signal 9 to service 'idmap2d' (pid 2534) process group...
01-04 07:39:29.325     0     0 I libprocessgroup: Successfully killed process cgroup uid 1000 pid 2534 in 7ms
01-04 07:39:29.335     0     0 I init    : Service 'idmap2d' (pid 2534) received signal 9
01-04 07:39:31.073     0     0 I         : [Esd]0x8040 = 0xFF, 0x8041 = 0xAA
01-04 07:39:32.119     0     0 W audit   : audit_lost=5 audit_rate_limit=5 audit_backlog_limit=64
01-04 07:39:32.119     0     0 E audit   : rate limit exceeded
01-04 07:39:33.072     0     0 I         : [Esd]0x8040 = 0xFF, 0x8041 = 0xAA
01-04 07:39:35.072     0     0 I         : [Esd]0x8040 = 0xFF, 0x8041 = 0xAA
01-04 07:39:36.365     0     0 I msm_pm_qos_update_request: update request 100
01-04 07:39:36.365     0     0 I msm_pm_qos_add_request: add request
01-04 07:39:36.372     0     0 I msm_csid_init: CSID_VERSION = 0x30050001
01-04 07:39:36.373     0     0 E         : msm_csid_irq CSID2_IRQ_STATUS_ADDR = 0x800
01-04 07:39:36.379     0     0 E         : xyycam --- CFG_POWER_UP start
01-04 07:39:36.379     0     0 I         : => msm_sensor_power_up entry
01-04 07:39:36.379     0     0 E         : ===> msm_camera_power_up entry
01-04 07:39:36.384     0     0 I MSM-CPP cpp_init_hardware: 1133 CPP HW Version: 0x40030003
01-04 07:39:36.384     0     0 E MSM-CPP cpp_init_hardware: 1151 stream_cnt:0
01-04 07:39:36.401     0     0 I msm_cci_init: 1443: hw_version = 0x10020005
01-04 07:39:36.401     0     0 E         : ===> msm_camera_power_up out
01-04 07:39:36.402     0     0 E msm_sensor_match_id: read id: 0x487b expected id 0x487b:
01-04 07:39:36.404     0     0 W audit   : audit_lost=18 audit_rate_limit=5 audit_backlog_limit=64
01-04 07:39:36.404     0     0 E audit   : rate limit exceeded
01-04 07:39:36.418     0     0 I         : => msm_sensor_power_up out
01-04 07:39:36.418     0     0 E         : xyycam --- CFG_POWER_UP end
01-04 07:39:36.473     0     0 E         : msm_csid_irq CSID2_IRQ_STATUS_ADDR = 0x800
01-04 07:39:37.074     0     0 I         : [Esd]0x8040 = 0xFF, 0x8041 = 0xAA
01-04 07:39:38.272     0     0 E msm_isp_do_tasklet: VFE1 open cnt = 0, irq 80000000/0
01-04 07:39:38.302     0     0 E         : xyycam --- CFG_POWER_DOWN start
01-04 07:39:38.302     0     0 I         : => msm_sensor_power_down entry
01-04 07:39:38.302     0     0 E         : ===> msm_camera_power_down entry
01-04 07:39:38.309     0     0 I MSM-CPP cpp_release_hardware: 1214 cpp hw release done
01-04 07:39:38.312     0     0 E         : ===> msm_camera_power_down out
01-04 07:39:38.312     0     0 I         : => msm_sensor_power_down out
01-04 07:39:38.312     0     0 E         : xyycam --- CFG_POWER_DOWN end
01-04 07:39:38.321     0     0 I msm_pm_qos_update_request: update request -1
01-04 07:39:38.321     0     0 I msm_pm_qos_add_request: add request
01-04 07:39:39.072     0     0 I         : [Esd]0x8040 = 0xFF, 0x8041 = 0xAA
01-04 07:39:41.072     0     0 I         : [Esd]0x8040 = 0xFF, 0x8041 = 0xAA
01-04 07:39:41.298     0     0 I init    : Received control message 'start' for 'gsid' from pid: 1425 (system_server)
01-04 07:39:41.299     0     0 I init    : starting service 'gsid'...
01-04 07:39:41.374     0     0 I init    : Received control message 'stop' for 'gsid' from pid: 1425 (system_server)
01-04 07:39:41.374     0     0 I init    : Sending signal 9 to service 'gsid' (pid 4003) process group...
01-04 07:39:41.380     0     0 I libprocessgroup: Successfully killed process cgroup uid 0 pid 4003 in 5ms
01-04 07:39:41.392     0     0 I init    : Service 'gsid' (pid 4003) received signal 9
01-04 07:39:43.072     0     0 I         : [Esd]0x8040 = 0xFF, 0x8041 = 0xAA
01-04 07:39:44.454     0     0 E QG-K    : qg_scale_soc: SOC scale: Start msoc=100 catch_up_soc=100 delta_soc=1
02-09 17:08:15.217  1425  1425 D TelephonyRegistry: listen oscl: mHasNotifySubscriptionInfoChangedOccurred==false no callback
02-09 17:08:15.825  1425  1425 W CarrierConfigManager: Error getting config for subId -1 ICarrierConfigLoader is null
02-09 17:08:15.977  1425  1455 D TelephonyRegistry: listen oscl: mHasNotifySubscriptionInfoChangedOccurred==false no callback
02-09 17:08:16.021  1425  2572 D TelephonyRegistry: listen oscl: mHasNotifySubscriptionInfoChangedOccurred==false no callback
02-09 17:08:16.346  2069  2069 W CarrierConfigManager: Error getting config for subId -1 ICarrierConfigLoader is null
02-09 17:08:16.948  2069  2069 I chatty  : uid=10093(com.android.systemui) identical 1 line
