02-09 17:16:54.416     0     0 I         : [Esd]0x8040 = 0xFF, 0x8041 = 0xAA
02-09 17:16:54.645    17    17 E         : [17:16:54.635092] [000000028D56DBA1] [wpa_s]  wlan: [E :HDD] wlan_hdd_cfg80211_set_ie Set UNKNOWN IE 3B
02-09 17:16:54.647    17    17 E         : [17:16:54.637700] [000000028D579F4F] [wpa_s]  wlan: [E :SME] csr_check_sae_auth: 3799: negotiated auth type is 255
02-09 17:16:54.654    17    17 E         : [17:16:54.644765] [000000028D59B12E] [wpa_s]  wlan: [E :SME] csr_check_sae_auth: 3799: negotiated auth type is 255
02-09 17:16:54.666    17    17 E         : [17:16:54.657096] [000000028D5D4DFB] [wpa_s]  wlan: [E :SME] csr_check_sae_auth: 3799: negotiated auth type is 255
02-09 17:16:54.677    17    17 E         : [17:16:54.667735] [000000028D606BED] [wpa_s]  wlan: [E :SME] csr_check_sae_auth: 3799: negotiated auth type is 255
02-09 17:16:54.689    17    17 E         : [17:16:54.679903] [000000028D63FC75] [VosMC]  wlan: [E :SME] csr_check_sae_auth: 3799: negotiated auth type is 255
02-09 17:16:54.734    17    17 E         : [17:16:54.724372] [000000028D7103A2] [VosMC]  wlan: [E :PE ] limProcessSwitchChannelRsp: 4153: channelChangeReasonCode 1 status 0
02-09 17:16:54.825    17    17 E         : [17:16:54.815380] [000000028D8BAD3A] [VosMC]  wlan: [E :HDD] 00:0a:f5:02:20:28 connected to f4:92:bf:aa:6d:76
02-09 17:16:54.825    17    17 E         : [17:16:54.815565] [000000028D8BBB12] [VosMC]  wlan: [E :HDD] wlan(36) f4:92:bf:aa:6d:76 Standalone
02-09 17:16:56.109    17    17 E         : [17:16:56.099897] [000000028F040002] [VosMC]  wlan: [E :PE ] limProcessDeauthFrame: 148: Received Deauth frame for Addr: 00:0a:f5:02:20:28 (mlm state = eLIM_MLM_LINK_ESTABLISHED_STATE, sme state = 12 systemrole  = 3) with reason code 23 from f4:92:bf:aa:6d:76
02-09 17:16:56.110    17    17 E         : [17:16:56.100674] [000000028F043A4A] [VosMC]  wlan: [E :PE ] limProcessDeauthFrame: 200: received Deauth frame with invalid reasonCode 23 from f4:92:bf:aa:6d:76
02-09 17:16:56.137    17    17 E         : [17:16:56.127401] [000000028F0C0EC6] [VosMC]  wlan: [E :SME] csrRoamOffloadScan: 17846: RSO command 2 lastSentCmd 2, RSO is out of sync in HOST-FWR
02-09 17:16:56.149    17    17 E         : [17:16:56.139693] [000000028F0FA8C3] [VosMC]  wlan: [E :SME] csr_check_sae_auth: 3799: negotiated auth type is 255
02-09 17:16:56.183    17    17 E         : [17:16:56.173509] [000000028F1990E1] [VosMC]  wlan: [E :HDD] wlan: disconnected
02-09 17:16:56.187    17    17 E         : [17:16:56.177149] [000000028F1AA20D] [VosMC]  wlan: [E :HDD] wlan(0) 00:00:00:00:00:00 Standalone
02-09 17:16:56.416     0     0 I         : [Esd]0x8040 = 0xFF, 0x8041 = 0xAA
02-09 17:16:58.420     0     0 I chatty  : uid=0(root) logd identical 1 line
02-09 17:17:00.416     0     0 I         : [Esd]0x8040 = 0xFF, 0x8041 = 0xAA
02-09 17:17:01.404    17    17 E         : [17:17:01.394615] [0000000295132FD7] [wpa_s]  wlan: [E :HDD] wlan_hdd_cfg80211_set_ie Set UNKNOWN IE 3B
02-09 17:17:01.409    17    17 E         : [17:17:01.400032] [000000029514C641] [wpa_s]  wlan: [E :SME] csr_check_sae_auth: 3799: negotiated auth type is 255
02-09 17:17:01.419    17    17 E         : [17:17:01.409590] [00000002951792EC] [VosMC]  wlan: [E :SME] csr_check_sae_auth: 3799: negotiated auth type is 255
02-09 17:17:01.457    17    17 E         : [17:17:01.447888] [000000029522CB53] [VosMC]  wlan: [E :PE ] limProcessSwitchChannelRsp: 4153: channelChangeReasonCode 1 status 0
02-09 17:17:01.568    17    17 E         : [17:17:01.558695] [00000002954341D2] [VosMC]  wlan: [E :HDD] 00:0a:f5:02:20:28 connected to f4:92:bf:a8:da:f6
02-09 17:17:01.572    17    17 E         : [17:17:01.562749] [00000002954471F0] [VosMC]  wlan: [E :HDD] wlan(157) f4:92:bf:a8:da:f6 Standalone
02-09 17:17:02.094     0     0 E QG-K    : qg_scale_soc: SOC scale: Start msoc=100 catch_up_soc=100 delta_soc=1
02-09 17:17:02.417     0     0 I         : [Esd]0x8040 = 0xFF, 0x8041 = 0xAA
02-09 17:17:02.876    17    17 E         : [17:17:02.867029] [0000000296C28EED] [VosMC]  wlan: [E :PE ] limProcessDeauthFrame: 148: Received Deauth frame for Addr: 00:0a:f5:02:20:28 (mlm state = eLIM_MLM_LINK_ESTABLISHED_STATE, sme state = 12 systemrole  = 3) with reason code 23 from f4:92:bf:a8:da:f6
02-09 17:17:02.877    17    17 E         : [17:17:02.867641] [0000000296C2BCD4] [VosMC]  wlan: [E :PE ] limProcessDeauthFrame: 200: received Deauth frame with invalid reasonCode 23 from f4:92:bf:a8:da:f6
02-09 17:17:02.903    17    17 E         : [17:17:02.893175] [0000000296CA37D8] [VosMC]  wlan: [E :SME] csrRoamOffloadScan: 17846: RSO command 2 lastSentCmd 2, RSO is out of sync in HOST-FWR
02-09 17:17:02.917    17    17 E         : [17:17:02.907369] [0000000296CE60BD] [VosMC]  wlan: [E :SME] csr_check_sae_auth: 3799: negotiated auth type is 255
02-09 17:17:02.955    17    17 E         : [17:17:02.945658] [0000000296D99807] [VosMC]  wlan: [E :HDD] wlan: disconnected
02-09 17:17:02.955    17    17 E         : [17:17:02.945741] [0000000296D99E49] [VosMC]  wlan: [E :HDD] wlan(0) 00:00:00:00:00:00 Standalone
02-09 17:17:04.419     0     0 I         : [Esd]0x8040 = 0xFF, 0x8041 = 0xAA
02-09 17:17:06.416     0     0 I chatty  : uid=0(root) logd identical 1 line
02-09 17:17:08.416     0     0 I         : [Esd]0x8040 = 0xFF, 0x8041 = 0xAA
02-09 17:17:10.163    17    17 E         : [17:17:10.153403] [000000029F193CED] [wpa_s]  wlan: [E :HDD] wlan_hdd_cfg80211_set_ie Set UNKNOWN IE 3B
02-09 17:17:10.165    17    17 E         : [17:17:10.155586] [000000029F19E0B8] [wpa_s]  wlan: [E :SME] csr_check_sae_auth: 3799: negotiated auth type is 255
02-09 17:17:10.173    17    17 E         : [17:17:10.163102] [000000029F1C147C] [wpa_s]  wlan: [E :SME] csr_check_sae_auth: 3799: negotiated auth type is 255
02-09 17:17:10.184    17    17 E         : [17:17:10.174470] [000000029F1F690E] [wpa_s]  wlan: [E :SME] csr_check_sae_auth: 3799: negotiated auth type is 255
02-09 17:17:10.198    17    17 E         : [17:17:10.188223] [000000029F237072] [VosMC]  wlan: [E :SME] csr_check_sae_auth: 3799: negotiated auth type is 255
02-09 17:17:10.240    17    17 E         : [17:17:10.230338] [000000029F2FC713] [VosMC]  wlan: [E :PE ] limProcessSwitchChannelRsp: 4153: channelChangeReasonCode 1 status 0
02-09 17:17:10.348    17    17 E         : [17:17:10.338426] [000000029F4F71B2] [VosMC]  wlan: [E :HDD] 00:0a:f5:02:20:28 connected to f4:92:bf:a8:da:f6
02-09 17:17:10.352    17    17 E         : [17:17:10.342675] [000000029F50B068] [VosMC]  wlan: [E :HDD] wlan(157) f4:92:bf:a8:da:f6 Standalone
02-09 17:17:10.418     0     0 I         : [Esd]0x8040 = 0xFF, 0x8041 = 0xAA
02-09 17:17:11.626    17    17 E         : [17:17:11.616521] [00000002A0C5E2CD] [VosMC]  wlan: [E :PE ] limProcessDeauthFrame: 148: Received Deauth frame for Addr: 00:0a:f5:02:20:28 (mlm state = eLIM_MLM_LINK_ESTABLISHED_STATE, sme state = 12 systemrole  = 3) with reason code 23 from f4:92:bf:a8:da:f6
02-09 17:17:11.627    17    17 E         : [17:17:11.617145] [00000002A0C6119C] [VosMC]  wlan: [E :PE ] limProcessDeauthFrame: 200: received Deauth frame with invalid reasonCode 23 from f4:92:bf:a8:da:f6
02-09 17:17:11.654    17    17 E         : [17:17:11.644642] [00000002A0CE1FDB] [VosMC]  wlan: [E :SME] csrRoamOffloadScan: 17846: RSO command 2 lastSentCmd 2, RSO is out of sync in HOST-FWR
02-09 17:17:11.666    17    17 E         : [17:17:11.656694] [00000002A0D1A7D2] [VosMC]  wlan: [E :SME] csr_check_sae_auth: 3799: negotiated auth type is 255
02-09 17:17:11.706    17    17 E         : [17:17:11.696990] [00000002A0DD75F1] [VosMC]  wlan: [E :HDD] wlan: disconnected
02-09 17:17:11.707    17    17 E         : [17:17:11.697155] [00000002A0DD825D] [VosMC]  wlan: [E :HDD] wlan(0) 00:00:00:00:00:00 Standalone
02-09 17:17:12.421     0     0 I         : [Esd]0x8040 = 0xFF, 0x8041 = 0xAA
02-09 17:17:18.416     0     0 I chatty  : uid=0(root) logd identical 3 lines
02-09 17:17:20.417     0     0 I         : [Esd]0x8040 = 0xFF, 0x8041 = 0xAA
02-09 17:17:21.498    17    17 E         : [17:17:21.488213] [00000002AC11FBAD] [wpa_s]  wlan: [E :HDD] wlan_hdd_cfg80211_set_ie Set UNKNOWN IE 3B
02-09 17:17:21.499    17    17 E         : [17:17:21.489526] [00000002AC125E33] [wpa_s]  wlan: [E :SME] csr_check_sae_auth: 3799: negotiated auth type is 255
02-09 17:17:21.521    17    17 E         : [17:17:21.511256] [00000002AC18BBEB] [VosMC]  wlan: [E :SME] csr_check_sae_auth: 3799: negotiated auth type is 255
02-09 17:17:21.552    17    17 E         : [17:17:21.542792] [00000002AC21F924] [VosMC]  wlan: [E :PE ] limProcessSwitchChannelRsp: 4153: channelChangeReasonCode 1 status 0
02-09 17:17:21.659    17    17 E         : [17:17:21.649895] [00000002AC4159D7] [VosMC]  wlan: [E :HDD] 00:0a:f5:02:20:28 connected to f4:92:bf:aa:6d:76
02-09 17:17:21.670    17    17 E         : [17:17:21.660316] [00000002AC4467AC] [VosMC]  wlan: [E :HDD] wlan(36) f4:92:bf:aa:6d:76 Standalone
02-09 17:17:22.420     0     0 I         : [Esd]0x8040 = 0xFF, 0x8041 = 0xAA
02-09 17:17:22.970    17    17 E         : [17:17:22.960119] [00000002ADC134A0] [VosMC]  wlan: [E :PE ] limProcessDeauthFrame: 148: Received Deauth frame for Addr: 00:0a:f5:02:20:28 (mlm state = eLIM_MLM_LINK_ESTABLISHED_STATE, sme state = 12 systemrole  = 3) with reason code 23 from f4:92:bf:aa:6d:76
02-09 17:17:22.970    17    17 E         : [17:17:22.960865] [00000002ADC16CA5] [VosMC]  wlan: [E :PE ] limProcessDeauthFrame: 200: received Deauth frame with invalid reasonCode 23 from f4:92:bf:aa:6d:76
02-09 17:17:22.997    17    17 E         : [17:17:22.987742] [00000002ADC94C61] [VosMC]  wlan: [E :SME] csrRoamOffloadScan: 17846: RSO command 2 lastSentCmd 2, RSO is out of sync in HOST-FWR
02-09 17:17:23.009    17    17 E         : [17:17:22.999925] [00000002ADCCDE1B] [VosMC]  wlan: [E :SME] csr_check_sae_auth: 3799: negotiated auth type is 255
02-09 17:17:23.050    17    17 E         : [17:17:23.040135] [00000002ADD8A5CD] [VosMC]  wlan: [E :HDD] wlan: disconnected
02-09 17:17:23.050    17    17 E         : [17:17:23.040271] [00000002ADD8B009] [VosMC]  wlan: [E :HDD] wlan(0) 00:00:00:00:00:00 Standalone
02-09 17:17:24.122    17    17 E         : [17:17:24.112656] [00000002AF12DCEC] [wpa_s]  wlan: [E :HDD] wlan_hdd_cfg80211_set_ie Set UNKNOWN IE 3B
02-09 17:17:24.131    17    17 E         : [17:17:24.121129] [00000002AF155878] [wpa_s]  wlan: [E :SME] csr_check_sae_auth: 3799: negotiated auth type is 255
02-09 17:17:24.132    17    17 E         : [17:17:24.122372] [00000002AF15B5A7] [wpa_s]  wlan: [E :SME] csr_check_sae_auth: 3799: negotiated auth type is 255
02-09 17:17:24.145    17    17 E         : [17:17:24.135594] [00000002AF199555] [wpa_s]  wlan: [E :SME] csr_check_sae_auth: 3799: negotiated auth type is 255
02-09 17:17:24.156    17    17 E         : [17:17:24.146661] [00000002AF1CD34B] [VosMC]  wlan: [E :SME] csr_check_sae_auth: 3799: negotiated auth type is 255
02-09 17:17:24.201    17    17 E         : [17:17:24.191537] [00000002AF29F900] [VosMC]  wlan: [E :PE ] limProcessSwitchChannelRsp: 4153: channelChangeReasonCode 1 status 0
02-09 17:17:24.290    17    17 E         : [17:17:24.280745] [00000002AF441B8E] [VosMC]  wlan: [E :HDD] 00:0a:f5:02:20:28 connected to f4:92:bf:a8:da:f6
02-09 17:17:24.290    17    17 E         : [17:17:24.280952] [00000002AF442B1E] [VosMC]  wlan: [E :HDD] wlan(157) f4:92:bf:a8:da:f6 Standalone
02-09 17:17:24.416     0     0 I         : [Esd]0x8040 = 0xFF, 0x8041 = 0xAA
02-09 17:17:25.576    17    17 E         : [17:17:25.566403] [00000002B0BCC3F8] [VosMC]  wlan: [E :PE ] limProcessDeauthFrame: 148: Received Deauth frame for Addr: 00:0a:f5:02:20:28 (mlm state = eLIM_MLM_LINK_ESTABLISHED_STATE, sme state = 12 systemrole  = 3) with reason code 23 from f4:92:bf:a8:da:f6
02-09 17:17:25.576    17    17 E         : [17:17:25.567086] [00000002B0BCF72E] [VosMC]  wlan: [E :PE ] limProcessDeauthFrame: 200: received Deauth frame with invalid reasonCode 23 from f4:92:bf:a8:da:f6
02-09 17:17:25.602    17    17 E         : [17:17:25.592128] [00000002B0C44D52] [VosMC]  wlan: [E :SME] csrRoamOffloadScan: 17846: RSO command 2 lastSentCmd 2, RSO is out of sync in HOST-FWR
02-09 17:17:25.616    17    17 E         : [17:17:25.606218] [00000002B0C86E1C] [VosMC]  wlan: [E :SME] csr_check_sae_auth: 3799: negotiated auth type is 255
02-09 17:17:25.649    17    17 E         : [17:17:25.639642] [00000002B0D238F7] [VosMC]  wlan: [E :HDD] wlan: disconnected
02-09 17:17:25.649    17    17 E         : [17:17:25.639721] [00000002B0D23ED1] [VosMC]  wlan: [E :HDD] wlan(0) 00:00:00:00:00:00 Standalone
02-09 17:17:26.419     0     0 I         : [Esd]0x8040 = 0xFF, 0x8041 = 0xAA
02-09 17:17:28.418     0     0 I chatty  : uid=0(root) logd identical 1 line
02-09 17:17:30.420     0     0 I         : [Esd]0x8040 = 0xFF, 0x8041 = 0xAA
02-09 17:17:31.483    17    17 E         : [17:17:31.473739] [00000002B77F6E27] [wpa_s]  wlan: [E :HDD] wlan_hdd_cfg80211_set_ie Set UNKNOWN IE 3B
02-09 17:17:31.489    17    17 E         : [17:17:31.479369] [00000002B7811468] [wpa_s]  wlan: [E :SME] csr_check_sae_auth: 3799: negotiated auth type is 255
02-09 17:17:31.495    17    17 E         : [17:17:31.485280] [00000002B782CFB9] [VosMC]  wlan: [E :SME] csr_check_sae_auth: 3799: negotiated auth type is 255
02-09 17:17:31.540    17    17 E         : [17:17:31.530108] [00000002B78FF1D6] [VosMC]  wlan: [E :PE ] limProcessSwitchChannelRsp: 4153: channelChangeReasonCode 1 status 0
02-09 17:17:31.644    17    17 E         : [17:17:31.634229] [00000002B7AE72E1] [VosMC]  wlan: [E :HDD] 00:0a:f5:02:20:28 connected to f4:92:bf:a8:da:f6
02-09 17:17:31.644    17    17 E         : [17:17:31.634592] [00000002B7AE8E1F] [VosMC]  wlan: [E :HDD] wlan(157) f4:92:bf:a8:da:f6 Standalone
02-09 17:17:32.418     0     0 I         : [Esd]0x8040 = 0xFF, 0x8041 = 0xAA
02-09 17:17:32.946    17    17 E         : [17:17:32.936287] [00000002B92BE947] [VosMC]  wlan: [E :PE ] limProcessDeauthFrame: 148: Received Deauth frame for Addr: 00:0a:f5:02:20:28 (mlm state = eLIM_MLM_LINK_ESTABLISHED_STATE, sme state = 12 systemrole  = 3) with reason code 23 from f4:92:bf:a8:da:f6
02-09 17:17:32.946    17    17 E         : [17:17:32.937057] [00000002B92C22FB] [VosMC]  wlan: [E :PE ] limProcessDeauthFrame: 200: received Deauth frame with invalid reasonCode 23 from f4:92:bf:a8:da:f6
02-09 17:17:32.974    17    17 E         : [17:17:32.964914] [00000002B9344C4B] [VosMC]  wlan: [E :SME] csrRoamOffloadScan: 17846: RSO command 2 lastSentCmd 2, RSO is out of sync in HOST-FWR
02-09 17:17:32.986    17    17 E         : [17:17:32.976171] [00000002B937988E] [VosMC]  wlan: [E :SME] csr_check_sae_auth: 3799: negotiated auth type is 255
02-09 17:17:33.026    17    17 E         : [17:17:33.016185] [00000002B943519F] [VosMC]  wlan: [E :HDD] wlan: disconnected
02-09 17:17:33.026    17    17 E         : [17:17:33.016295] [00000002B94359DD] [VosMC]  wlan: [E :HDD] wlan(0) 00:00:00:00:00:00 Standalone
02-09 17:17:34.416     0     0 I         : [Esd]0x8040 = 0xFF, 0x8041 = 0xAA
02-09 17:17:38.416     0     0 I chatty  : uid=0(root) logd identical 2 lines
02-09 17:17:40.429     0     0 I         : [Esd]0x8040 = 0xFF, 0x8041 = 0xAA
02-09 17:17:41.548    17    17 E         : [17:17:41.538888] [00000002C304344A] [wpa_s]  wlan: [E :HDD] wlan_hdd_cfg80211_set_ie Set UNKNOWN IE 3B
02-09 17:17:41.549    17    17 E         : [17:17:41.540048] [00000002C3048B4D] [wpa_s]  wlan: [E :SME] csr_check_sae_auth: 3799: negotiated auth type is 255
02-09 17:17:41.559    17    17 E         : [17:17:41.549941] [00000002C307713F] [VosMC]  wlan: [E :SME] csr_check_sae_auth: 3799: negotiated auth type is 255
02-09 17:17:41.602    17    17 E         : [17:17:41.592388] [00000002C313E0CA] [VosMC]  wlan: [E :PE ] limProcessSwitchChannelRsp: 4153: channelChangeReasonCode 1 status 0
02-09 17:17:41.714    17    17 E         : [17:17:41.705025] [00000002C334E08E] [VosMC]  wlan: [E :HDD] 00:0a:f5:02:20:28 connected to f4:92:bf:a8:da:f6
02-09 17:17:41.717    17    17 E         : [17:17:41.707201] [00000002C33583DA] [VosMC]  wlan: [E :HDD] wlan(157) f4:92:bf:a8:da:f6 Standalone
02-09 17:17:41.997    17    17 E         : [17:17:41.987487] [00000002C387A144] [VosMC]  wlan: [E :SME] csr_check_sae_auth: 3799: negotiated auth type is 255
02-09 17:17:41.997    17    17 E         : [17:17:41.987921] [00000002C387C1D5] [VosMC]  wlan: [E :SME] csr_check_sae_auth: 3799: negotiated auth type is 255
02-09 17:17:42.050    17    17 E         : [17:17:42.040699] [00000002C397381C] [wpa_s]  wlan: [E :HDD] __wlan_hdd_cfg80211_firmware_roaming: 6601: attr bss id failed
02-09 17:17:42.498     0     0 I         : [Esd]0x8040 = 0xFF, 0x8041 = 0xAA
02-09 17:17:44.026     0     0 I init    : processing action (sys.sysctl.tcp_def_init_rwnd=*) from (/init.rc:825)
02-09 17:17:07.458  3402  3873 I chatty  : uid=10068(com.sohu.inputmethod.sogou) AsyncTask #1 identical 1 line
02-09 17:17:31.338  3402  3873 D TelephonyManager: getCellLocation returning null because telephony is null
02-09 17:17:44.496     0     0 I         : [Esd]0x8040 = 0xFF, 0x8041 = 0xAA
02-09 17:17:45.126    10    10 E         : [10:37:28.897449] [00000002C71C6AB3] [VosMC]  wlan: [E :SME] csr_check_sae_auth: 3799: negotiated auth type is 255
02-09 17:17:45.126    10    10 E         : [10:37:28.897526] [00000002C71C7088] [VosMC]  wlan: [E :SME] csr_check_sae_auth: 3799: negotiated auth type is 255
02-09 17:17:45.139    10    10 E         : [10:37:28.909582] [00000002C71FF8B4] [VosMC]  wlan: [E :SME] csr_check_sae_auth: 3799: negotiated auth type is 255
02-09 17:17:45.617    10    10 E         : [10:37:29.388080] [00000002C7AC2809] [VosMC]  wlan: [E :SME] csr_check_sae_auth: 3799: negotiated auth type is 255
02-09 17:17:45.617    10    10 E         : [10:37:29.388155] [00000002C7AC2DA8] [VosMC]  wlan: [E :SME] csr_check_sae_auth: 3799: negotiated auth type is 255
02-09 17:17:45.631    10    10 E         : [10:37:29.401944] [00000002C7B037D3] [VosMC]  wlan: [E :SME] csr_check_sae_auth: 3799: negotiated auth type is 255
02-09 17:17:46.498     0     0 I         : [Esd]0x8040 = 0xFF, 0x8041 = 0xAA
02-09 17:17:48.450    10    10 E         : [10:37:32.221229] [00000002CAEA2E3C] [VosMC]  wlan: [E :SME] csr_check_sae_auth: 3799: negotiated auth type is 255
02-09 17:17:48.450    10    10 E         : [10:37:32.221444] [00000002CAEA3E55] [VosMC]  wlan: [E :SME] csr_check_sae_auth: 3799: negotiated auth type is 255
02-09 17:17:48.462    10    10 E         : [10:37:32.233628] [00000002CAEDD02E] [VosMC]  wlan: [E :SME] csr_check_sae_auth: 3799: negotiated auth type is 255
02-09 17:17:48.498     0     0 I         : [Esd]0x8040 = 0xFF, 0x8041 = 0xAA
02-09 17:17:48.870    10    10 E         : [10:37:32.641177] [00000002CB653656] [VosMC]  wlan: [E :SME] csr_check_sae_auth: 3799: negotiated auth type is 255
02-09 17:17:48.871    10    10 E         : [10:37:32.642038] [00000002CB6576E2] [VosMC]  wlan: [E :SME] csr_check_sae_auth: 3799: negotiated auth type is 255
02-09 17:17:49.211     0     0 I msm_pm_qos_update_request: update request 100
02-09 17:17:49.213     0     0 I msm_pm_qos_add_request: add request
02-09 17:17:49.238     0     0 I msm_csid_init: CSID_VERSION = 0x30050001
02-09 17:17:49.239     0     0 E         : msm_csid_irq CSID2_IRQ_STATUS_ADDR = 0x800
02-09 17:17:49.239     0     0 I MSM-CPP cpp_init_hardware: 1133 CPP HW Version: 0x40030003
02-09 17:17:49.239     0     0 E MSM-CPP cpp_init_hardware: 1151 stream_cnt:0
02-09 17:17:49.300     0     0 E         : xyycam --- CFG_POWER_UP start
02-09 17:17:49.300     0     0 I         : => msm_sensor_power_up entry
02-09 17:17:49.300     0     0 E         : ===> msm_camera_power_up entry
02-09 17:17:49.326     0     0 W audit   : audit_lost=51 audit_rate_limit=5 audit_backlog_limit=64
02-09 17:17:49.326     0     0 E audit   : rate limit exceeded
02-09 17:17:49.330     0     0 I msm_cci_init: 1443: hw_version = 0x10020005
02-09 17:17:49.330     0     0 E         : ===> msm_camera_power_up out
02-09 17:17:49.331     0     0 E msm_sensor_match_id: read id: 0x487b expected id 0x487b:
02-09 17:17:49.331     0     0 I         : => msm_sensor_power_up out
02-09 17:17:49.331     0     0 E         : xyycam --- CFG_POWER_UP end
02-09 17:17:49.479     0     0 E         : msm_csid_irq CSID2_IRQ_STATUS_ADDR = 0x800
02-09 17:17:50.497     0     0 I         : [Esd]0x8040 = 0xFF, 0x8041 = 0xAA
02-09 17:17:51.371     0     0 E         : xyycam --- CFG_POWER_DOWN start
02-09 17:17:51.371     0     0 I         : => msm_sensor_power_down entry
02-09 17:17:51.371     0     0 E         : ===> msm_camera_power_down entry
02-09 17:17:51.378     0     0 I MSM-CPP cpp_release_hardware: 1214 cpp hw release done
02-09 17:17:51.382     0     0 E         : ===> msm_camera_power_down out
02-09 17:17:51.382     0     0 I         : => msm_sensor_power_down out
02-09 17:17:51.382     0     0 E         : xyycam --- CFG_POWER_DOWN end
02-09 17:17:51.393     0     0 I msm_pm_qos_update_request: update request -1
02-09 17:17:51.393     0     0 I msm_pm_qos_add_request: add request
02-09 17:17:52.499     0     0 I         : [Esd]0x8040 = 0xFF, 0x8041 = 0xAA
02-09 17:18:02.499     0     0 I chatty  : uid=0(root) logd identical 5 lines
02-09 17:18:04.496     0     0 I         : [Esd]0x8040 = 0xFF, 0x8041 = 0xAA
02-09 17:18:05.725     0     0 E QG-K    : qg_scale_soc: SOC scale: Start msoc=100 catch_up_soc=100 delta_soc=1
02-09 17:18:06.498     0     0 I         : [Esd]0x8040 = 0xFF, 0x8041 = 0xAA
02-09 17:18:16.496     0     0 I chatty  : uid=0(root) logd identical 5 lines
02-09 17:18:18.496     0     0 I         : [Esd]0x8040 = 0xFF, 0x8041 = 0xAA
02-09 17:18:20.482     0     0 I msm_pm_qos_update_request: update request 100
02-09 17:18:20.487     0     0 I msm_pm_qos_add_request: add request
02-09 17:18:20.489     0     0 I msm_csid_init: CSID_VERSION = 0x30050001
02-09 17:18:20.490     0     0 E         : msm_csid_irq CSID2_IRQ_STATUS_ADDR = 0x800
02-09 17:18:20.499     0     0 I MSM-CPP cpp_init_hardware: 1133 CPP HW Version: 0x40030003
02-09 17:18:20.499     0     0 E MSM-CPP cpp_init_hardware: 1151 stream_cnt:0
02-09 17:18:20.500     0     0 E         : xyycam --- CFG_POWER_UP start
02-09 17:18:20.500     0     0 I         : => msm_sensor_power_up entry
02-09 17:18:20.500     0     0 E         : ===> msm_camera_power_up entry
02-09 17:18:20.516     0     0 I         : [Esd]0x8040 = 0xFF, 0x8041 = 0xAA
02-09 17:18:20.516     0     0 I msm_cci_init: 1443: hw_version = 0x10020005
02-09 17:18:20.516     0     0 E         : ===> msm_camera_power_up out
02-09 17:18:20.516     0     0 E msm_sensor_match_id: read id: 0x487b expected id 0x487b:
02-09 17:18:20.516     0     0 I         : => msm_sensor_power_up out
02-09 17:18:20.516     0     0 E         : xyycam --- CFG_POWER_UP end
02-09 17:18:20.529     0     0 W audit   : audit_lost=52 audit_rate_limit=5 audit_backlog_limit=64
02-09 17:18:20.529     0     0 E audit   : rate limit exceeded
02-09 17:18:20.609     0     0 E         : msm_csid_irq CSID2_IRQ_STATUS_ADDR = 0x800
02-09 17:18:22.576     0     0 I         : [Esd]0x8040 = 0xFF, 0x8041 = 0xAA
02-09 17:18:23.842     0     0 E msm_isp_buf_enqueue: Invalid bufq, handle 0x1000205, stream id 10002 num_plane 2
02-09 17:18:24.412     0     0 E         : xyycam --- CFG_POWER_DOWN start
02-09 17:18:24.412     0     0 I         : => msm_sensor_power_down entry
02-09 17:18:24.412     0     0 E         : ===> msm_camera_power_down entry
02-09 17:18:24.421     0     0 E         : ===> msm_camera_power_down out
02-09 17:18:24.421     0     0 I         : => msm_sensor_power_down out
02-09 17:18:24.421     0     0 E         : xyycam --- CFG_POWER_DOWN end
02-09 17:18:24.422     0     0 I MSM-CPP cpp_release_hardware: 1214 cpp hw release done
02-09 17:18:24.437     0     0 I msm_pm_qos_update_request: update request -1
02-09 17:18:24.437     0     0 I msm_pm_qos_add_request: add request
02-09 17:18:24.578     0     0 I         : [Esd]0x8040 = 0xFF, 0x8041 = 0xAA
02-09 17:18:26.577     0     0 I chatty  : uid=0(root) logd identical 1 line
02-09 17:18:28.576     0     0 I         : [Esd]0x8040 = 0xFF, 0x8041 = 0xAA
02-09 17:18:29.538     0     0 I msm_pm_qos_update_request: update request 100
02-09 17:18:29.545     0     0 I msm_pm_qos_add_request: add request
02-09 17:18:29.545     0     0 I msm_csid_init: CSID_VERSION = 0x30050001
02-09 17:18:29.557     0     0 I MSM-CPP cpp_init_hardware: 1133 CPP HW Version: 0x40030003
02-09 17:18:29.557     0     0 E MSM-CPP cpp_init_hardware: 1151 stream_cnt:0
02-09 17:18:29.567     0     0 E         : msm_csid_irq CSID2_IRQ_STATUS_ADDR = 0x800
02-09 17:18:29.578     0     0 E         : xyycam --- CFG_POWER_UP start
02-09 17:18:29.578     0     0 I         : => msm_sensor_power_up entry
02-09 17:18:29.578     0     0 E         : ===> msm_camera_power_up entry
02-09 17:18:29.597     0     0 I msm_cci_init: 1443: hw_version = 0x10020005
02-09 17:18:29.597     0     0 E         : ===> msm_camera_power_up out
02-09 17:18:29.597     0     0 E msm_sensor_match_id: read id: 0x487b expected id 0x487b:
02-09 17:18:29.597     0     0 I         : => msm_sensor_power_up out
02-09 17:18:29.597     0     0 E         : xyycam --- CFG_POWER_UP end
02-09 17:18:29.691     0     0 E         : msm_csid_irq CSID2_IRQ_STATUS_ADDR = 0x800
02-09 17:18:30.576     0     0 I         : [Esd]0x8040 = 0xFF, 0x8041 = 0xAA
02-09 17:18:31.976     0     0 E         : xyycam --- CFG_POWER_DOWN start
02-09 17:18:31.976     0     0 I         : => msm_sensor_power_down entry
02-09 17:18:31.976     0     0 E         : ===> msm_camera_power_down entry
02-09 17:18:31.981     0     0 I MSM-CPP cpp_release_hardware: 1214 cpp hw release done
02-09 17:18:31.986     0     0 E         : ===> msm_camera_power_down out
02-09 17:18:31.986     0     0 I         : => msm_sensor_power_down out
02-09 17:18:31.986     0     0 E         : xyycam --- CFG_POWER_DOWN end
02-09 17:18:32.002     0     0 I msm_pm_qos_update_request: update request -1
02-09 17:18:32.002     0     0 I msm_pm_qos_add_request: add request
02-09 17:18:32.580     0     0 I         : [Esd]0x8040 = 0xFF, 0x8041 = 0xAA
02-09 17:18:40.576     0     0 I chatty  : uid=0(root) logd identical 4 lines
02-09 17:18:42.577     0     0 I         : [Esd]0x8040 = 0xFF, 0x8041 = 0xAA
02-09 17:18:43.790     0     0 I msm_pm_qos_update_request: update request 100
02-09 17:18:43.796     0     0 I msm_pm_qos_add_request: add request
02-09 17:18:43.796     0     0 I msm_csid_init: CSID_VERSION = 0x30050001
02-09 17:18:43.797     0     0 E         : msm_csid_irq CSID2_IRQ_STATUS_ADDR = 0x800
02-09 17:18:43.804     0     0 E         : xyycam --- CFG_POWER_UP start
02-09 17:18:43.804     0     0 I         : => msm_sensor_power_up entry
02-09 17:18:43.804     0     0 E         : ===> msm_camera_power_up entry
02-09 17:18:43.806     0     0 I MSM-CPP cpp_init_hardware: 1133 CPP HW Version: 0x40030003
02-09 17:18:43.806     0     0 E MSM-CPP cpp_init_hardware: 1151 stream_cnt:0
02-09 17:18:43.825     0     0 I msm_cci_init: 1443: hw_version = 0x10020005
02-09 17:18:43.825     0     0 E         : ===> msm_camera_power_up out
02-09 17:18:43.826     0     0 E msm_sensor_match_id: read id: 0x487b expected id 0x487b:
02-09 17:18:43.826     0     0 I         : => msm_sensor_power_up out
02-09 17:18:43.826     0     0 E         : xyycam --- CFG_POWER_UP end
02-09 17:18:43.919     0     0 E         : msm_csid_irq CSID2_IRQ_STATUS_ADDR = 0x800
02-09 17:18:44.576     0     0 I         : [Esd]0x8040 = 0xFF, 0x8041 = 0xAA
02-09 17:18:45.027     0     0 E msm_isp_buf_enqueue: Invalid bufq, handle 0x1000205, stream id 10002 num_plane 2
02-09 17:18:45.520     0     0 E         : xyycam --- CFG_POWER_DOWN start
02-09 17:18:45.520     0     0 I         : => msm_sensor_power_down entry
02-09 17:18:45.520     0     0 E         : ===> msm_camera_power_down entry
02-09 17:18:45.528     0     0 I MSM-CPP cpp_release_hardware: 1214 cpp hw release done
02-09 17:18:45.530     0     0 E         : ===> msm_camera_power_down out
02-09 17:18:45.531     0     0 I         : => msm_sensor_power_down out
02-09 17:18:45.531     0     0 E         : xyycam --- CFG_POWER_DOWN end
02-09 17:18:45.540     0     0 I msm_pm_qos_update_request: update request -1
02-09 17:18:45.540     0     0 I msm_pm_qos_add_request: add request
02-09 17:18:46.576     0     0 I         : [Esd]0x8040 = 0xFF, 0x8041 = 0xAA
02-09 17:18:48.578     0     0 I         : [Esd]0x8040 = 0xFF, 0x8041 = 0xAA
02-09 17:18:49.377     0     0 I         : kworker/dying (425) used greatest stack depth: 10712 bytes left
02-09 17:18:50.576     0     0 I         : [Esd]0x8040 = 0xFF, 0x8041 = 0xAA
02-09 17:18:52.577     0     0 I         : [Esd]0x8040 = 0xFF, 0x8041 = 0xAA
02-09 17:18:54.409     0     0 I msm_pm_qos_update_request: update request 100
02-09 17:18:54.421     0     0 I msm_pm_qos_add_request: add request
02-09 17:18:54.423     0     0 I msm_csid_init: CSID_VERSION = 0x30050001
02-09 17:18:54.423     0     0 I MSM-CPP cpp_init_hardware: 1133 CPP HW Version: 0x40030003
02-09 17:18:54.423     0     0 E MSM-CPP cpp_init_hardware: 1151 stream_cnt:0
02-09 17:18:54.443     0     0 E         : msm_csid_irq CSID2_IRQ_STATUS_ADDR = 0x800
02-09 17:18:54.451     0     0 E         : xyycam --- CFG_POWER_UP start
02-09 17:18:54.451     0     0 I         : => msm_sensor_power_up entry
02-09 17:18:54.451     0     0 E         : ===> msm_camera_power_up entry
02-09 17:18:54.467     0     0 I msm_cci_init: 1443: hw_version = 0x10020005
02-09 17:18:54.470     0     0 E         : ===> msm_camera_power_up out
02-09 17:18:54.475     0     0 E msm_sensor_match_id: read id: 0x487b expected id 0x487b:
02-09 17:18:54.475     0     0 I         : => msm_sensor_power_up out
02-09 17:18:54.475     0     0 E         : xyycam --- CFG_POWER_UP end
02-09 17:18:54.548     0     0 E         : msm_csid_irq CSID2_IRQ_STATUS_ADDR = 0x800
02-09 17:18:54.576     0     0 I         : [Esd]0x8040 = 0xFF, 0x8041 = 0xAA
02-09 17:18:56.576     0     0 I         : [Esd]0x8040 = 0xFF, 0x8041 = 0xAA
02-09 17:18:57.038     0     0 E msm_isp_do_tasklet: VFE1 open cnt = 0, irq 80000000/0
02-09 17:18:57.053     0     0 E         : xyycam --- CFG_POWER_DOWN start
02-09 17:18:57.053     0     0 I         : => msm_sensor_power_down entry
02-09 17:18:57.053     0     0 E         : ===> msm_camera_power_down entry
02-09 17:18:57.058     0     0 I MSM-CPP cpp_release_hardware: 1214 cpp hw release done
02-09 17:18:57.063     0     0 E         : ===> msm_camera_power_down out
02-09 17:18:57.063     0     0 I         : => msm_sensor_power_down out
02-09 17:18:57.063     0     0 E         : xyycam --- CFG_POWER_DOWN end
02-09 17:18:57.086     0     0 I msm_pm_qos_update_request: update request -1
02-09 17:18:57.086     0     0 I msm_pm_qos_add_request: add request
02-09 17:18:58.579     0     0 I         : [Esd]0x8040 = 0xFF, 0x8041 = 0xAA
02-09 17:19:06.579     0     0 I chatty  : uid=0(root) logd identical 4 lines
02-09 17:19:08.586     0     0 I         : [Esd]0x8040 = 0xFF, 0x8041 = 0xAA
02-09 17:19:09.357     0     0 E QG-K    : qg_scale_soc: SOC scale: Start msoc=100 catch_up_soc=100 delta_soc=1
02-14 10:37:28.055  3146  5717 D TelephonyManager: getCellLocation returning null because telephony is null
02-14 10:37:28.435  5725  5790 D TelephonyManager: getCellLocation returning null because telephony is null
02-14 10:37:28.486  5725  5790 D TelephonyManager: getCellLocation returning null because telephony is null
02-14 10:37:32.717  3402  3873 D TelephonyManager: getCellLocation returning null because telephony is null
02-14 10:37:36.793  3402  5993 D TelephonyManager: getCellLocation returning null because telephony is null
02-14 10:37:37.767  3402  6013 D TelephonyManager: getCellLocation returning null because telephony is null
02-14 10:37:37.853  3402  6013 I chatty  : uid=10068(com.sohu.inputmethod.sogou) identical 6 lines
02-14 10:37:37.865  3402  6013 D TelephonyManager: getCellLocation returning null because telephony is null
02-14 10:37:38.539  3402  6004 D TelephonyManager: getCellLocation returning null because telephony is null
02-14 10:37:41.822  3146  6046 D TelephonyManager: getCellLocation returning null because telephony is null
02-14 10:37:42.354  6051  6088 D TelephonyManager: getCellLocation returning null because telephony is null
02-14 10:38:31.128  3402  3873 D TelephonyManager: getCellLocation returning null because telephony is null
--------- beginning of system
02-14 10:38:39.316  2209  2987 I EyeProtectController: yaw = 32.121376, pitch = -4.336278, roll = -1.9800832
02-14 10:38:39.440  2209  2987 I EyeProtectController: yaw = 22.989466, pitch = 12.495903, roll = -18.970715
02-14 10:38:39.564  2209  2987 I EyeProtectController: yaw = 38.146225, pitch = -4.2450004, roll = -6.4196615
02-14 10:38:39.688  2209  2987 I EyeProtectController: yaw = 24.824207, pitch = -0.42329916, roll = -2.8461144
02-14 10:38:39.811  2209  2987 I EyeProtectController: yaw = 28.45411, pitch = -7.4334965, roll = -1.246993
02-14 10:38:39.936  2209  2987 I chatty  : uid=1000(system) FaceTowardContr identical 1 line
02-14 10:38:40.059  2209  2987 I EyeProtectController: yaw = 28.45411, pitch = -7.4334965, roll = -1.246993
02-14 10:38:40.183  2209  2987 I EyeProtectController: yaw = 35.00756, pitch = -13.927631, roll = -6.3254952
02-14 10:38:40.268  2209  2987 I EyeProtectController: no face
02-14 10:38:45.460  1425  1551 I chatty  : uid=1000(system) ActivityManager expire 10 lines
02-14 10:38:46.451  1425  1552 I chatty  : uid=1000(system) ActivityManager expire 3 lines
02-14 10:38:46.661  1425  4849 I chatty  : uid=1000(system) Binder:1425_D expire 5 lines
02-14 10:38:46.667  6627  6627 D ActivityThread: Loading provider contacts;com.android.contacts: com.android.providers.contacts.ContactsProvider2
02-14 10:38:54.247     0     0 W healthd : battery l=100 v=4293 t=25.0 h=2 st=3 c=-580 fc=7694000 cc=1 chg=
02-14 10:38:54.439     0     0 I         : [Esd]0x8040 = 0xFF, 0x8041 = 0xAA
02-14 10:39:00.006  2209  2209 I EyeProtectController: time tick
02-14 10:39:00.007  2209  2209 I EyeProtectController: screenWorkDurationInMillis = 92065
02-14 10:39:16.441     0     0 I chatty  : uid=0(root) logd identical 11 lines
02-14 10:39:18.440     0     0 I         : [Esd]0x8040 = 0xFF, 0x8041 = 0xAA
02-14 10:39:19.633     0     0 I msm_pm_qos_update_request: update request 100
02-14 10:39:19.640     0     0 I msm_pm_qos_add_request: add request
02-14 10:39:19.646     0     0 I msm_csid_init: CSID_VERSION = 0x30050001
02-14 10:39:19.654     0     0 I MSM-CPP cpp_init_hardware: 1133 CPP HW Version: 0x40030003
02-14 10:39:19.654     0     0 E MSM-CPP cpp_init_hardware: 1151 stream_cnt:0
02-14 10:39:19.661     0     0 E         : msm_csid_irq CSID2_IRQ_STATUS_ADDR = 0x800
02-14 10:39:19.672     0     0 E         : xyycam --- CFG_POWER_UP start
02-14 10:39:19.672     0     0 I         : => msm_sensor_power_up entry
02-14 10:39:19.672     0     0 E         : ===> msm_camera_power_up entry
02-14 10:39:19.687     0     0 I msm_cci_init: 1443: hw_version = 0x10020005
02-14 10:39:19.689     0     0 E         : ===> msm_camera_power_up out
02-14 10:39:19.694     0     0 E msm_sensor_match_id: read id: 0x487b expected id 0x487b:
02-14 10:39:19.694     0     0 I         : => msm_sensor_power_up out
02-14 10:39:19.694     0     0 E         : xyycam --- CFG_POWER_UP end
02-14 10:39:19.777     0     0 E         : msm_csid_irq CSID2_IRQ_STATUS_ADDR = 0x800
02-14 10:39:20.437     0     0 I         : [Esd]0x8040 = 0xFF, 0x8041 = 0xAA
02-14 10:39:20.880  2209  2987 I EyeProtectController: no face
02-14 10:39:21.473     0     0 E         : xyycam --- CFG_POWER_DOWN start
02-14 10:39:21.473     0     0 I         : => msm_sensor_power_down entry
02-14 10:39:21.473     0     0 E         : ===> msm_camera_power_down entry
02-14 10:39:21.482     0     0 I MSM-CPP cpp_release_hardware: 1214 cpp hw release done
02-14 10:39:21.483     0     0 E         : ===> msm_camera_power_down out
02-14 10:39:21.483     0     0 I         : => msm_sensor_power_down out
02-14 10:39:21.483     0     0 E         : xyycam --- CFG_POWER_DOWN end
02-14 10:39:21.495     0     0 I msm_pm_qos_update_request: update request -1
02-14 10:39:21.495     0     0 I msm_pm_qos_add_request: add request
02-14 10:39:22.437     0     0 I         : [Esd]0x8040 = 0xFF, 0x8041 = 0xAA
02-14 10:39:27.547  1425  1537 I chatty  : uid=1000(system) android.ui expire 2 lines
02-14 10:39:27.649  1425  1425 I chatty  : uid=1000 system_server expire 11 lines
02-14 10:39:27.660  1425  2429 I chatty  : uid=1000(system) Binder:1425_9 expire 3 lines
02-14 10:39:28.199  1425  1536 I chatty  : uid=1000(system) android.fg expire 12 lines
02-14 10:39:31.322  1425  3102 I chatty  : uid=1000(system) LazyTaskWriterT expire 4 lines
02-14 10:39:33.635  1425  2420 I chatty  : uid=1000(system) Binder:1425_7 expire 4 lines
02-14 10:39:33.726  1425  5852 I chatty  : uid=1000(system) Binder:1425_F expire 3 lines
02-14 10:39:48.437     0     0 I chatty  : uid=0(root) logd identical 13 lines
02-14 10:39:50.440     0     0 I         : [Esd]0x8040 = 0xFF, 0x8041 = 0xAA
02-14 10:39:51.255    10    10 E         : [10:39:51.245502] [000000036A03F2B6] [VosMC]  wlan: [E :SME] csr_check_sae_auth: 3799: negotiated auth type is 255
02-14 10:39:51.257    10    10 E         : [10:39:51.247531] [000000036A048AF8] [VosMC]  wlan: [E :SME] csr_check_sae_auth: 3799: negotiated auth type is 255
02-14 10:39:51.267    10    10 E         : [10:39:51.258024] [000000036A079E11] [VosMC]  wlan: [E :SME] csr_check_sae_auth: 3799: negotiated auth type is 255
02-14 10:39:51.296  3402  3873 D TelephonyManager: getCellLocation returning null because telephony is null
02-14 10:39:51.298  1425  1981 I chatty  : uid=1000(system) Binder:1425_3 expire 6 lines
02-14 10:39:52.440     0     0 I         : [Esd]0x8040 = 0xFF, 0x8041 = 0xAA
02-14 10:39:54.440     0     0 I chatty  : uid=0(root) logd identical 1 line
02-14 10:39:56.439     0     0 I         : [Esd]0x8040 = 0xFF, 0x8041 = 0xAA
02-14 10:39:56.778     0     0 E QG-K    : qg_scale_soc: SOC scale: Start msoc=100 catch_up_soc=100 delta_soc=1
02-14 10:39:58.440     0     0 I         : [Esd]0x8040 = 0xFF, 0x8041 = 0xAA
02-14 10:40:00.008  2209  2209 I EyeProtectController: time tick
02-14 10:40:00.008  2209  2209 I EyeProtectController: screenWorkDurationInMillis = 152066
02-14 10:40:32.132  1425  1566 I chatty  : uid=1000(system) PowerManagerSer expire 13 lines
02-14 10:40:32.443     0     0 I chatty  : uid=0(root) logd identical 17 lines
02-14 10:40:34.439     0     0 I         : [Esd]0x8040 = 0xFF, 0x8041 = 0xAA
02-14 10:40:36.038     0     0 I         : kworker/dying (106) used greatest stack depth: 9664 bytes left
02-14 10:40:36.439     0     0 I         : [Esd]0x8040 = 0xFF, 0x8041 = 0xAA
02-14 10:40:38.440     0     0 I         : [Esd]0x8040 = 0xFF, 0x8041 = 0xAA
02-14 10:40:39.656     0     0 W healthd : battery l=100 v=4312 t=24.7 h=2 st=3 c=-400 fc=7694000 cc=1 chg=
02-14 10:40:39.661  1425  1556 I chatty  : uid=1000(system) batterystats-wo expire 13 lines
02-14 10:40:39.723  1425  1538 I chatty  : uid=1000(system) android.io expire 9 lines
02-14 10:40:39.728  1425  1539 I chatty  : uid=1000(system) android.display expire 9 lines
02-14 10:40:40.020     0     0 E         : gtp gtp_suspend end
02-14 10:40:40.020     0     0 I goodix-ts 3-005d: ESD off
02-14 10:40:40.027     0     0 I goodix-ts 3-005d: Enter sleep mode
02-14 10:40:40.097     0     0 E         : gtp gtp_suspend end
02-14 10:40:40.112     0     0 E hbtp    : hbtp->input_dev not ready!
02-14 10:40:40.244     0     0 I         : enter into es7210_mute, mute = 1
02-14 10:40:40.244     0     0 I event_handler: reclaimed all bufs
02-14 10:40:40.302  2209  2209 I EyeProtectController: screen off
02-14 10:40:40.901     0     0 I PM      : suspend entry 2022-02-14 02:40:40.901775030 UTC
02-14 10:40:40.901     0     0 I PM      : Syncing filesystems ... done.
02-14 10:40:40.993     0     0 D PM      : Preparing system for sleep (mem)
02-14 10:40:40.993     0     0 I         : Freezing user space processes ... (elapsed 0.015 seconds) done.
02-14 10:40:41.008     0     0 I         : Freezing remaining freezable tasks ... (elapsed 0.005 seconds) done.
02-14 10:40:41.014     0     0 D PM      : Suspending system (mem)
02-14 10:40:41.014     0     0 I         : Suspending console(s) (use no_console_suspend to debug)
02-14 10:40:41.031     0     0 I         : jsl es7210_suspend enter
02-14 10:40:41.077     0     0 I PM      : suspend of devices complete after 53.382 msecs
02-14 10:40:41.097     0     0 I PM      : late suspend of devices complete after 20.444 msecs
02-14 10:40:41.119     0     0 I PM      : noirq suspend of devices complete after 21.102 msecs
02-14 10:40:41.119     0     0 I         : Disabling non-boot CPUs ...
02-14 10:40:41.142     0     0 W irq_migrate_all_off_this_cpu: 46 callbacks suppressed
02-14 10:40:41.142     0     0 W         : IRQ15 no longer affine to CPU1
02-14 10:40:41.142     0     0 W         : IRQ16 no longer affine to CPU1
02-14 10:40:41.142     0     0 W         : IRQ146 no longer affine to CPU1
02-14 10:40:41.142     0     0 W         : IRQ157 no longer affine to CPU1
02-14 10:40:41.142     0     0 W         : IRQ159 no longer affine to CPU1
02-14 10:40:41.146     0     0 I CPU0    : update max cpu_capacity 641
02-14 10:40:41.191     0     0 W         : IRQ11 no longer affine to CPU2
02-14 10:40:41.196     0     0 I CPU0    : update max cpu_capacity 641
02-14 10:40:41.261     0     0 W         : IRQ1 no longer affine to CPU3
02-14 10:40:41.261     0     0 W         : IRQ6 no longer affine to CPU3
02-14 10:40:41.261     0     0 W         : IRQ9 no longer affine to CPU3
02-14 10:40:41.261     0     0 W         : IRQ13 no longer affine to CPU3
02-14 10:40:41.266     0     0 I CPU0    : update max cpu_capacity 641
02-14 10:40:41.306     0     0 I chatty  : uid=0(root) logd identical 1 line
02-14 10:40:41.356     0     0 I CPU0    : update max cpu_capacity 641
02-14 10:40:41.386     0     0 I CPU6    : update max cpu_capacity 1024
02-14 10:40:41.406     0     0 I CPU0    : update max cpu_capacity 641
02-14 10:40:41.452     0     0 I         : Suspended for 4.321 seconds
02-14 10:40:41.452     0     0 I resume cycles: 15710497219
02-14 10:40:41.452     0     0 I suspend ns: 479515579169	suspend cycles:      15627513079
02-14 10:40:41.452     0     0 I         : Enabling non-boot CPUs ...
02-14 10:40:41.453     0     0 I CPU1    : Booted secondary processor [51af8014]
02-14 10:40:41.454     0     0 W cache   : parent cpu1 should not be sleeping
02-14 10:40:41.456     0     0 I CPU0    : update max cpu_capacity 641
02-14 10:40:41.456     0     0 I         : CPU1 is up
02-14 10:40:41.457     0     0 I CPU2    : Booted secondary processor [51af8014]
02-14 10:40:41.458     0     0 W cache   : parent cpu2 should not be sleeping
02-14 10:40:41.461     0     0 I         : CPU2 is up
02-14 10:40:41.462     0     0 I CPU3    : Booted secondary processor [51af8014]
02-14 10:40:41.463     0     0 W cache   : parent cpu3 should not be sleeping
02-14 10:40:41.465     0     0 I         : CPU3 is up
02-14 10:40:41.466     0     0 I CPU3    : update max cpu_capacity 641
02-14 10:40:41.467     0     0 W CPU features: SANITY CHECK: Unexpected variation in SYS_ID_AA64MMFR0_EL1. Boot CPU: 0x00000000001122, CPU4: 0x00000000101122
02-14 10:40:41.467     0     0 I CPU4    : Booted secondary processor [51af8002]
02-14 10:40:41.468     0     0 W cache   : parent cpu4 should not be sleeping
02-14 10:40:41.471     0     0 I         : CPU4 is up
02-14 10:40:41.471     0     0 W CPU features: SANITY CHECK: Unexpected variation in SYS_ID_AA64MMFR0_EL1. Boot CPU: 0x00000000001122, CPU5: 0x00000000101122
02-14 10:40:41.472     0     0 I CPU5    : Booted secondary processor [51af8002]
02-14 10:40:41.472     0     0 W cache   : parent cpu5 should not be sleeping
02-14 10:40:41.475     0     0 I         : CPU5 is up
02-14 10:40:41.476     0     0 W CPU features: SANITY CHECK: Unexpected variation in SYS_ID_AA64MMFR0_EL1. Boot CPU: 0x00000000001122, CPU6: 0x00000000101122
02-14 10:40:41.476     0     0 I CPU6    : Booted secondary processor [51af8002]
02-14 10:40:41.476     0     0 I CPU3    : update max cpu_capacity 641
02-14 10:40:41.476     0     0 I CPU5    : update max cpu_capacity 1024
02-14 10:40:41.477     0     0 W cache   : parent cpu6 should not be sleeping
02-14 10:40:41.480     0     0 I         : CPU6 is up
02-14 10:40:41.481     0     0 W CPU features: SANITY CHECK: Unexpected variation in SYS_ID_AA64MMFR0_EL1. Boot CPU: 0x00000000001122, CPU7: 0x00000000101122
02-14 10:40:41.481     0     0 I CPU7    : Booted secondary processor [51af8002]
02-14 10:40:41.482     0     0 W cache   : parent cpu7 should not be sleeping
02-14 10:40:41.486     0     0 I CPU3    : update max cpu_capacity 641
02-14 10:40:41.486     0     0 I CPU5    : update max cpu_capacity 1024
02-14 10:40:41.489     0     0 I         : CPU7 is up
02-14 10:40:41.496     0     0 I CPU3    : update max cpu_capacity 641
02-14 10:40:41.496     0     0 I CPU5    : update max cpu_capacity 1024
02-14 10:40:41.498     0     0 I PM      : noirq resume of devices complete after 8.406 msecs
02-14 10:40:41.522     0     0 I PM      : early resume of devices complete after 21.281 msecs
02-14 10:40:41.548     0     0 I         : begin->>>>>>>>>>es7210_tdm_init_codec!
02-14 10:40:41.552     0     0 I PM      : resume of devices complete after 30.296 msecs
02-14 10:40:41.559     0     0 I         : enter es7210_multi_chips_update_bits  es7210_tdm_init_codec
02-14 10:40:41.562     0     0 I         : exit->>>>>>>>>>es7210_tdm_init_codec!
02-14 10:40:41.695     0     0 D PM      : Finishing wakeup.
02-14 10:40:41.695     0     0 I         : Restarting tasks ... done.
02-14 10:40:41.718     0     0 E QG-K    : qg_scale_soc: SOC scale: Start msoc=100 catch_up_soc=100 delta_soc=1
02-14 10:40:46.047     0     0 I PM      : suspend exit 2022-02-14 02:40:46.047404611 UTC
02-14 10:40:46.084  2069  2069 V KeyguardStatusView: refresh statusview showing:true
02-14 10:40:46.149     0     0 I PM      : suspend entry 2022-02-14 02:40:46.149468413 UTC
02-14 10:40:46.149     0     0 I PM      : Syncing filesystems ... done.
02-14 10:40:46.214     0     0 D PM      : Preparing system for sleep (mem)
02-14 10:40:46.214     0     0 I         : Freezing user space processes ... (elapsed 0.011 seconds) done.
02-14 10:40:46.226     0     0 I         : Freezing remaining freezable tasks ... (elapsed 0.004 seconds) done.
02-14 10:40:46.230     0     0 D PM      : Suspending system (mem)
02-14 10:40:46.230     0     0 I         : Suspending console(s) (use no_console_suspend to debug)
02-14 10:40:46.238     0     0 I PM      : Wakeup pending, aborting suspend
02-14 10:40:46.238     0     0 I         : active wakeup source: NETLINK
02-14 10:40:46.238     0     0 E PM      : Some devices failed to suspend, or early wake event detected
02-14 10:40:46.238     0     0 I PM      : resume of devices complete after 0.008 msecs
02-14 10:40:46.246     0     0 D PM      : Finishing wakeup.
02-14 10:40:46.246     0     0 I         : Restarting tasks ... done.
02-14 10:40:46.272     0     0 I PM      : suspend exit 2022-02-14 02:40:46.272168778 UTC
02-14 10:40:46.475     0     0 I PM      : suspend entry 2022-02-14 02:40:46.475191121 UTC
02-14 10:40:46.475     0     0 I PM      : Syncing filesystems ... done.
02-14 10:40:46.480     0     0 D PM      : Preparing system for sleep (mem)
02-14 10:40:46.480     0     0 I         : Freezing user space processes ... (elapsed 0.023 seconds) done.
02-14 10:40:46.504     0     0 I         : Freezing remaining freezable tasks ... (elapsed 0.007 seconds) done.
02-14 10:40:46.511     0     0 D PM      : Suspending system (mem)
02-14 10:40:46.511     0     0 I         : Suspending console(s) (use no_console_suspend to debug)
02-14 10:40:46.543     0     0 I         : jsl es7210_suspend enter
02-14 10:40:46.619     0     0 I PM      : suspend of devices complete after 89.025 msecs
02-14 10:40:46.661     0     0 I PM      : late suspend of devices complete after 41.761 msecs
02-14 10:40:46.702     0     0 I PM      : noirq suspend of devices complete after 41.292 msecs
02-14 10:40:46.702     0     0 I         : Disabling non-boot CPUs ...
02-14 10:40:46.728     0     0 I CPU0    : update max cpu_capacity 641
02-14 10:40:46.731     0     0 I CPU5    : update max cpu_capacity 1024
02-14 10:40:46.779     0     0 I CPU3    : update max cpu_capacity 641
02-14 10:40:46.779     0     0 I CPU4    : update max cpu_capacity 1024
02-14 10:40:46.838     0     0 I CPU0    : update max cpu_capacity 641
02-14 10:40:46.840     0     0 I CPU7    : update max cpu_capacity 1024
02-14 10:40:46.880     0     0 I CPU0    : update max cpu_capacity 641
02-14 10:40:46.880     0     0 I CPU5    : update max cpu_capacity 1024
02-14 10:40:46.918     0     0 I CPU0    : update max cpu_capacity 641
02-14 10:40:46.958     0     0 I CPU0    : update max cpu_capacity 641
02-14 10:40:47.007     0     0 I         : Suspended for 0.223 seconds
02-14 10:40:47.007     0     0 I resume cycles: 15738482092
02-14 10:40:47.007     0     0 I suspend ns: 480748992766	suspend cycles:      15734178760
02-14 10:40:47.008     0     0 I         : Enabling non-boot CPUs ...
02-14 10:40:47.009     0     0 I CPU1    : Booted secondary processor [51af8014]
02-14 10:40:47.011     0     0 W cache   : parent cpu1 should not be sleeping
02-14 10:40:47.015     0     0 I         : CPU1 is up
02-14 10:40:47.017     0     0 I CPU2    : Booted secondary processor [51af8014]
02-14 10:40:47.018     0     0 I CPU1    : update max cpu_capacity 641
02-14 10:40:47.019     0     0 W cache   : parent cpu2 should not be sleeping
02-14 10:40:47.023     0     0 I         : CPU2 is up
02-14 10:40:47.025     0     0 I CPU3    : Booted secondary processor [51af8014]
02-14 10:40:47.027     0     0 W cache   : parent cpu3 should not be sleeping
